============================= test session starts =============================
platform win32 -- Python 3.12.10, pytest-7.4.4, pluggy-1.6.0 -- C:\Users\realj\AppData\Local\Programs\Python\Python312\python.exe
cachedir: .pytest_cache
hypothesis profile 'default'
rootdir: C:\Users\realj\Desktop\api
configfile: pyproject.toml
plugins: anyio-4.12.1, Faker-22.1.0, hypothesis-6.155.6, langsmith-0.7.1, asyncio-0.23.3, cov-4.1.0, httpx-0.35.0, mock-3.12.0
asyncio: mode=Mode.AUTO
collecting ... collected 1 item

tests/test_routes_upload.py::TestUploadRoutes::test_upload_valid_pdf FAILED [100%]

================================== FAILURES ===================================
___________________ TestUploadRoutes.test_upload_valid_pdf ____________________
  + Exception Group Traceback (most recent call last):
  |   File "C:\Users\realj\AppData\Local\Programs\Python\Python312\Lib\site-packages\starlette\_utils.py", line 85, in collapse_excgroups
  |     yield
  |   File "C:\Users\realj\AppData\Local\Programs\Python\Python312\Lib\site-packages\starlette\middleware\base.py", line 190, in __call__
  |     async with anyio.create_task_group() as task_group:
  |                ^^^^^^^^^^^^^^^^^^^^^^^^^
  |   File "C:\Users\realj\AppData\Local\Programs\Python\Python312\Lib\site-packages\anyio\_backends\_asyncio.py", line 783, in __aexit__
  |     raise BaseExceptionGroup(
  | ExceptionGroup: unhandled errors in a TaskGroup (1 sub-exception)
  +-+---------------- 1 ----------------
    | Traceback (most recent call last):
    |   File "C:\Users\realj\AppData\Local\Programs\Python\Python312\Lib\site-packages\_pytest\runner.py", line 341, in from_call
    |     result: Optional[TResult] = func()
    |                                 ^^^^^^
    |   File "C:\Users\realj\AppData\Local\Programs\Python\Python312\Lib\site-packages\_pytest\runner.py", line 262, in <lambda>
    |     lambda: ihook(item=item, **kwds), when=when, reraise=reraise
    |             ^^^^^^^^^^^^^^^^^^^^^^^^
    |   File "C:\Users\realj\AppData\Local\Programs\Python\Python312\Lib\site-packages\pluggy\_hooks.py", line 512, in __call__
    |     return self._hookexec(self.name, self._hookimpls.copy(), kwargs, firstresult)
    |            ^^^^^^^^^^^^^^^^^^^^^^^^^^^^^^^^^^^^^^^^^^^^^^^^^^^^^^^^^^^^^^^^^^^^^^
    |   File "C:\Users\realj\AppData\Local\Programs\Python\Python312\Lib\site-packages\pluggy\_manager.py", line 120, in _hookexec
    |     return self._inner_hookexec(hook_name, methods, kwargs, firstresult)
    |            ^^^^^^^^^^^^^^^^^^^^^^^^^^^^^^^^^^^^^^^^^^^^^^^^^^^^^^^^^^^^^
    |   File "C:\Users\realj\AppData\Local\Programs\Python\Python312\Lib\site-packages\pluggy\_callers.py", line 167, in _multicall
    |     raise exception
    |   File "C:\Users\realj\AppData\Local\Programs\Python\Python312\Lib\site-packages\pluggy\_callers.py", line 139, in _multicall
    |     teardown.throw(exception)
    |   File "C:\Users\realj\AppData\Local\Programs\Python\Python312\Lib\site-packages\pluggy\_callers.py", line 53, in run_old_style_hookwrapper
    |     return result.get_result()
    |            ^^^^^^^^^^^^^^^^^^^
    |   File "C:\Users\realj\AppData\Local\Programs\Python\Python312\Lib\site-packages\pluggy\_result.py", line 103, in get_result
    |     raise exc.with_traceback(tb)
    |   File "C:\Users\realj\AppData\Local\Programs\Python\Python312\Lib\site-packages\pluggy\_callers.py", line 38, in run_old_style_hookwrapper
    |     res = yield
    |           ^^^^^
    |   File "C:\Users\realj\AppData\Local\Programs\Python\Python312\Lib\site-packages\pluggy\_callers.py", line 139, in _multicall
    |     teardown.throw(exception)
    |   File "C:\Users\realj\AppData\Local\Programs\Python\Python312\Lib\site-packages\pluggy\_callers.py", line 53, in run_old_style_hookwrapper
    |     return result.get_result()
    |            ^^^^^^^^^^^^^^^^^^^
    |   File "C:\Users\realj\AppData\Local\Programs\Python\Python312\Lib\site-packages\pluggy\_result.py", line 103, in get_result
    |     raise exc.with_traceback(tb)
    |   File "C:\Users\realj\AppData\Local\Programs\Python\Python312\Lib\site-packages\pluggy\_callers.py", line 38, in run_old_style_hookwrapper
    |     res = yield
    |           ^^^^^
    |   File "C:\Users\realj\AppData\Local\Programs\Python\Python312\Lib\site-packages\pluggy\_callers.py", line 139, in _multicall
    |     teardown.throw(exception)
    |   File "C:\Users\realj\AppData\Local\Programs\Python\Python312\Lib\site-packages\pluggy\_callers.py", line 53, in run_old_style_hookwrapper
    |     return result.get_result()
    |            ^^^^^^^^^^^^^^^^^^^
    |   File "C:\Users\realj\AppData\Local\Programs\Python\Python312\Lib\site-packages\pluggy\_result.py", line 103, in get_result
    |     raise exc.with_traceback(tb)
    |   File "C:\Users\realj\AppData\Local\Programs\Python\Python312\Lib\site-packages\pluggy\_callers.py", line 38, in run_old_style_hookwrapper
    |     res = yield
    |           ^^^^^
    |   File "C:\Users\realj\AppData\Local\Programs\Python\Python312\Lib\site-packages\pluggy\_callers.py", line 139, in _multicall
    |     teardown.throw(exception)
    |   File "C:\Users\realj\AppData\Local\Programs\Python\Python312\Lib\site-packages\pluggy\_callers.py", line 53, in run_old_style_hookwrapper
    |     return result.get_result()
    |            ^^^^^^^^^^^^^^^^^^^
    |   File "C:\Users\realj\AppData\Local\Programs\Python\Python312\Lib\site-packages\pluggy\_result.py", line 103, in get_result
    |     raise exc.with_traceback(tb)
    |   File "C:\Users\realj\AppData\Local\Programs\Python\Python312\Lib\site-packages\pluggy\_callers.py", line 38, in run_old_style_hookwrapper
    |     res = yield
    |           ^^^^^
    |   File "C:\Users\realj\AppData\Local\Programs\Python\Python312\Lib\site-packages\pluggy\_callers.py", line 139, in _multicall
    |     teardown.throw(exception)
    |   File "C:\Users\realj\AppData\Local\Programs\Python\Python312\Lib\site-packages\pluggy\_callers.py", line 53, in run_old_style_hookwrapper
    |     return result.get_result()
    |            ^^^^^^^^^^^^^^^^^^^
    |   File "C:\Users\realj\AppData\Local\Programs\Python\Python312\Lib\site-packages\pluggy\_result.py", line 103, in get_result
    |     raise exc.with_traceback(tb)
    |   File "C:\Users\realj\AppData\Local\Programs\Python\Python312\Lib\site-packages\pluggy\_callers.py", line 38, in run_old_style_hookwrapper
    |     res = yield
    |           ^^^^^
    |   File "C:\Users\realj\AppData\Local\Programs\Python\Python312\Lib\site-packages\pluggy\_callers.py", line 139, in _multicall
    |     teardown.throw(exception)
    |   File "C:\Users\realj\AppData\Local\Programs\Python\Python312\Lib\site-packages\pluggy\_callers.py", line 53, in run_old_style_hookwrapper
    |     return result.get_result()
    |            ^^^^^^^^^^^^^^^^^^^
    |   File "C:\Users\realj\AppData\Local\Programs\Python\Python312\Lib\site-packages\pluggy\_result.py", line 103, in get_result
    |     raise exc.with_traceback(tb)
    |   File "C:\Users\realj\AppData\Local\Programs\Python\Python312\Lib\site-packages\pluggy\_callers.py", line 38, in run_old_style_hookwrapper
    |     res = yield
    |           ^^^^^
    |   File "C:\Users\realj\AppData\Local\Programs\Python\Python312\Lib\site-packages\pluggy\_callers.py", line 139, in _multicall
    |     teardown.throw(exception)
    |   File "C:\Users\realj\AppData\Local\Programs\Python\Python312\Lib\site-packages\pluggy\_callers.py", line 53, in run_old_style_hookwrapper
    |     return result.get_result()
    |            ^^^^^^^^^^^^^^^^^^^
    |   File "C:\Users\realj\AppData\Local\Programs\Python\Python312\Lib\site-packages\pluggy\_result.py", line 103, in get_result
    |     raise exc.with_traceback(tb)
    |   File "C:\Users\realj\AppData\Local\Programs\Python\Python312\Lib\site-packages\pluggy\_callers.py", line 38, in run_old_style_hookwrapper
    |     res = yield
    |           ^^^^^
    |   File "C:\Users\realj\AppData\Local\Programs\Python\Python312\Lib\site-packages\pluggy\_callers.py", line 139, in _multicall
    |     teardown.throw(exception)
    |   File "C:\Users\realj\AppData\Local\Programs\Python\Python312\Lib\site-packages\pluggy\_callers.py", line 53, in run_old_style_hookwrapper
    |     return result.get_result()
    |            ^^^^^^^^^^^^^^^^^^^
    |   File "C:\Users\realj\AppData\Local\Programs\Python\Python312\Lib\site-packages\pluggy\_result.py", line 103, in get_result
    |     raise exc.with_traceback(tb)
    |   File "C:\Users\realj\AppData\Local\Programs\Python\Python312\Lib\site-packages\pluggy\_callers.py", line 38, in run_old_style_hookwrapper
    |     res = yield
    |           ^^^^^
    |   File "C:\Users\realj\AppData\Local\Programs\Python\Python312\Lib\site-packages\pluggy\_callers.py", line 121, in _multicall
    |     res = hook_impl.function(*args)
    |           ^^^^^^^^^^^^^^^^^^^^^^^^^
    |   File "C:\Users\realj\AppData\Local\Programs\Python\Python312\Lib\site-packages\_pytest\runner.py", line 177, in pytest_runtest_call
    |     raise e
    |   File "C:\Users\realj\AppData\Local\Programs\Python\Python312\Lib\site-packages\_pytest\runner.py", line 169, in pytest_runtest_call
    |     item.runtest()
    |   File "C:\Users\realj\AppData\Local\Programs\Python\Python312\Lib\site-packages\pytest_asyncio\plugin.py", line 430, in runtest
    |     super().runtest()
    |   File "C:\Users\realj\AppData\Local\Programs\Python\Python312\Lib\site-packages\_pytest\python.py", line 1792, in runtest
    |     self.ihook.pytest_pyfunc_call(pyfuncitem=self)
    |   File "C:\Users\realj\AppData\Local\Programs\Python\Python312\Lib\site-packages\pluggy\_hooks.py", line 512, in __call__
    |     return self._hookexec(self.name, self._hookimpls.copy(), kwargs, firstresult)
    |            ^^^^^^^^^^^^^^^^^^^^^^^^^^^^^^^^^^^^^^^^^^^^^^^^^^^^^^^^^^^^^^^^^^^^^^
    |   File "C:\Users\realj\AppData\Local\Programs\Python\Python312\Lib\site-packages\pluggy\_manager.py", line 120, in _hookexec
    |     return self._inner_hookexec(hook_name, methods, kwargs, firstresult)
    |            ^^^^^^^^^^^^^^^^^^^^^^^^^^^^^^^^^^^^^^^^^^^^^^^^^^^^^^^^^^^^^
    |   File "C:\Users\realj\AppData\Local\Programs\Python\Python312\Lib\site-packages\pluggy\_callers.py", line 167, in _multicall
    |     raise exception
    |   File "C:\Users\realj\AppData\Local\Programs\Python\Python312\Lib\site-packages\pluggy\_callers.py", line 139, in _multicall
    |     teardown.throw(exception)
    |   File "C:\Users\realj\AppData\Local\Programs\Python\Python312\Lib\site-packages\pluggy\_callers.py", line 53, in run_old_style_hookwrapper
    |     return result.get_result()
    |            ^^^^^^^^^^^^^^^^^^^
    |   File "C:\Users\realj\AppData\Local\Programs\Python\Python312\Lib\site-packages\pluggy\_result.py", line 103, in get_result
    |     raise exc.with_traceback(tb)
    |   File "C:\Users\realj\AppData\Local\Programs\Python\Python312\Lib\site-packages\pluggy\_callers.py", line 38, in run_old_style_hookwrapper
    |     res = yield
    |           ^^^^^
    |   File "C:\Users\realj\AppData\Local\Programs\Python\Python312\Lib\site-packages\pluggy\_callers.py", line 121, in _multicall
    |     res = hook_impl.function(*args)
    |           ^^^^^^^^^^^^^^^^^^^^^^^^^
    |   File "C:\Users\realj\AppData\Local\Programs\Python\Python312\Lib\site-packages\_pytest\python.py", line 194, in pytest_pyfunc_call
    |     result = testfunction(**testargs)
    |              ^^^^^^^^^^^^^^^^^^^^^^^^
    |   File "C:\Users\realj\AppData\Local\Programs\Python\Python312\Lib\site-packages\pytest_asyncio\plugin.py", line 887, in inner
    |     _loop.run_until_complete(task)
    |   File "C:\Users\realj\AppData\Local\Programs\Python\Python312\Lib\asyncio\base_events.py", line 691, in run_until_complete
    |     return future.result()
    |            ^^^^^^^^^^^^^^^
    |   File "C:\Users\realj\Desktop\api\tests\test_routes_upload.py", line 20, in test_upload_valid_pdf
    |     response = await client.post(
    |                ^^^^^^^^^^^^^^^^^^
    |   File "C:\Users\realj\AppData\Local\Programs\Python\Python312\Lib\site-packages\httpx\_client.py", line 1877, in post
    |     return await self.request(
    |            ^^^^^^^^^^^^^^^^^^^
    |   File "C:\Users\realj\AppData\Local\Programs\Python\Python312\Lib\site-packages\httpx\_client.py", line 1559, in request
    |     return await self.send(request, auth=auth, follow_redirects=follow_redirects)
    |            ^^^^^^^^^^^^^^^^^^^^^^^^^^^^^^^^^^^^^^^^^^^^^^^^^^^^^^^^^^^^^^^^^^^^^^
    |   File "C:\Users\realj\AppData\Local\Programs\Python\Python312\Lib\site-packages\httpx\_client.py", line 1646, in send
    |     response = await self._send_handling_auth(
    |                ^^^^^^^^^^^^^^^^^^^^^^^^^^^^^^^
    |   File "C:\Users\realj\AppData\Local\Programs\Python\Python312\Lib\site-packages\httpx\_client.py", line 1674, in _send_handling_auth
    |     response = await self._send_handling_redirects(
    |                ^^^^^^^^^^^^^^^^^^^^^^^^^^^^^^^^^^^^
    |   File "C:\Users\realj\AppData\Local\Programs\Python\Python312\Lib\site-packages\httpx\_client.py", line 1711, in _send_handling_redirects
    |     response = await self._send_single_request(request)
    |                ^^^^^^^^^^^^^^^^^^^^^^^^^^^^^^^^^^^^^^^^
    |   File "C:\Users\realj\AppData\Local\Programs\Python\Python312\Lib\site-packages\httpx\_client.py", line 1748, in _send_single_request
    |     response = await transport.handle_async_request(request)
    |                ^^^^^^^^^^^^^^^^^^^^^^^^^^^^^^^^^^^^^^^^^^^^^
    |   File "C:\Users\realj\AppData\Local\Programs\Python\Python312\Lib\site-packages\httpx\_transports\asgi.py", line 162, in handle_async_request
    |     await self.app(scope, receive, send)
    |   File "C:\Users\realj\AppData\Local\Programs\Python\Python312\Lib\site-packages\fastapi\applications.py", line 1054, in __call__
    |     await super().__call__(scope, receive, send)
    |   File "C:\Users\realj\AppData\Local\Programs\Python\Python312\Lib\site-packages\starlette\applications.py", line 123, in __call__
    |     await self.middleware_stack(scope, receive, send)
    |   File "C:\Users\realj\AppData\Local\Programs\Python\Python312\Lib\site-packages\starlette\middleware\errors.py", line 186, in __call__
    |     raise exc
    |   File "C:\Users\realj\AppData\Local\Programs\Python\Python312\Lib\site-packages\starlette\middleware\errors.py", line 164, in __call__
    |     await self.app(scope, receive, _send)
    |   File "C:\Users\realj\AppData\Local\Programs\Python\Python312\Lib\site-packages\starlette\middleware\base.py", line 189, in __call__
    |     with collapse_excgroups():
    |          ^^^^^^^^^^^^^^^^^^^^
    |   File "C:\Users\realj\AppData\Local\Programs\Python\Python312\Lib\contextlib.py", line 158, in __exit__
    |     self.gen.throw(value)
    |   File "C:\Users\realj\AppData\Local\Programs\Python\Python312\Lib\site-packages\starlette\_utils.py", line 91, in collapse_excgroups
    |     raise exc
    |   File "C:\Users\realj\AppData\Local\Programs\Python\Python312\Lib\site-packages\starlette\middleware\base.py", line 191, in __call__
    |     response = await self.dispatch_func(request, call_next)
    |                ^^^^^^^^^^^^^^^^^^^^^^^^^^^^^^^^^^^^^^^^^^^^
    |   File "C:\Users\realj\Desktop\api\app\middleware\logging.py", line 47, in dispatch
    |     response = await call_next(request)
    |                ^^^^^^^^^^^^^^^^^^^^^^^^
    |   File "C:\Users\realj\AppData\Local\Programs\Python\Python312\Lib\site-packages\starlette\middleware\base.py", line 165, in call_next
    |     raise app_exc
    |   File "C:\Users\realj\AppData\Local\Programs\Python\Python312\Lib\site-packages\starlette\middleware\base.py", line 151, in coro
    |     await self.app(scope, receive_or_disconnect, send_no_error)
    |   File "C:\Users\realj\AppData\Local\Programs\Python\Python312\Lib\site-packages\starlette\middleware\cors.py", line 83, in __call__
    |     await self.app(scope, receive, send)
    |   File "C:\Users\realj\AppData\Local\Programs\Python\Python312\Lib\site-packages\starlette\middleware\base.py", line 189, in __call__
    |     with collapse_excgroups():
    |          ^^^^^^^^^^^^^^^^^^^^
    |   File "C:\Users\realj\AppData\Local\Programs\Python\Python312\Lib\contextlib.py", line 158, in __exit__
    |     self.gen.throw(value)
    |   File "C:\Users\realj\AppData\Local\Programs\Python\Python312\Lib\site-packages\starlette\_utils.py", line 91, in collapse_excgroups
    |     raise exc
    |   File "C:\Users\realj\AppData\Local\Programs\Python\Python312\Lib\site-packages\starlette\middleware\base.py", line 191, in __call__
    |     response = await self.dispatch_func(request, call_next)
    |                ^^^^^^^^^^^^^^^^^^^^^^^^^^^^^^^^^^^^^^^^^^^^
    |   File "C:\Users\realj\Desktop\api\app\security\headers.py", line 12, in dispatch
    |     response = await call_next(request)
    |                ^^^^^^^^^^^^^^^^^^^^^^^^
    |   File "C:\Users\realj\AppData\Local\Programs\Python\Python312\Lib\site-packages\starlette\middleware\base.py", line 165, in call_next
    |     raise app_exc
    |   File "C:\Users\realj\AppData\Local\Programs\Python\Python312\Lib\site-packages\starlette\middleware\base.py", line 151, in coro
    |     await self.app(scope, receive_or_disconnect, send_no_error)
    |   File "C:\Users\realj\AppData\Local\Programs\Python\Python312\Lib\site-packages\starlette\middleware\exceptions.py", line 62, in __call__
    |     await wrap_app_handling_exceptions(self.app, conn)(scope, receive, send)
    |   File "C:\Users\realj\AppData\Local\Programs\Python\Python312\Lib\site-packages\starlette\_exception_handler.py", line 64, in wrapped_app
    |     raise exc
    |   File "C:\Users\realj\AppData\Local\Programs\Python\Python312\Lib\site-packages\starlette\_exception_handler.py", line 53, in wrapped_app
    |     await app(scope, receive, sender)
    |   File "C:\Users\realj\AppData\Local\Programs\Python\Python312\Lib\site-packages\starlette\routing.py", line 762, in __call__
    |     await self.middleware_stack(scope, receive, send)
    |   File "C:\Users\realj\AppData\Local\Programs\Python\Python312\Lib\site-packages\starlette\routing.py", line 782, in app
    |     await route.handle(scope, receive, send)
    |   File "C:\Users\realj\AppData\Local\Programs\Python\Python312\Lib\site-packages\starlette\routing.py", line 297, in handle
    |     await self.app(scope, receive, send)
    |   File "C:\Users\realj\AppData\Local\Programs\Python\Python312\Lib\site-packages\starlette\routing.py", line 77, in app
    |     await wrap_app_handling_exceptions(app, request)(scope, receive, send)
    |   File "C:\Users\realj\AppData\Local\Programs\Python\Python312\Lib\site-packages\starlette\_exception_handler.py", line 64, in wrapped_app
    |     raise exc
    |   File "C:\Users\realj\AppData\Local\Programs\Python\Python312\Lib\site-packages\starlette\_exception_handler.py", line 53, in wrapped_app
    |     await app(scope, receive, sender)
    |   File "C:\Users\realj\AppData\Local\Programs\Python\Python312\Lib\site-packages\starlette\routing.py", line 72, in app
    |     response = await func(request)
    |                ^^^^^^^^^^^^^^^^^^^
    |   File "C:\Users\realj\AppData\Local\Programs\Python\Python312\Lib\site-packages\fastapi\routing.py", line 285, in app
    |     raise e
    |   File "C:\Users\realj\AppData\Local\Programs\Python\Python312\Lib\site-packages\fastapi\routing.py", line 275, in app
    |     solved_result = await solve_dependencies(
    |                     ^^^^^^^^^^^^^^^^^^^^^^^^^
    |   File "C:\Users\realj\AppData\Local\Programs\Python\Python312\Lib\site-packages\fastapi\dependencies\utils.py", line 598, in solve_dependencies
    |     solved = await call(**sub_values)
    |              ^^^^^^^^^^^^^^^^^^^^^^^^
    |   File "C:\Users\realj\Desktop\api\app\middleware\rate_limit.py", line 198, in rate_limit_dependency
    |     limiter = get_rate_limiter()
    |               ^^^^^^^^^^^^^^^^^^
    |   File "C:\Users\realj\Desktop\api\app\middleware\rate_limit.py", line 167, in get_rate_limiter
    |     raise RuntimeError("Rate limiter not initialized")
    | RuntimeError: Rate limiter not initialized
    +------------------------------------

During handling of the above exception, another exception occurred:

self = <tests.test_routes_upload.TestUploadRoutes object at 0x00000208CF58DFA0>
client = <httpx.AsyncClient object at 0x00000208CF6DBCE0>
auth_headers = {'Authorization': 'Bearer di_testkey123'}

    @pytest.mark.asyncio
    async def test_upload_valid_pdf(self, client: AsyncClient, auth_headers: dict):
        """Test uploading a valid PDF file."""
        file_content = b"%PDF-1.4\n%Test PDF content"
        files = {"file": ("test.pdf", BytesIO(file_content), "application/pdf")}
    
>       response = await client.post(
            "/api/v1/documents/upload",
            files=files,
            headers=auth_headers,
        )

tests\test_routes_upload.py:20: 
_ _ _ _ _ _ _ _ _ _ _ _ _ _ _ _ _ _ _ _ _ _ _ _ _ _ _ _ _ _ _ _ _ _ _ _ _ _ _ _
..\..\AppData\Local\Programs\Python\Python312\Lib\site-packages\httpx\_client.py:1877: in post
    return await self.request(
..\..\AppData\Local\Programs\Python\Python312\Lib\site-packages\httpx\_client.py:1559: in request
    return await self.send(request, auth=auth, follow_redirects=follow_redirects)
..\..\AppData\Local\Programs\Python\Python312\Lib\site-packages\httpx\_client.py:1646: in send
    response = await self._send_handling_auth(
..\..\AppData\Local\Programs\Python\Python312\Lib\site-packages\httpx\_client.py:1674: in _send_handling_auth
    response = await self._send_handling_redirects(
..\..\AppData\Local\Programs\Python\Python312\Lib\site-packages\httpx\_client.py:1711: in _send_handling_redirects
    response = await self._send_single_request(request)
..\..\AppData\Local\Programs\Python\Python312\Lib\site-packages\httpx\_client.py:1748: in _send_single_request
    response = await transport.handle_async_request(request)
..\..\AppData\Local\Programs\Python\Python312\Lib\site-packages\httpx\_transports\asgi.py:162: in handle_async_request
    await self.app(scope, receive, send)
..\..\AppData\Local\Programs\Python\Python312\Lib\site-packages\fastapi\applications.py:1054: in __call__
    await super().__call__(scope, receive, send)
..\..\AppData\Local\Programs\Python\Python312\Lib\site-packages\starlette\applications.py:123: in __call__
    await self.middleware_stack(scope, receive, send)
..\..\AppData\Local\Programs\Python\Python312\Lib\site-packages\starlette\middleware\errors.py:186: in __call__
    raise exc
..\..\AppData\Local\Programs\Python\Python312\Lib\site-packages\starlette\middleware\errors.py:164: in __call__
    await self.app(scope, receive, _send)
..\..\AppData\Local\Programs\Python\Python312\Lib\site-packages\starlette\middleware\base.py:189: in __call__
    with collapse_excgroups():
..\..\AppData\Local\Programs\Python\Python312\Lib\contextlib.py:158: in __exit__
    self.gen.throw(value)
..\..\AppData\Local\Programs\Python\Python312\Lib\site-packages\starlette\_utils.py:91: in collapse_excgroups
    raise exc
..\..\AppData\Local\Programs\Python\Python312\Lib\site-packages\starlette\middleware\base.py:191: in __call__
    response = await self.dispatch_func(request, call_next)
app\middleware\logging.py:47: in dispatch
    response = await call_next(request)
..\..\AppData\Local\Programs\Python\Python312\Lib\site-packages\starlette\middleware\base.py:165: in call_next
    raise app_exc
..\..\AppData\Local\Programs\Python\Python312\Lib\site-packages\starlette\middleware\base.py:151: in coro
    await self.app(scope, receive_or_disconnect, send_no_error)
..\..\AppData\Local\Programs\Python\Python312\Lib\site-packages\starlette\middleware\cors.py:83: in __call__
    await self.app(scope, receive, send)
..\..\AppData\Local\Programs\Python\Python312\Lib\site-packages\starlette\middleware\base.py:189: in __call__
    with collapse_excgroups():
..\..\AppData\Local\Programs\Python\Python312\Lib\contextlib.py:158: in __exit__
    self.gen.throw(value)
..\..\AppData\Local\Programs\Python\Python312\Lib\site-packages\starlette\_utils.py:91: in collapse_excgroups
    raise exc
..\..\AppData\Local\Programs\Python\Python312\Lib\site-packages\starlette\middleware\base.py:191: in __call__
    response = await self.dispatch_func(request, call_next)
app\security\headers.py:12: in dispatch
    response = await call_next(request)
..\..\AppData\Local\Programs\Python\Python312\Lib\site-packages\starlette\middleware\base.py:165: in call_next
    raise app_exc
..\..\AppData\Local\Programs\Python\Python312\Lib\site-packages\starlette\middleware\base.py:151: in coro
    await self.app(scope, receive_or_disconnect, send_no_error)
..\..\AppData\Local\Programs\Python\Python312\Lib\site-packages\starlette\middleware\exceptions.py:62: in __call__
    await wrap_app_handling_exceptions(self.app, conn)(scope, receive, send)
..\..\AppData\Local\Programs\Python\Python312\Lib\site-packages\starlette\_exception_handler.py:64: in wrapped_app
    raise exc
..\..\AppData\Local\Programs\Python\Python312\Lib\site-packages\starlette\_exception_handler.py:53: in wrapped_app
    await app(scope, receive, sender)
..\..\AppData\Local\Programs\Python\Python312\Lib\site-packages\starlette\routing.py:762: in __call__
    await self.middleware_stack(scope, receive, send)
..\..\AppData\Local\Programs\Python\Python312\Lib\site-packages\starlette\routing.py:782: in app
    await route.handle(scope, receive, send)
..\..\AppData\Local\Programs\Python\Python312\Lib\site-packages\starlette\routing.py:297: in handle
    await self.app(scope, receive, send)
..\..\AppData\Local\Programs\Python\Python312\Lib\site-packages\starlette\routing.py:77: in app
    await wrap_app_handling_exceptions(app, request)(scope, receive, send)
..\..\AppData\Local\Programs\Python\Python312\Lib\site-packages\starlette\_exception_handler.py:64: in wrapped_app
    raise exc
..\..\AppData\Local\Programs\Python\Python312\Lib\site-packages\starlette\_exception_handler.py:53: in wrapped_app
    await app(scope, receive, sender)
..\..\AppData\Local\Programs\Python\Python312\Lib\site-packages\starlette\routing.py:72: in app
    response = await func(request)
..\..\AppData\Local\Programs\Python\Python312\Lib\site-packages\fastapi\routing.py:285: in app
    raise e
..\..\AppData\Local\Programs\Python\Python312\Lib\site-packages\fastapi\routing.py:275: in app
    solved_result = await solve_dependencies(
..\..\AppData\Local\Programs\Python\Python312\Lib\site-packages\fastapi\dependencies\utils.py:598: in solve_dependencies
    solved = await call(**sub_values)
app\middleware\rate_limit.py:198: in rate_limit_dependency
    limiter = get_rate_limiter()
_ _ _ _ _ _ _ _ _ _ _ _ _ _ _ _ _ _ _ _ _ _ _ _ _ _ _ _ _ _ _ _ _ _ _ _ _ _ _ _

    def get_rate_limiter() -> RateLimiter:
        """Get global rate limiter instance."""
        global _rate_limiter
        if _rate_limiter is None:
>           raise RuntimeError("Rate limiter not initialized")
E           RuntimeError: Rate limiter not initialized

app\middleware\rate_limit.py:167: RuntimeError
----------------------------- Captured log setup ------------------------------
WARNING  passlib.handlers.bcrypt:bcrypt.py:622 (trapped) error reading bcrypt version
Traceback (most recent call last):
  File "C:\Users\realj\AppData\Local\Programs\Python\Python312\Lib\site-packages\passlib\handlers\bcrypt.py", line 620, in _load_backend_mixin
    version = _bcrypt.__about__.__version__
              ^^^^^^^^^^^^^^^^^
AttributeError: module 'bcrypt' has no attribute '__about__'
---------------------------- Captured stdout call -----------------------------
2026-07-13 14:34:38 [info     ] request_started                client_host=127.0.0.1 method=POST path=/api/v1/documents/upload query_params={} user_agent=python-httpx/0.26.0\n2026-07-13 14:34:38 [info     ] auth_success                   key_id=3ede7c29-57d8-4f61-8e1e-952b1e4ae761 key_name=Test Key\n2026-07-13 14:34:38 [error    ] request_failed                 duration_ms=226 error=Rate limiter not initialized method=POST path=/api/v1/documents/upload\n\x1b[31m\u250c\u2500\x1b[0m\x1b[31m\u2500\u2500\u2500\u2500\u2500\u2500\u2500\u2500\u2500\u2500\u2500\u2500\u2500\u2500\u2500\u2500\u2500\u2500\u2500\u2500\u2500\u2500\u2500\u2500\u2500\u2500\u2500\u2500\u2500\u2500\x1b[0m\x1b[31m \x1b[0m\x1b[1;31mTraceback \x1b[0m\x1b[1;2;31m(most recent call last)\x1b[0m\x1b[31m \x1b[0m\x1b[31m\u2500\u2500\u2500\u2500\u2500\u2500\u2500\u2500\u2500\u2500\u2500\u2500\u2500\u2500\u2500\u2500\u2500\u2500\u2500\u2500\u2500\u2500\u2500\u2500\u2500\u2500\u2500\u2500\u2500\u2500\u2500\x1b[0m\x1b[31m\u2500\u2510\x1b[0m\n\x1b[31m\u2502\x1b[0m \x1b[33mC:\\Users\\realj\\AppData\\Local\\Programs\\Python\\Python312\\Lib\\site-packages\\starlette\\middleware\\ba\x1b[0m \x1b[31m\u2502\x1b[0m\n\x1b[31m\u2502\x1b[0m \x1b[33mse.py\x1b[0m:\x1b[94m159\x1b[0m in \x1b[92mcall_next\x1b[0m                                                                           \x1b[31m\u2502\x1b[0m\n\x1b[31m\u2502\x1b[0m                                                                                                  \x1b[31m\u2502\x1b[0m\n\x1b[31m\u2502\x1b[0m   \x1b[2m156 \x1b[0m\x1b[2m\u2502   \u2502   \u2502   \x1b[0mtask_group.start_soon(coro)                                                    \x1b[31m\u2502\x1b[0m\n\x1b[31m\u2502\x1b[0m   \x1b[2m157 \x1b[0m\x1b[2m\u2502   \u2502   \u2502   \x1b[0m                                                                               \x1b[31m\u2502\x1b[0m\n\x1b[31m\u2502\x1b[0m   \x1b[2m158 \x1b[0m\x1b[2m\u2502   \u2502   \u2502   \x1b[0m\x1b[94mtry\x1b[0m:                                                                           \x1b[31m\u2502\x1b[0m\n\x1b[31m\u2502\x1b[0m \x1b[31m> \x1b[0m159 \x1b[2m\u2502   \u2502   \u2502   \u2502   \x1b[0mmessage = \x1b[94mawait\x1b[0m recv_stream.receive()                                      \x1b[31m\u2502\x1b[0m\n\x1b[31m\u2502\x1b[0m   \x1b[2m160 \x1b[0m\x1b[2m\u2502   \u2502   \u2502   \u2502   \x1b[0minfo = message.get(\x1b[33m"\x1b[0m\x1b[33minfo\x1b[0m\x1b[33m"\x1b[0m, \x1b[94mNone\x1b[0m)                                           \x1b[31m\u2502\x1b[0m\n\x1b[31m\u2502\x1b[0m   \x1b[2m161 \x1b[0m\x1b[2m\u2502   \u2502   \u2502   \u2502   \x1b[0m\x1b[94mif\x1b[0m message[\x1b[33m"\x1b[0m\x1b[33mtype\x1b[0m\x1b[33m"\x1b[0m] == \x1b[33m"\x1b[0m\x1b[33mhttp.response.debug\x1b[0m\x1b[33m"\x1b[0m \x1b[95mand\x1b[0m info \x1b[95mis\x1b[0m \x1b[95mnot\x1b[0m \x1b[94mNone\x1b[0m:          \x1b[31m\u2502\x1b[0m\n\x1b[31m\u2502\x1b[0m   \x1b[2m162 \x1b[0m\x1b[2m\u2502   \u2502   \u2502   \u2502   \u2502   \x1b[0mmessage = \x1b[94mawait\x1b[0m recv_stream.receive()                                  \x1b[31m\u2502\x1b[0m\n\x1b[31m\u2502\x1b[0m                                                                                                  \x1b[31m\u2502\x1b[0m\n\x1b[31m\u2502\x1b[0m \x1b[33m\u250c\u2500\x1b[0m\x1b[33m\u2500\u2500\u2500\u2500\u2500\u2500\u2500\u2500\u2500\u2500\u2500\u2500\u2500\u2500\u2500\u2500\u2500\u2500\u2500\u2500\u2500\u2500\u2500\u2500\u2500\u2500\u2500\u2500\u2500\u2500\u2500\u2500\u2500\u2500\u2500\u2500\u2500\u2500\u2500\u2500\u2500\u2500\x1b[0m\x1b[33m locals \x1b[0m\x1b[33m\u2500\u2500\u2500\u2500\u2500\u2500\u2500\u2500\u2500\u2500\u2500\u2500\u2500\u2500\u2500\u2500\u2500\u2500\u2500\u2500\u2500\u2500\u2500\u2500\u2500\u2500\u2500\u2500\u2500\u2500\u2500\u2500\u2500\u2500\u2500\u2500\u2500\u2500\u2500\u2500\u2500\u2500\x1b[0m\x1b[33m\u2500\u2510\x1b[0m \x1b[31m\u2502\x1b[0m\n\x1b[31m\u2502\x1b[0m \x1b[33m\u2502\x1b[0m         app_exc = \x1b[1;35mRuntimeError\x1b[0m\x1b[1m(\x1b[0m\x1b[33m'Rate limiter not initialized'\x1b[0m\x1b[1m)\x1b[0m                               \x1b[33m\u2502\x1b[0m \x1b[31m\u2502\x1b[0m\n\x1b[31m\u2502\x1b[0m \x1b[33m\u2502\x1b[0m     recv_stream = \x1b[1;35mMemoryObjectReceiveStream\x1b[0m\x1b[1m(\x1b[0m                                                 \x1b[33m\u2502\x1b[0m \x1b[31m\u2502\x1b[0m\n\x1b[31m\u2502\x1b[0m \x1b[33m\u2502\x1b[0m                   \x1b[2m\u2502   \x1b[0m\x1b[33m_state\x1b[0m=\x1b[1;35m_MemoryObjectStreamState\x1b[0m\x1b[1m(\x1b[0m                                       \x1b[33m\u2502\x1b[0m \x1b[31m\u2502\x1b[0m\n\x1b[31m\u2502\x1b[0m \x1b[33m\u2502\x1b[0m                   \x1b[2m\u2502   \u2502   \x1b[0m\x1b[33mmax_buffer_size\x1b[0m=\x1b[94m0\x1b[0m,                                                 \x1b[33m\u2502\x1b[0m \x1b[31m\u2502\x1b[0m\n\x1b[31m\u2502\x1b[0m \x1b[33m\u2502\x1b[0m                   \x1b[2m\u2502   \u2502   \x1b[0m\x1b[33mbuffer\x1b[0m=\x1b[1;35mdeque\x1b[0m\x1b[1m(\x1b[0m\x1b[1m)\x1b[0m,                                                    \x1b[33m\u2502\x1b[0m \x1b[31m\u2502\x1b[0m\n\x1b[31m\u2502\x1b[0m \x1b[33m\u2502\x1b[0m                   \x1b[2m\u2502   \u2502   \x1b[0m\x1b[33mopen_send_channels\x1b[0m=\x1b[94m0\x1b[0m,                                              \x1b[33m\u2502\x1b[0m \x1b[31m\u2502\x1b[0m\n\x1b[31m\u2502\x1b[0m \x1b[33m\u2502\x1b[0m                   \x1b[2m\u2502   \u2502   \x1b[0m\x1b[33mopen_receive_channels\x1b[0m=\x1b[94m1\x1b[0m,                                           \x1b[33m\u2502\x1b[0m \x1b[31m\u2502\x1b[0m\n\x1b[31m\u2502\x1b[0m \x1b[33m\u2502\x1b[0m                   \x1b[2m\u2502   \u2502   \x1b[0m\x1b[33mwaiting_receivers\x1b[0m=\x1b[1;35mOrderedDict\x1b[0m\x1b[1m(\x1b[0m\x1b[1m)\x1b[0m,                                   \x1b[33m\u2502\x1b[0m \x1b[31m\u2502\x1b[0m\n\x1b[31m\u2502\x1b[0m \x1b[33m\u2502\x1b[0m                   \x1b[2m\u2502   \u2502   \x1b[0m\x1b[33mwaiting_senders\x1b[0m=\x1b[1;35mOrderedDict\x1b[0m\x1b[1m(\x1b[0m\x1b[1m)\x1b[0m                                      \x1b[33m\u2502\x1b[0m \x1b[31m\u2502\x1b[0m\n\x1b[31m\u2502\x1b[0m \x1b[33m\u2502\x1b[0m                   \x1b[2m\u2502   \x1b[0m\x1b[1m)\x1b[0m,                                                                     \x1b[33m\u2502\x1b[0m \x1b[31m\u2502\x1b[0m\n\x1b[31m\u2502\x1b[0m \x1b[33m\u2502\x1b[0m                   \x1b[2m\u2502   \x1b[0m\x1b[33m_closed\x1b[0m=\x1b[94mFalse\x1b[0m                                                          \x1b[33m\u2502\x1b[0m \x1b[31m\u2502\x1b[0m\n\x1b[31m\u2502\x1b[0m \x1b[33m\u2502\x1b[0m                   \x1b[1m)\x1b[0m                                                                          \x1b[33m\u2502\x1b[0m \x1b[31m\u2502\x1b[0m\n\x1b[31m\u2502\x1b[0m \x1b[33m\u2502\x1b[0m         request = \x1b[1m<\x1b[0m\x1b[1;95mstarlette.middleware.base._CachedRequest\x1b[0m\x1b[39m object at \x1b[0m\x1b[94m0x00000208CF748EF0\x1b[0m\x1b[1m>\x1b[0m    \x1b[33m\u2502\x1b[0m \x1b[31m\u2502\x1b[0m\n\x1b[31m\u2502\x1b[0m \x1b[33m\u2502\x1b[0m   response_sent = \x1b[1m<\x1b[0m\x1b[1;95manyio._backends._asyncio.Event\x1b[0m\x1b[39m object at \x1b[0m\x1b[94m0x00000208CF748F20\x1b[0m\x1b[1m>\x1b[0m              \x1b[33m\u2502\x1b[0m \x1b[31m\u2502\x1b[0m\n\x1b[31m\u2502\x1b[0m \x1b[33m\u2502\x1b[0m           scope = \x1b[1m{\x1b[0m                                                                          \x1b[33m\u2502\x1b[0m \x1b[31m\u2502\x1b[0m\n\x1b[31m\u2502\x1b[0m \x1b[33m\u2502\x1b[0m                   \x1b[2m\u2502   \x1b[0m\x1b[33m'type'\x1b[0m: \x1b[33m'http'\x1b[0m,                                                        \x1b[33m\u2502\x1b[0m \x1b[31m\u2502\x1b[0m\n\x1b[31m\u2502\x1b[0m \x1b[33m\u2502\x1b[0m                   \x1b[2m\u2502   \x1b[0m\x1b[33m'asgi'\x1b[0m: \x1b[1m{\x1b[0m\x1b[33m'version'\x1b[0m: \x1b[33m'3.0'\x1b[0m\x1b[1m}\x1b[0m,                                            \x1b[33m\u2502\x1b[0m \x1b[31m\u2502\x1b[0m\n\x1b[31m\u2502\x1b[0m \x1b[33m\u2502\x1b[0m                   \x1b[2m\u2502   \x1b[0m\x1b[33m'http_version'\x1b[0m: \x1b[33m'1.1'\x1b[0m,                                                 \x1b[33m\u2502\x1b[0m \x1b[31m\u2502\x1b[0m\n\x1b[31m\u2502\x1b[0m \x1b[33m\u2502\x1b[0m                   \x1b[2m\u2502   \x1b[0m\x1b[33m'method'\x1b[0m: \x1b[33m'POST'\x1b[0m,                                                      \x1b[33m\u2502\x1b[0m \x1b[31m\u2502\x1b[0m\n\x1b[31m\u2502\x1b[0m \x1b[33m\u2502\x1b[0m                   \x1b[2m\u2502   \x1b[0m\x1b[33m'headers'\x1b[0m: \x1b[1m[\x1b[0m                                                           \x1b[33m\u2502\x1b[0m \x1b[31m\u2502\x1b[0m\n\x1b[31m\u2502\x1b[0m \x1b[33m\u2502\x1b[0m                   \x1b[2m\u2502   \u2502   \x1b[0m\x1b[1m(\x1b[0m\x1b[33mb'host'\x1b[0m, \x1b[33mb'test'\x1b[0m\x1b[1m)\x1b[0m,                                                \x1b[33m\u2502\x1b[0m \x1b[31m\u2502\x1b[0m\n\x1b[31m\u2502\x1b[0m \x1b[33m\u2502\x1b[0m                   \x1b[2m\u2502   \u2502   \x1b[0m\x1b[1m(\x1b[0m\x1b[33mb'accept'\x1b[0m, \x1b[33mb'*/*'\x1b[0m\x1b[1m)\x1b[0m,                                               \x1b[33m\u2502\x1b[0m \x1b[31m\u2502\x1b[0m\n\x1b[31m\u2502\x1b[0m \x1b[33m\u2502\x1b[0m                   \x1b[2m\u2502   \u2502   \x1b[0m\x1b[1m(\x1b[0m\x1b[33mb'accept-encoding'\x1b[0m, \x1b[33mb'gzip, deflate'\x1b[0m\x1b[1m)\x1b[0m,                            \x1b[33m\u2502\x1b[0m \x1b[31m\u2502\x1b[0m\n\x1b[31m\u2502\x1b[0m \x1b[33m\u2502\x1b[0m                   \x1b[2m\u2502   \u2502   \x1b[0m\x1b[1m(\x1b[0m\x1b[33mb'connection'\x1b[0m, \x1b[33mb'keep-alive'\x1b[0m\x1b[1m)\x1b[0m,                                    \x1b[33m\u2502\x1b[0m \x1b[31m\u2502\x1b[0m\n\x1b[31m\u2502\x1b[0m \x1b[33m\u2502\x1b[0m                   \x1b[2m\u2502   \u2502   \x1b[0m\x1b[1m(\x1b[0m\x1b[33mb'user-agent'\x1b[0m, \x1b[33mb'python-httpx/0.26.0'\x1b[0m\x1b[1m)\x1b[0m,                           \x1b[33m\u2502\x1b[0m \x1b[31m\u2502\x1b[0m\n\x1b[31m\u2502\x1b[0m \x1b[33m\u2502\x1b[0m                   \x1b[2m\u2502   \u2502   \x1b[0m\x1b[1m(\x1b[0m\x1b[33mb'authorization'\x1b[0m, \x1b[33mb'Bearer di_testkey123'\x1b[0m\x1b[1m)\x1b[0m,                       \x1b[33m\u2502\x1b[0m \x1b[31m\u2502\x1b[0m\n\x1b[31m\u2502\x1b[0m \x1b[33m\u2502\x1b[0m                   \x1b[2m\u2502   \u2502   \x1b[0m\x1b[1m(\x1b[0m\x1b[33mb'content-length'\x1b[0m, \x1b[33mb'201'\x1b[0m\x1b[1m)\x1b[0m,                                       \x1b[33m\u2502\x1b[0m \x1b[31m\u2502\x1b[0m\n\x1b[31m\u2502\x1b[0m \x1b[33m\u2502\x1b[0m                   \x1b[2m\u2502   \u2502   \x1b[0m\x1b[1m(\x1b[0m                                                                  \x1b[33m\u2502\x1b[0m \x1b[31m\u2502\x1b[0m\n\x1b[31m\u2502\x1b[0m \x1b[33m\u2502\x1b[0m                   \x1b[2m\u2502   \u2502   \u2502   \x1b[0m\x1b[33mb'content-type'\x1b[0m,                                               \x1b[33m\u2502\x1b[0m \x1b[31m\u2502\x1b[0m\n\x1b[31m\u2502\x1b[0m \x1b[33m\u2502\x1b[0m                   \x1b[2m\u2502   \u2502   \u2502   \x1b[0m\x1b[33mb'multipart/form-data; \x1b[0m                                        \x1b[33m\u2502\x1b[0m \x1b[31m\u2502\x1b[0m\n\x1b[31m\u2502\x1b[0m \x1b[33m\u2502\x1b[0m                   \x1b[33mboundary\x1b[0m\x1b[33m=\x1b[0m\x1b[33m0dbbeb47f7753326ffe6a6a5e7eed486\x1b[0m\x1b[33m'\x1b[0m                                 \x1b[33m\u2502\x1b[0m \x1b[31m\u2502\x1b[0m\n\x1b[31m\u2502\x1b[0m \x1b[33m\u2502\x1b[0m                   \x1b[2m\u2502   \u2502   \x1b[0m\x1b[1m)\x1b[0m                                                                  \x1b[33m\u2502\x1b[0m \x1b[31m\u2502\x1b[0m\n\x1b[31m\u2502\x1b[0m \x1b[33m\u2502\x1b[0m                   \x1b[2m\u2502   \x1b[0m\x1b[1m]\x1b[0m,                                                                     \x1b[33m\u2502\x1b[0m \x1b[31m\u2502\x1b[0m\n\x1b[31m\u2502\x1b[0m \x1b[33m\u2502\x1b[0m                   \x1b[2m\u2502   \x1b[0m\x1b[33m'scheme'\x1b[0m: \x1b[33m'http'\x1b[0m,                                                      \x1b[33m\u2502\x1b[0m \x1b[31m\u2502\x1b[0m\n\x1b[31m\u2502\x1b[0m \x1b[33m\u2502\x1b[0m                   \x1b[2m\u2502   \x1b[0m\x1b[33m'path'\x1b[0m: \x1b[33m'/api/v1/documents/upload'\x1b[0m,                                    \x1b[33m\u2502\x1b[0m \x1b[31m\u2502\x1b[0m\n\x1b[31m\u2502\x1b[0m \x1b[33m\u2502\x1b[0m                   \x1b[2m\u2502   \x1b[0m\x1b[33m'raw_path'\x1b[0m: \x1b[33mb'/api/v1/documents/upload'\x1b[0m,                               \x1b[33m\u2502\x1b[0m \x1b[31m\u2502\x1b[0m\n\x1b[31m\u2502\x1b[0m \x1b[33m\u2502\x1b[0m                   \x1b[2m\u2502   \x1b[0m\x1b[33m'query_string'\x1b[0m: \x1b[33mb''\x1b[0m,                                                   \x1b[33m\u2502\x1b[0m \x1b[31m\u2502\x1b[0m\n\x1b[31m\u2502\x1b[0m \x1b[33m\u2502\x1b[0m                   \x1b[2m\u2502   \x1b[0m\x1b[33m'server'\x1b[0m: \x1b[1m(\x1b[0m\x1b[33m'test'\x1b[0m, \x1b[94mNone\x1b[0m\x1b[1m)\x1b[0m,                                              \x1b[33m\u2502\x1b[0m \x1b[31m\u2502\x1b[0m\n\x1b[31m\u2502\x1b[0m \x1b[33m\u2502\x1b[0m                   \x1b[2m\u2502   \x1b[0m\x1b[33m...\x1b[0m +\x1b[94m10\x1b[0m                                                                \x1b[33m\u2502\x1b[0m \x1b[31m\u2502\x1b[0m\n\x1b[31m\u2502\x1b[0m \x1b[33m\u2502\x1b[0m                   \x1b[1m}\x1b[0m                                                                          \x1b[33m\u2502\x1b[0m \x1b[31m\u2502\x1b[0m\n\x1b[31m\u2502\x1b[0m \x1b[33m\u2502\x1b[0m            self = \x1b[1m<\x1b[0m\x1b[1;95mapp.middleware.logging.RequestLoggingMiddleware\x1b[0m\x1b[39m object at \x1b[0m                \x1b[33m\u2502\x1b[0m \x1b[31m\u2502\x1b[0m\n\x1b[31m\u2502\x1b[0m \x1b[33m\u2502\x1b[0m                   \x1b[94m0x00000208CF748DA0\x1b[0m\x1b[1m>\x1b[0m                                                        \x1b[33m\u2502\x1b[0m \x1b[31m\u2502\x1b[0m\n\x1b[31m\u2502\x1b[0m \x1b[33m\u2502\x1b[0m     send_stream = \x1b[1;35mMemoryObjectSendStream\x1b[0m\x1b[1m(\x1b[0m                                                    \x1b[33m\u2502\x1b[0m \x1b[31m\u2502\x1b[0m\n\x1b[31m\u2502\x1b[0m \x1b[33m\u2502\x1b[0m                   \x1b[2m\u2502   \x1b[0m\x1b[33m_state\x1b[0m=\x1b[1;35m_MemoryObjectStreamState\x1b[0m\x1b[1m(\x1b[0m                                       \x1b[33m\u2502\x1b[0m \x1b[31m\u2502\x1b[0m\n\x1b[31m\u2502\x1b[0m \x1b[33m\u2502\x1b[0m                   \x1b[2m\u2502   \u2502   \x1b[0m\x1b[33mmax_buffer_size\x1b[0m=\x1b[94m0\x1b[0m,                                                 \x1b[33m\u2502\x1b[0m \x1b[31m\u2502\x1b[0m\n\x1b[31m\u2502\x1b[0m \x1b[33m\u2502\x1b[0m                   \x1b[2m\u2502   \u2502   \x1b[0m\x1b[33mbuffer\x1b[0m=\x1b[1;35mdeque\x1b[0m\x1b[1m(\x1b[0m\x1b[1m)\x1b[0m,                                                    \x1b[33m\u2502\x1b[0m \x1b[31m\u2502\x1b[0m\n\x1b[31m\u2502\x1b[0m \x1b[33m\u2502\x1b[0m                   \x1b[2m\u2502   \u2502   \x1b[0m\x1b[33mopen_send_channels\x1b[0m=\x1b[94m0\x1b[0m,                                              \x1b[33m\u2502\x1b[0m \x1b[31m\u2502\x1b[0m\n\x1b[31m\u2502\x1b[0m \x1b[33m\u2502\x1b[0m                   \x1b[2m\u2502   \u2502   \x1b[0m\x1b[33mopen_receive_channels\x1b[0m=\x1b[94m1\x1b[0m,                                           \x1b[33m\u2502\x1b[0m \x1b[31m\u2502\x1b[0m\n\x1b[31m\u2502\x1b[0m \x1b[33m\u2502\x1b[0m                   \x1b[2m\u2502   \u2502   \x1b[0m\x1b[33mwaiting_receivers\x1b[0m=\x1b[1;35mOrderedDict\x1b[0m\x1b[1m(\x1b[0m\x1b[1m)\x1b[0m,                                   \x1b[33m\u2502\x1b[0m \x1b[31m\u2502\x1b[0m\n\x1b[31m\u2502\x1b[0m \x1b[33m\u2502\x1b[0m                   \x1b[2m\u2502   \u2502   \x1b[0m\x1b[33mwaiting_senders\x1b[0m=\x1b[1;35mOrderedDict\x1b[0m\x1b[1m(\x1b[0m\x1b[1m)\x1b[0m                                      \x1b[33m\u2502\x1b[0m \x1b[31m\u2502\x1b[0m\n\x1b[31m\u2502\x1b[0m \x1b[33m\u2502\x1b[0m                   \x1b[2m\u2502   \x1b[0m\x1b[1m)\x1b[0m,                                                                     \x1b[33m\u2502\x1b[0m \x1b[31m\u2502\x1b[0m\n\x1b[31m\u2502\x1b[0m \x1b[33m\u2502\x1b[0m                   \x1b[2m\u2502   \x1b[0m\x1b[33m_closed\x1b[0m=\x1b[94mTrue\x1b[0m                                                           \x1b[33m\u2502\x1b[0m \x1b[31m\u2502\x1b[0m\n\x1b[31m\u2502\x1b[0m \x1b[33m\u2502\x1b[0m                   \x1b[1m)\x1b[0m                                                                          \x1b[33m\u2502\x1b[0m \x1b[31m\u2502\x1b[0m\n\x1b[31m\u2502\x1b[0m \x1b[33m\u2502\x1b[0m      task_group = \x1b[1m<\x1b[0m\x1b[1;95manyio._backends._asyncio.TaskGroup\x1b[0m\x1b[39m object at \x1b[0m\x1b[94m0x00000208CF748FB0\x1b[0m\x1b[1m>\x1b[0m          \x1b[33m\u2502\x1b[0m \x1b[31m\u2502\x1b[0m\n\x1b[31m\u2502\x1b[0m \x1b[33m\u2502\x1b[0m wrapped_receive = \x1b[1m<\x1b[0m\x1b[1;95mbound\x1b[0m\x1b[39m method _CachedRequest.wrapped_receive of \x1b[0m                           \x1b[33m\u2502\x1b[0m \x1b[31m\u2502\x1b[0m\n\x1b[31m\u2502\x1b[0m \x1b[33m\u2502\x1b[0m                   \x1b[39m<starlette.middleware.base._CachedRequest object at \x1b[0m\x1b[94m0x00000208CF748EF0\x1b[0m\x1b[39m>\x1b[0m\x1b[1m>\x1b[0m   \x1b[33m\u2502\x1b[0m \x1b[31m\u2502\x1b[0m\n\x1b[31m\u2502\x1b[0m \x1b[33m\u2514\u2500\u2500\u2500\u2500\u2500\u2500\u2500\u2500\u2500\u2500\u2500\u2500\u2500\u2500\u2500\u2500\u2500\u2500\u2500\u2500\u2500\u2500\u2500\u2500\u2500\u2500\u2500\u2500\u2500\u2500\u2500\u2500\u2500\u2500\u2500\u2500\u2500\u2500\u2500\u2500\u2500\u2500\u2500\u2500\u2500\u2500\u2500\u2500\u2500\u2500\u2500\u2500\u2500\u2500\u2500\u2500\u2500\u2500\u2500\u2500\u2500\u2500\u2500\u2500\u2500\u2500\u2500\u2500\u2500\u2500\u2500\u2500\u2500\u2500\u2500\u2500\u2500\u2500\u2500\u2500\u2500\u2500\u2500\u2500\u2500\u2500\u2500\u2500\u2500\u2500\u2500\u2500\u2500\u2500\u2518\x1b[0m \x1b[31m\u2502\x1b[0m\n\x1b[31m\u2502\x1b[0m                                                                                                  \x1b[31m\u2502\x1b[0m\n\x1b[31m\u2502\x1b[0m \x1b[33mC:\\Users\\realj\\AppData\\Local\\Programs\\Python\\Python312\\Lib\\site-packages\\anyio\\streams\\memory.py\x1b[0m \x1b[31m\u2502\x1b[0m\n\x1b[31m\u2502\x1b[0m :\x1b[94m132\x1b[0m in \x1b[92mreceive\x1b[0m                                                                                  \x1b[31m\u2502\x1b[0m\n\x1b[31m\u2502\x1b[0m                                                                                                  \x1b[31m\u2502\x1b[0m\n\x1b[31m\u2502\x1b[0m   \x1b[2m129 \x1b[0m\x1b[2m\u2502   \u2502   \u2502   \x1b[0m\x1b[94mtry\x1b[0m:                                                                           \x1b[31m\u2502\x1b[0m\n\x1b[31m\u2502\x1b[0m   \x1b[2m130 \x1b[0m\x1b[2m\u2502   \u2502   \u2502   \u2502   \x1b[0m\x1b[94mreturn\x1b[0m receiver.item                                                       \x1b[31m\u2502\x1b[0m\n\x1b[31m\u2502\x1b[0m   \x1b[2m131 \x1b[0m\x1b[2m\u2502   \u2502   \u2502   \x1b[0m\x1b[94mexcept\x1b[0m \x1b[96mAttributeError\x1b[0m:                                                         \x1b[31m\u2502\x1b[0m\n\x1b[31m\u2502\x1b[0m \x1b[31m> \x1b[0m132 \x1b[2m\u2502   \u2502   \u2502   \u2502   \x1b[0m\x1b[1;4;94mraise\x1b[0m\x1b[1;4m EndOfStream \x1b[0m\x1b[1;4;94mfrom\x1b[0m\x1b[1;4;90m \x1b[0m\x1b[1;4;94mNone\x1b[0m                                                \x1b[31m\u2502\x1b[0m\n\x1b[31m\u2502\x1b[0m   \x1b[2m133 \x1b[0m\x1b[2m\u2502   \x1b[0m                                                                                       \x1b[31m\u2502\x1b[0m\n\x1b[31m\u2502\x1b[0m   \x1b[2m134 \x1b[0m\x1b[2m\u2502   \x1b[0m\x1b[94mdef\x1b[0m\x1b[90m \x1b[0m\x1b[92mclone\x1b[0m(\x1b[96mself\x1b[0m) -> MemoryObjectReceiveStream[T_co]:                                    \x1b[31m\u2502\x1b[0m\n\x1b[31m\u2502\x1b[0m   \x1b[2m135 \x1b[0m\x1b[2;90m\u2502   \u2502   \x1b[0m\x1b[33m"""\x1b[0m                                                                                \x1b[31m\u2502\x1b[0m\n\x1b[31m\u2502\x1b[0m                                                                                                  \x1b[31m\u2502\x1b[0m\n\x1b[31m\u2502\x1b[0m \x1b[33m\u250c\u2500\x1b[0m\x1b[33m\u2500\u2500\u2500\u2500\u2500\u2500\u2500\u2500\u2500\u2500\u2500\u2500\u2500\u2500\u2500\u2500\u2500\u2500\u2500\u2500\u2500\u2500\u2500\u2500\u2500\u2500\u2500\u2500\u2500\u2500\u2500\u2500\u2500\u2500\u2500\u2500\u2500\u2500\u2500\u2500\u2500\u2500\x1b[0m\x1b[33m locals \x1b[0m\x1b[33m\u2500\u2500\u2500\u2500\u2500\u2500\u2500\u2500\u2500\u2500\u2500\u2500\u2500\u2500\u2500\u2500\u2500\u2500\u2500\u2500\u2500\u2500\u2500\u2500\u2500\u2500\u2500\u2500\u2500\u2500\u2500\u2500\u2500\u2500\u2500\u2500\u2500\u2500\u2500\u2500\u2500\u2500\x1b[0m\x1b[33m\u2500\u2510\x1b[0m \x1b[31m\u2502\x1b[0m\n\x1b[31m\u2502\x1b[0m \x1b[33m\u2502\x1b[0m receive_event = \x1b[1m<\x1b[0m\x1b[1;95manyio._backends._asyncio.Event\x1b[0m\x1b[39m object at \x1b[0m\x1b[94m0x00000208CF7494C0\x1b[0m\x1b[1m>\x1b[0m                \x1b[33m\u2502\x1b[0m \x1b[31m\u2502\x1b[0m\n\x1b[31m\u2502\x1b[0m \x1b[33m\u2502\x1b[0m      receiver = \x1b[1;35m_MemoryObjectItemReceiver\x1b[0m\x1b[1m(\x1b[0m\x1b[33mtask_info\x1b[0m=\x1b[1;35mAsyncIOTaskInfo\x1b[0m\x1b[1m(\x1b[0m\x1b[33mid\x1b[0m=\x1b[94m2236863019904\x1b[0m,        \x1b[33m\u2502\x1b[0m \x1b[31m\u2502\x1b[0m\n\x1b[31m\u2502\x1b[0m \x1b[33m\u2502\x1b[0m                 \x1b[33mname\x1b[0m=\x1b[33m'Task-6'\x1b[0m\x1b[1m)\x1b[0m, \x1b[33mitem\x1b[0m=\x1b[94mNone\x1b[0m\x1b[1m)\x1b[0m                                                   \x1b[33m\u2502\x1b[0m \x1b[31m\u2502\x1b[0m\n\x1b[31m\u2502\x1b[0m \x1b[33m\u2502\x1b[0m          self = \x1b[1;35mMemoryObjectReceiveStream\x1b[0m\x1b[1m(\x1b[0m                                                   \x1b[33m\u2502\x1b[0m \x1b[31m\u2502\x1b[0m\n\x1b[31m\u2502\x1b[0m \x1b[33m\u2502\x1b[0m                 \x1b[2m\u2502   \x1b[0m\x1b[33m_state\x1b[0m=\x1b[1;35m_MemoryObjectStreamState\x1b[0m\x1b[1m(\x1b[0m                                         \x1b[33m\u2502\x1b[0m \x1b[31m\u2502\x1b[0m\n\x1b[31m\u2502\x1b[0m \x1b[33m\u2502\x1b[0m                 \x1b[2m\u2502   \u2502   \x1b[0m\x1b[33mmax_buffer_size\x1b[0m=\x1b[94m0\x1b[0m,                                                   \x1b[33m\u2502\x1b[0m \x1b[31m\u2502\x1b[0m\n\x1b[31m\u2502\x1b[0m \x1b[33m\u2502\x1b[0m                 \x1b[2m\u2502   \u2502   \x1b[0m\x1b[33mbuffer\x1b[0m=\x1b[1;35mdeque\x1b[0m\x1b[1m(\x1b[0m\x1b[1m)\x1b[0m,                                                      \x1b[33m\u2502\x1b[0m \x1b[31m\u2502\x1b[0m\n\x1b[31m\u2502\x1b[0m \x1b[33m\u2502\x1b[0m                 \x1b[2m\u2502   \u2502   \x1b[0m\x1b[33mopen_send_channels\x1b[0m=\x1b[94m0\x1b[0m,                                                \x1b[33m\u2502\x1b[0m \x1b[31m\u2502\x1b[0m\n\x1b[31m\u2502\x1b[0m \x1b[33m\u2502\x1b[0m                 \x1b[2m\u2502   \u2502   \x1b[0m\x1b[33mopen_receive_channels\x1b[0m=\x1b[94m1\x1b[0m,                                             \x1b[33m\u2502\x1b[0m \x1b[31m\u2502\x1b[0m\n\x1b[31m\u2502\x1b[0m \x1b[33m\u2502\x1b[0m                 \x1b[2m\u2502   \u2502   \x1b[0m\x1b[33mwaiting_receivers\x1b[0m=\x1b[1;35mOrderedDict\x1b[0m\x1b[1m(\x1b[0m\x1b[1m)\x1b[0m,                                     \x1b[33m\u2502\x1b[0m \x1b[31m\u2502\x1b[0m\n\x1b[31m\u2502\x1b[0m \x1b[33m\u2502\x1b[0m                 \x1b[2m\u2502   \u2502   \x1b[0m\x1b[33mwaiting_senders\x1b[0m=\x1b[1;35mOrderedDict\x1b[0m\x1b[1m(\x1b[0m\x1b[1m)\x1b[0m                                        \x1b[33m\u2502\x1b[0m \x1b[31m\u2502\x1b[0m\n\x1b[31m\u2502\x1b[0m \x1b[33m\u2502\x1b[0m                 \x1b[2m\u2502   \x1b[0m\x1b[1m)\x1b[0m,                                                                       \x1b[33m\u2502\x1b[0m \x1b[31m\u2502\x1b[0m\n\x1b[31m\u2502\x1b[0m \x1b[33m\u2502\x1b[0m                 \x1b[2m\u2502   \x1b[0m\x1b[33m_closed\x1b[0m=\x1b[94mFalse\x1b[0m                                                            \x1b[33m\u2502\x1b[0m \x1b[31m\u2502\x1b[0m\n\x1b[31m\u2502\x1b[0m \x1b[33m\u2502\x1b[0m                 \x1b[1m)\x1b[0m                                                                            \x1b[33m\u2502\x1b[0m \x1b[31m\u2502\x1b[0m\n\x1b[31m\u2502\x1b[0m \x1b[33m\u2514\u2500\u2500\u2500\u2500\u2500\u2500\u2500\u2500\u2500\u2500\u2500\u2500\u2500\u2500\u2500\u2500\u2500\u2500\u2500\u2500\u2500\u2500\u2500\u2500\u2500\u2500\u2500\u2500\u2500\u2500\u2500\u2500\u2500\u2500\u2500\u2500\u2500\u2500\u2500\u2500\u2500\u2500\u2500\u2500\u2500\u2500\u2500\u2500\u2500\u2500\u2500\u2500\u2500\u2500\u2500\u2500\u2500\u2500\u2500\u2500\u2500\u2500\u2500\u2500\u2500\u2500\u2500\u2500\u2500\u2500\u2500\u2500\u2500\u2500\u2500\u2500\u2500\u2500\u2500\u2500\u2500\u2500\u2500\u2500\u2500\u2500\u2500\u2500\u2500\u2500\u2500\u2500\u2500\u2500\u2518\x1b[0m \x1b[31m\u2502\x1b[0m\n\x1b[31m\u2514\u2500\u2500\u2500\u2500\u2500\u2500\u2500\u2500\u2500\u2500\u2500\u2500\u2500\u2500\u2500\u2500\u2500\u2500\u2500\u2500\u2500\u2500\u2500\u2500\u2500\u2500\u2500\u2500\u2500\u2500\u2500\u2500\u2500\u2500\u2500\u2500\u2500\u2500\u2500\u2500\u2500\u2500\u2500\u2500\u2500\u2500\u2500\u2500\u2500\u2500\u2500\u2500\u2500\u2500\u2500\u2500\u2500\u2500\u2500\u2500\u2500\u2500\u2500\u2500\u2500\u2500\u2500\u2500\u2500\u2500\u2500\u2500\u2500\u2500\u2500\u2500\u2500\u2500\u2500\u2500\u2500\u2500\u2500\u2500\u2500\u2500\u2500\u2500\u2500\u2500\u2500\u2500\u2500\u2500\u2500\u2500\u2500\u2500\u2518\x1b[0m\n\x1b[1;91mEndOfStream\x1b[0m\n\n\x1b[3mDuring handling of the above exception, another exception occurred:\x1b[0m\n\n\x1b[31m\u250c\u2500\x1b[0m\x1b[31m\u2500\u2500\u2500\u2500\u2500\u2500\u2500\u2500\u2500\u2500\u2500\u2500\u2500\u2500\u2500\u2500\u2500\u2500\u2500\u2500\u2500\u2500\u2500\u2500\u2500\u2500\u2500\u2500\u2500\u2500\x1b[0m\x1b[31m \x1b[0m\x1b[1;31mTraceback \x1b[0m\x1b[1;2;31m(most recent call last)\x1b[0m\x1b[31m \x1b[0m\x1b[31m\u2500\u2500\u2500\u2500\u2500\u2500\u2500\u2500\u2500\u2500\u2500\u2500\u2500\u2500\u2500\u2500\u2500\u2500\u2500\u2500\u2500\u2500\u2500\u2500\u2500\u2500\u2500\u2500\u2500\u2500\u2500\x1b[0m\x1b[31m\u2500\u2510\x1b[0m\n\x1b[31m\u2502\x1b[0m \x1b[33mC:\\Users\\realj\\Desktop\\api\\app\\middleware\\logging.py\x1b[0m:\x1b[94m47\x1b[0m in \x1b[92mdispatch\x1b[0m                              \x1b[31m\u2502\x1b[0m\n\x1b[31m\u2502\x1b[0m                                                                                                  \x1b[31m\u2502\x1b[0m\n\x1b[31m\u2502\x1b[0m   \x1b[2m 44 \x1b[0m\x1b[2m\u2502   \u2502   \x1b[0m)                                                                                  \x1b[31m\u2502\x1b[0m\n\x1b[31m\u2502\x1b[0m   \x1b[2m 45 \x1b[0m\x1b[2m\u2502   \u2502   \x1b[0m                                                                                   \x1b[31m\u2502\x1b[0m\n\x1b[31m\u2502\x1b[0m   \x1b[2m 46 \x1b[0m\x1b[2m\u2502   \u2502   \x1b[0m\x1b[94mtry\x1b[0m:                                                                               \x1b[31m\u2502\x1b[0m\n\x1b[31m\u2502\x1b[0m \x1b[31m> \x1b[0m 47 \x1b[2m\u2502   \u2502   \u2502   \x1b[0mresponse = \x1b[94mawait\x1b[0m call_next(request)                                            \x1b[31m\u2502\x1b[0m\n\x1b[31m\u2502\x1b[0m   \x1b[2m 48 \x1b[0m\x1b[2m\u2502   \u2502   \u2502   \x1b[0m                                                                               \x1b[31m\u2502\x1b[0m\n\x1b[31m\u2502\x1b[0m   \x1b[2m 49 \x1b[0m\x1b[2m\u2502   \u2502   \u2502   \x1b[0mduration = time.time() - start_time                                            \x1b[31m\u2502\x1b[0m\n\x1b[31m\u2502\x1b[0m   \x1b[2m 50 \x1b[0m                                                                                           \x1b[31m\u2502\x1b[0m\n\x1b[31m\u2502\x1b[0m                                                                                                  \x1b[31m\u2502\x1b[0m\n\x1b[31m\u2502\x1b[0m \x1b[33m\u250c\u2500\x1b[0m\x1b[33m\u2500\u2500\u2500\u2500\u2500\u2500\u2500\u2500\u2500\u2500\u2500\u2500\u2500\u2500\u2500\u2500\u2500\u2500\u2500\u2500\u2500\u2500\u2500\u2500\u2500\u2500\u2500\u2500\u2500\u2500\u2500\u2500\u2500\u2500\u2500\u2500\u2500\u2500\u2500\u2500\u2500\u2500\x1b[0m\x1b[33m locals \x1b[0m\x1b[33m\u2500\u2500\u2500\u2500\u2500\u2500\u2500\u2500\u2500\u2500\u2500\u2500\u2500\u2500\u2500\u2500\u2500\u2500\u2500\u2500\u2500\u2500\u2500\u2500\u2500\u2500\u2500\u2500\u2500\u2500\u2500\u2500\u2500\u2500\u2500\u2500\u2500\u2500\u2500\u2500\u2500\u2500\x1b[0m\x1b[33m\u2500\u2510\x1b[0m \x1b[31m\u2502\x1b[0m\n\x1b[31m\u2502\x1b[0m \x1b[33m\u2502\x1b[0m     contextvars = \x1b[1m<\x1b[0m\x1b[1;95mmodule\x1b[0m\x1b[39m \x1b[0m\x1b[33m'contextvars'\x1b[0m\x1b[39m from \x1b[0m                                                \x1b[33m\u2502\x1b[0m \x1b[31m\u2502\x1b[0m\n\x1b[31m\u2502\x1b[0m \x1b[33m\u2502\x1b[0m                   \x1b[33m'C:\\\\Users\\\\realj\\\\AppData\\\\Local\\\\Programs\\\\Python\\\\Python312\\\\Lib\\\\cont\u2026\x1b[0m \x1b[33m\u2502\x1b[0m \x1b[31m\u2502\x1b[0m\n\x1b[31m\u2502\x1b[0m \x1b[33m\u2502\x1b[0m  correlation_id = \x1b[33m'519fddd5-5f10-44da-aaec-13b67f00fd25'\x1b[0m                                     \x1b[33m\u2502\x1b[0m \x1b[31m\u2502\x1b[0m\n\x1b[31m\u2502\x1b[0m \x1b[33m\u2502\x1b[0m correlation_var = \x1b[1m<\x1b[0m\x1b[1;95mContextVar\x1b[0m\x1b[39m \x1b[0m\x1b[33mname\x1b[0m\x1b[39m=\x1b[0m\x1b[33m'correlation_id'\x1b[0m\x1b[39m \x1b[0m\x1b[33mdefault\x1b[0m\x1b[39m=\x1b[0m\x1b[94mNone\x1b[0m\x1b[39m at \x1b[0m\x1b[94m0x00000208CF70E700\x1b[0m\x1b[1m>\x1b[0m      \x1b[33m\u2502\x1b[0m \x1b[31m\u2502\x1b[0m\n\x1b[31m\u2502\x1b[0m \x1b[33m\u2502\x1b[0m        duration = \x1b[94m0.22602248191833496\x1b[0m                                                        \x1b[33m\u2502\x1b[0m \x1b[31m\u2502\x1b[0m\n\x1b[31m\u2502\x1b[0m \x1b[33m\u2502\x1b[0m               e = \x1b[1;35mRuntimeError\x1b[0m\x1b[1m(\x1b[0m\x1b[33m'Rate limiter not initialized'\x1b[0m\x1b[1m)\x1b[0m                               \x1b[33m\u2502\x1b[0m \x1b[31m\u2502\x1b[0m\n\x1b[31m\u2502\x1b[0m \x1b[33m\u2502\x1b[0m         request = \x1b[1m<\x1b[0m\x1b[1;95mstarlette.middleware.base._CachedRequest\x1b[0m\x1b[39m object at \x1b[0m\x1b[94m0x00000208CF748EF0\x1b[0m\x1b[1m>\x1b[0m    \x1b[33m\u2502\x1b[0m \x1b[31m\u2502\x1b[0m\n\x1b[31m\u2502\x1b[0m \x1b[33m\u2502\x1b[0m            self = \x1b[1m<\x1b[0m\x1b[1;95mapp.middleware.logging.RequestLoggingMiddleware\x1b[0m\x1b[39m object at \x1b[0m                \x1b[33m\u2502\x1b[0m \x1b[31m\u2502\x1b[0m\n\x1b[31m\u2502\x1b[0m \x1b[33m\u2502\x1b[0m                   \x1b[94m0x00000208CF748DA0\x1b[0m\x1b[1m>\x1b[0m                                                        \x1b[33m\u2502\x1b[0m \x1b[31m\u2502\x1b[0m\n\x1b[31m\u2502\x1b[0m \x1b[33m\u2502\x1b[0m      start_time = \x1b[94m1783978478.228175\x1b[0m                                                          \x1b[33m\u2502\x1b[0m \x1b[31m\u2502\x1b[0m\n\x1b[31m\u2502\x1b[0m \x1b[33m\u2502\x1b[0m           token = \x1b[1m<\x1b[0m\x1b[1;95mToken\x1b[0m\x1b[39m \x1b[0m\x1b[33mvar\x1b[0m\x1b[39m=<ContextVar \x1b[0m\x1b[33mname\x1b[0m\x1b[39m=\x1b[0m\x1b[33m'correlation_id'\x1b[0m\x1b[39m \x1b[0m\x1b[33mdefault\x1b[0m\x1b[39m=\x1b[0m\x1b[94mNone\x1b[0m\x1b[39m at \x1b[0m              \x1b[33m\u2502\x1b[0m \x1b[31m\u2502\x1b[0m\n\x1b[31m\u2502\x1b[0m \x1b[33m\u2502\x1b[0m                   \x1b[94m0x00000208CF70E700\x1b[0m\x1b[39m> at \x1b[0m\x1b[94m0x00000208CF73D1C0\x1b[0m\x1b[1m>\x1b[0m                                 \x1b[33m\u2502\x1b[0m \x1b[31m\u2502\x1b[0m\n\x1b[31m\u2502\x1b[0m \x1b[33m\u2514\u2500\u2500\u2500\u2500\u2500\u2500\u2500\u2500\u2500\u2500\u2500\u2500\u2500\u2500\u2500\u2500\u2500\u2500\u2500\u2500\u2500\u2500\u2500\u2500\u2500\u2500\u2500\u2500\u2500\u2500\u2500\u2500\u2500\u2500\u2500\u2500\u2500\u2500\u2500\u2500\u2500\u2500\u2500\u2500\u2500\u2500\u2500\u2500\u2500\u2500\u2500\u2500\u2500\u2500\u2500\u2500\u2500\u2500\u2500\u2500\u2500\u2500\u2500\u2500\u2500\u2500\u2500\u2500\u2500\u2500\u2500\u2500\u2500\u2500\u2500\u2500\u2500\u2500\u2500\u2500\u2500\u2500\u2500\u2500\u2500\u2500\u2500\u2500\u2500\u2500\u2500\u2500\u2500\u2500\u2518\x1b[0m \x1b[31m\u2502\x1b[0m\n\x1b[31m\u2502\x1b[0m                                                                                                  \x1b[31m\u2502\x1b[0m\n\x1b[31m\u2502\x1b[0m \x1b[33mC:\\Users\\realj\\AppData\\Local\\Programs\\Python\\Python312\\Lib\\site-packages\\starlette\\middleware\\ba\x1b[0m \x1b[31m\u2502\x1b[0m\n\x1b[31m\u2502\x1b[0m \x1b[33mse.py\x1b[0m:\x1b[94m165\x1b[0m in \x1b[92mcall_next\x1b[0m                                                                           \x1b[31m\u2502\x1b[0m\n\x1b[31m\u2502\x1b[0m                                                                                                  \x1b[31m\u2502\x1b[0m\n\x1b[31m\u2502\x1b[0m   \x1b[2m162 \x1b[0m\x1b[2m\u2502   \u2502   \u2502   \u2502   \u2502   \x1b[0mmessage = \x1b[94mawait\x1b[0m recv_stream.receive()                                  \x1b[31m\u2502\x1b[0m\n\x1b[31m\u2502\x1b[0m   \x1b[2m163 \x1b[0m\x1b[2m\u2502   \u2502   \u2502   \x1b[0m\x1b[94mexcept\x1b[0m anyio.EndOfStream:                                                      \x1b[31m\u2502\x1b[0m\n\x1b[31m\u2502\x1b[0m   \x1b[2m164 \x1b[0m\x1b[2m\u2502   \u2502   \u2502   \u2502   \x1b[0m\x1b[94mif\x1b[0m app_exc \x1b[95mis\x1b[0m \x1b[95mnot\x1b[0m \x1b[94mNone\x1b[0m:                                                    \x1b[31m\u2502\x1b[0m\n\x1b[31m\u2502\x1b[0m \x1b[31m> \x1b[0m165 \x1b[2m\u2502   \u2502   \u2502   \u2502   \u2502   \x1b[0m\x1b[1;4;94mraise\x1b[0m\x1b[1;4m app_exc\x1b[0m                                                          \x1b[31m\u2502\x1b[0m\n\x1b[31m\u2502\x1b[0m   \x1b[2m166 \x1b[0m\x1b[2m\u2502   \u2502   \u2502   \u2502   \x1b[0m\x1b[94mraise\x1b[0m \x1b[96mRuntimeError\x1b[0m(\x1b[33m"\x1b[0m\x1b[33mNo response returned.\x1b[0m\x1b[33m"\x1b[0m)                                \x1b[31m\u2502\x1b[0m\n\x1b[31m\u2502\x1b[0m   \x1b[2m167 \x1b[0m\x1b[2m\u2502   \u2502   \u2502   \x1b[0m                                                                               \x1b[31m\u2502\x1b[0m\n\x1b[31m\u2502\x1b[0m   \x1b[2m168 \x1b[0m\x1b[2m\u2502   \u2502   \u2502   \x1b[0m\x1b[94massert\x1b[0m message[\x1b[33m"\x1b[0m\x1b[33mtype\x1b[0m\x1b[33m"\x1b[0m] == \x1b[33m"\x1b[0m\x1b[33mhttp.response.start\x1b[0m\x1b[33m"\x1b[0m                                \x1b[31m\u2502\x1b[0m\n\x1b[31m\u2502\x1b[0m                                                                                                  \x1b[31m\u2502\x1b[0m\n\x1b[31m\u2502\x1b[0m \x1b[33m\u250c\u2500\x1b[0m\x1b[33m\u2500\u2500\u2500\u2500\u2500\u2500\u2500\u2500\u2500\u2500\u2500\u2500\u2500\u2500\u2500\u2500\u2500\u2500\u2500\u2500\u2500\u2500\u2500\u2500\u2500\u2500\u2500\u2500\u2500\u2500\u2500\u2500\u2500\u2500\u2500\u2500\u2500\u2500\u2500\u2500\u2500\u2500\x1b[0m\x1b[33m locals \x1b[0m\x1b[33m\u2500\u2500\u2500\u2500\u2500\u2500\u2500\u2500\u2500\u2500\u2500\u2500\u2500\u2500\u2500\u2500\u2500\u2500\u2500\u2500\u2500\u2500\u2500\u2500\u2500\u2500\u2500\u2500\u2500\u2500\u2500\u2500\u2500\u2500\u2500\u2500\u2500\u2500\u2500\u2500\u2500\u2500\x1b[0m\x1b[33m\u2500\u2510\x1b[0m \x1b[31m\u2502\x1b[0m\n\x1b[31m\u2502\x1b[0m \x1b[33m\u2502\x1b[0m         app_exc = \x1b[1;35mRuntimeError\x1b[0m\x1b[1m(\x1b[0m\x1b[33m'Rate limiter not initialized'\x1b[0m\x1b[1m)\x1b[0m                               \x1b[33m\u2502\x1b[0m \x1b[31m\u2502\x1b[0m\n\x1b[31m\u2502\x1b[0m \x1b[33m\u2502\x1b[0m     recv_stream = \x1b[1;35mMemoryObjectReceiveStream\x1b[0m\x1b[1m(\x1b[0m                                                 \x1b[33m\u2502\x1b[0m \x1b[31m\u2502\x1b[0m\n\x1b[31m\u2502\x1b[0m \x1b[33m\u2502\x1b[0m                   \x1b[2m\u2502   \x1b[0m\x1b[33m_state\x1b[0m=\x1b[1;35m_MemoryObjectStreamState\x1b[0m\x1b[1m(\x1b[0m                                       \x1b[33m\u2502\x1b[0m \x1b[31m\u2502\x1b[0m\n\x1b[31m\u2502\x1b[0m \x1b[33m\u2502\x1b[0m                   \x1b[2m\u2502   \u2502   \x1b[0m\x1b[33mmax_buffer_size\x1b[0m=\x1b[94m0\x1b[0m,                                                 \x1b[33m\u2502\x1b[0m \x1b[31m\u2502\x1b[0m\n\x1b[31m\u2502\x1b[0m \x1b[33m\u2502\x1b[0m                   \x1b[2m\u2502   \u2502   \x1b[0m\x1b[33mbuffer\x1b[0m=\x1b[1;35mdeque\x1b[0m\x1b[1m(\x1b[0m\x1b[1m)\x1b[0m,                                                    \x1b[33m\u2502\x1b[0m \x1b[31m\u2502\x1b[0m\n\x1b[31m\u2502\x1b[0m \x1b[33m\u2502\x1b[0m                   \x1b[2m\u2502   \u2502   \x1b[0m\x1b[33mopen_send_channels\x1b[0m=\x1b[94m0\x1b[0m,                                              \x1b[33m\u2502\x1b[0m \x1b[31m\u2502\x1b[0m\n\x1b[31m\u2502\x1b[0m \x1b[33m\u2502\x1b[0m                   \x1b[2m\u2502   \u2502   \x1b[0m\x1b[33mopen_receive_channels\x1b[0m=\x1b[94m1\x1b[0m,                                           \x1b[33m\u2502\x1b[0m \x1b[31m\u2502\x1b[0m\n\x1b[31m\u2502\x1b[0m \x1b[33m\u2502\x1b[0m                   \x1b[2m\u2502   \u2502   \x1b[0m\x1b[33mwaiting_receivers\x1b[0m=\x1b[1;35mOrderedDict\x1b[0m\x1b[1m(\x1b[0m\x1b[1m)\x1b[0m,                                   \x1b[33m\u2502\x1b[0m \x1b[31m\u2502\x1b[0m\n\x1b[31m\u2502\x1b[0m \x1b[33m\u2502\x1b[0m                   \x1b[2m\u2502   \u2502   \x1b[0m\x1b[33mwaiting_senders\x1b[0m=\x1b[1;35mOrderedDict\x1b[0m\x1b[1m(\x1b[0m\x1b[1m)\x1b[0m                                      \x1b[33m\u2502\x1b[0m \x1b[31m\u2502\x1b[0m\n\x1b[31m\u2502\x1b[0m \x1b[33m\u2502\x1b[0m                   \x1b[2m\u2502   \x1b[0m\x1b[1m)\x1b[0m,                                                                     \x1b[33m\u2502\x1b[0m \x1b[31m\u2502\x1b[0m\n\x1b[31m\u2502\x1b[0m \x1b[33m\u2502\x1b[0m                   \x1b[2m\u2502   \x1b[0m\x1b[33m_closed\x1b[0m=\x1b[94mFalse\x1b[0m                                                          \x1b[33m\u2502\x1b[0m \x1b[31m\u2502\x1b[0m\n\x1b[31m\u2502\x1b[0m \x1b[33m\u2502\x1b[0m                   \x1b[1m)\x1b[0m                                                                          \x1b[33m\u2502\x1b[0m \x1b[31m\u2502\x1b[0m\n\x1b[31m\u2502\x1b[0m \x1b[33m\u2502\x1b[0m         request = \x1b[1m<\x1b[0m\x1b[1;95mstarlette.middleware.base._CachedRequest\x1b[0m\x1b[39m object at \x1b[0m\x1b[94m0x00000208CF748EF0\x1b[0m\x1b[1m>\x1b[0m    \x1b[33m\u2502\x1b[0m \x1b[31m\u2502\x1b[0m\n\x1b[31m\u2502\x1b[0m \x1b[33m\u2502\x1b[0m   response_sent = \x1b[1m<\x1b[0m\x1b[1;95manyio._backends._asyncio.Event\x1b[0m\x1b[39m object at \x1b[0m\x1b[94m0x00000208CF748F20\x1b[0m\x1b[1m>\x1b[0m              \x1b[33m\u2502\x1b[0m \x1b[31m\u2502\x1b[0m\n\x1b[31m\u2502\x1b[0m \x1b[33m\u2502\x1b[0m           scope = \x1b[1m{\x1b[0m                                                                          \x1b[33m\u2502\x1b[0m \x1b[31m\u2502\x1b[0m\n\x1b[31m\u2502\x1b[0m \x1b[33m\u2502\x1b[0m                   \x1b[2m\u2502   \x1b[0m\x1b[33m'type'\x1b[0m: \x1b[33m'http'\x1b[0m,                                                        \x1b[33m\u2502\x1b[0m \x1b[31m\u2502\x1b[0m\n\x1b[31m\u2502\x1b[0m \x1b[33m\u2502\x1b[0m                   \x1b[2m\u2502   \x1b[0m\x1b[33m'asgi'\x1b[0m: \x1b[1m{\x1b[0m\x1b[33m'version'\x1b[0m: \x1b[33m'3.0'\x1b[0m\x1b[1m}\x1b[0m,                                            \x1b[33m\u2502\x1b[0m \x1b[31m\u2502\x1b[0m\n\x1b[31m\u2502\x1b[0m \x1b[33m\u2502\x1b[0m                   \x1b[2m\u2502   \x1b[0m\x1b[33m'http_version'\x1b[0m: \x1b[33m'1.1'\x1b[0m,                                                 \x1b[33m\u2502\x1b[0m \x1b[31m\u2502\x1b[0m\n\x1b[31m\u2502\x1b[0m \x1b[33m\u2502\x1b[0m                   \x1b[2m\u2502   \x1b[0m\x1b[33m'method'\x1b[0m: \x1b[33m'POST'\x1b[0m,                                                      \x1b[33m\u2502\x1b[0m \x1b[31m\u2502\x1b[0m\n\x1b[31m\u2502\x1b[0m \x1b[33m\u2502\x1b[0m                   \x1b[2m\u2502   \x1b[0m\x1b[33m'headers'\x1b[0m: \x1b[1m[\x1b[0m                                                           \x1b[33m\u2502\x1b[0m \x1b[31m\u2502\x1b[0m\n\x1b[31m\u2502\x1b[0m \x1b[33m\u2502\x1b[0m                   \x1b[2m\u2502   \u2502   \x1b[0m\x1b[1m(\x1b[0m\x1b[33mb'host'\x1b[0m, \x1b[33mb'test'\x1b[0m\x1b[1m)\x1b[0m,                                                \x1b[33m\u2502\x1b[0m \x1b[31m\u2502\x1b[0m\n\x1b[31m\u2502\x1b[0m \x1b[33m\u2502\x1b[0m                   \x1b[2m\u2502   \u2502   \x1b[0m\x1b[1m(\x1b[0m\x1b[33mb'accept'\x1b[0m, \x1b[33mb'*/*'\x1b[0m\x1b[1m)\x1b[0m,                                               \x1b[33m\u2502\x1b[0m \x1b[31m\u2502\x1b[0m\n\x1b[31m\u2502\x1b[0m \x1b[33m\u2502\x1b[0m                   \x1b[2m\u2502   \u2502   \x1b[0m\x1b[1m(\x1b[0m\x1b[33mb'accept-encoding'\x1b[0m, \x1b[33mb'gzip, deflate'\x1b[0m\x1b[1m)\x1b[0m,                            \x1b[33m\u2502\x1b[0m \x1b[31m\u2502\x1b[0m\n\x1b[31m\u2502\x1b[0m \x1b[33m\u2502\x1b[0m                   \x1b[2m\u2502   \u2502   \x1b[0m\x1b[1m(\x1b[0m\x1b[33mb'connection'\x1b[0m, \x1b[33mb'keep-alive'\x1b[0m\x1b[1m)\x1b[0m,                                    \x1b[33m\u2502\x1b[0m \x1b[31m\u2502\x1b[0m\n\x1b[31m\u2502\x1b[0m \x1b[33m\u2502\x1b[0m                   \x1b[2m\u2502   \u2502   \x1b[0m\x1b[1m(\x1b[0m\x1b[33mb'user-agent'\x1b[0m, \x1b[33mb'python-httpx/0.26.0'\x1b[0m\x1b[1m)\x1b[0m,                           \x1b[33m\u2502\x1b[0m \x1b[31m\u2502\x1b[0m\n\x1b[31m\u2502\x1b[0m \x1b[33m\u2502\x1b[0m                   \x1b[2m\u2502   \u2502   \x1b[0m\x1b[1m(\x1b[0m\x1b[33mb'authorization'\x1b[0m, \x1b[33mb'Bearer di_testkey123'\x1b[0m\x1b[1m)\x1b[0m,                       \x1b[33m\u2502\x1b[0m \x1b[31m\u2502\x1b[0m\n\x1b[31m\u2502\x1b[0m \x1b[33m\u2502\x1b[0m                   \x1b[2m\u2502   \u2502   \x1b[0m\x1b[1m(\x1b[0m\x1b[33mb'content-length'\x1b[0m, \x1b[33mb'201'\x1b[0m\x1b[1m)\x1b[0m,                                       \x1b[33m\u2502\x1b[0m \x1b[31m\u2502\x1b[0m\n\x1b[31m\u2502\x1b[0m \x1b[33m\u2502\x1b[0m                   \x1b[2m\u2502   \u2502   \x1b[0m\x1b[1m(\x1b[0m                                                                  \x1b[33m\u2502\x1b[0m \x1b[31m\u2502\x1b[0m\n\x1b[31m\u2502\x1b[0m \x1b[33m\u2502\x1b[0m                   \x1b[2m\u2502   \u2502   \u2502   \x1b[0m\x1b[33mb'content-type'\x1b[0m,                                               \x1b[33m\u2502\x1b[0m \x1b[31m\u2502\x1b[0m\n\x1b[31m\u2502\x1b[0m \x1b[33m\u2502\x1b[0m                   \x1b[2m\u2502   \u2502   \u2502   \x1b[0m\x1b[33mb'multipart/form-data; \x1b[0m                                        \x1b[33m\u2502\x1b[0m \x1b[31m\u2502\x1b[0m\n\x1b[31m\u2502\x1b[0m \x1b[33m\u2502\x1b[0m                   \x1b[33mboundary\x1b[0m\x1b[33m=\x1b[0m\x1b[33m0dbbeb47f7753326ffe6a6a5e7eed486\x1b[0m\x1b[33m'\x1b[0m                                 \x1b[33m\u2502\x1b[0m \x1b[31m\u2502\x1b[0m\n\x1b[31m\u2502\x1b[0m \x1b[33m\u2502\x1b[0m                   \x1b[2m\u2502   \u2502   \x1b[0m\x1b[1m)\x1b[0m                                                                  \x1b[33m\u2502\x1b[0m \x1b[31m\u2502\x1b[0m\n\x1b[31m\u2502\x1b[0m \x1b[33m\u2502\x1b[0m                   \x1b[2m\u2502   \x1b[0m\x1b[1m]\x1b[0m,                                                                     \x1b[33m\u2502\x1b[0m \x1b[31m\u2502\x1b[0m\n\x1b[31m\u2502\x1b[0m \x1b[33m\u2502\x1b[0m                   \x1b[2m\u2502   \x1b[0m\x1b[33m'scheme'\x1b[0m: \x1b[33m'http'\x1b[0m,                                                      \x1b[33m\u2502\x1b[0m \x1b[31m\u2502\x1b[0m\n\x1b[31m\u2502\x1b[0m \x1b[33m\u2502\x1b[0m                   \x1b[2m\u2502   \x1b[0m\x1b[33m'path'\x1b[0m: \x1b[33m'/api/v1/documents/upload'\x1b[0m,                                    \x1b[33m\u2502\x1b[0m \x1b[31m\u2502\x1b[0m\n\x1b[31m\u2502\x1b[0m \x1b[33m\u2502\x1b[0m                   \x1b[2m\u2502   \x1b[0m\x1b[33m'raw_path'\x1b[0m: \x1b[33mb'/api/v1/documents/upload'\x1b[0m,                               \x1b[33m\u2502\x1b[0m \x1b[31m\u2502\x1b[0m\n\x1b[31m\u2502\x1b[0m \x1b[33m\u2502\x1b[0m                   \x1b[2m\u2502   \x1b[0m\x1b[33m'query_string'\x1b[0m: \x1b[33mb''\x1b[0m,                                                   \x1b[33m\u2502\x1b[0m \x1b[31m\u2502\x1b[0m\n\x1b[31m\u2502\x1b[0m \x1b[33m\u2502\x1b[0m                   \x1b[2m\u2502   \x1b[0m\x1b[33m'server'\x1b[0m: \x1b[1m(\x1b[0m\x1b[33m'test'\x1b[0m, \x1b[94mNone\x1b[0m\x1b[1m)\x1b[0m,                                              \x1b[33m\u2502\x1b[0m \x1b[31m\u2502\x1b[0m\n\x1b[31m\u2502\x1b[0m \x1b[33m\u2502\x1b[0m                   \x1b[2m\u2502   \x1b[0m\x1b[33m...\x1b[0m +\x1b[94m10\x1b[0m                                                                \x1b[33m\u2502\x1b[0m \x1b[31m\u2502\x1b[0m\n\x1b[31m\u2502\x1b[0m \x1b[33m\u2502\x1b[0m                   \x1b[1m}\x1b[0m                                                                          \x1b[33m\u2502\x1b[0m \x1b[31m\u2502\x1b[0m\n\x1b[31m\u2502\x1b[0m \x1b[33m\u2502\x1b[0m            self = \x1b[1m<\x1b[0m\x1b[1;95mapp.middleware.logging.RequestLoggingMiddleware\x1b[0m\x1b[39m object at \x1b[0m                \x1b[33m\u2502\x1b[0m \x1b[31m\u2502\x1b[0m\n\x1b[31m\u2502\x1b[0m \x1b[33m\u2502\x1b[0m                   \x1b[94m0x00000208CF748DA0\x1b[0m\x1b[1m>\x1b[0m                                                        \x1b[33m\u2502\x1b[0m \x1b[31m\u2502\x1b[0m\n\x1b[31m\u2502\x1b[0m \x1b[33m\u2502\x1b[0m     send_stream = \x1b[1;35mMemoryObjectSendStream\x1b[0m\x1b[1m(\x1b[0m                                                    \x1b[33m\u2502\x1b[0m \x1b[31m\u2502\x1b[0m\n\x1b[31m\u2502\x1b[0m \x1b[33m\u2502\x1b[0m                   \x1b[2m\u2502   \x1b[0m\x1b[33m_state\x1b[0m=\x1b[1;35m_MemoryObjectStreamState\x1b[0m\x1b[1m(\x1b[0m                                       \x1b[33m\u2502\x1b[0m \x1b[31m\u2502\x1b[0m\n\x1b[31m\u2502\x1b[0m \x1b[33m\u2502\x1b[0m                   \x1b[2m\u2502   \u2502   \x1b[0m\x1b[33mmax_buffer_size\x1b[0m=\x1b[94m0\x1b[0m,                                                 \x1b[33m\u2502\x1b[0m \x1b[31m\u2502\x1b[0m\n\x1b[31m\u2502\x1b[0m \x1b[33m\u2502\x1b[0m                   \x1b[2m\u2502   \u2502   \x1b[0m\x1b[33mbuffer\x1b[0m=\x1b[1;35mdeque\x1b[0m\x1b[1m(\x1b[0m\x1b[1m)\x1b[0m,                                                    \x1b[33m\u2502\x1b[0m \x1b[31m\u2502\x1b[0m\n\x1b[31m\u2502\x1b[0m \x1b[33m\u2502\x1b[0m                   \x1b[2m\u2502   \u2502   \x1b[0m\x1b[33mopen_send_channels\x1b[0m=\x1b[94m0\x1b[0m,                                              \x1b[33m\u2502\x1b[0m \x1b[31m\u2502\x1b[0m\n\x1b[31m\u2502\x1b[0m \x1b[33m\u2502\x1b[0m                   \x1b[2m\u2502   \u2502   \x1b[0m\x1b[33mopen_receive_channels\x1b[0m=\x1b[94m1\x1b[0m,                                           \x1b[33m\u2502\x1b[0m \x1b[31m\u2502\x1b[0m\n\x1b[31m\u2502\x1b[0m \x1b[33m\u2502\x1b[0m                   \x1b[2m\u2502   \u2502   \x1b[0m\x1b[33mwaiting_receivers\x1b[0m=\x1b[1;35mOrderedDict\x1b[0m\x1b[1m(\x1b[0m\x1b[1m)\x1b[0m,                                   \x1b[33m\u2502\x1b[0m \x1b[31m\u2502\x1b[0m\n\x1b[31m\u2502\x1b[0m \x1b[33m\u2502\x1b[0m                   \x1b[2m\u2502   \u2502   \x1b[0m\x1b[33mwaiting_senders\x1b[0m=\x1b[1;35mOrderedDict\x1b[0m\x1b[1m(\x1b[0m\x1b[1m)\x1b[0m                                      \x1b[33m\u2502\x1b[0m \x1b[31m\u2502\x1b[0m\n\x1b[31m\u2502\x1b[0m \x1b[33m\u2502\x1b[0m                   \x1b[2m\u2502   \x1b[0m\x1b[1m)\x1b[0m,                                                                     \x1b[33m\u2502\x1b[0m \x1b[31m\u2502\x1b[0m\n\x1b[31m\u2502\x1b[0m \x1b[33m\u2502\x1b[0m                   \x1b[2m\u2502   \x1b[0m\x1b[33m_closed\x1b[0m=\x1b[94mTrue\x1b[0m                                                           \x1b[33m\u2502\x1b[0m \x1b[31m\u2502\x1b[0m\n\x1b[31m\u2502\x1b[0m \x1b[33m\u2502\x1b[0m                   \x1b[1m)\x1b[0m                                                                          \x1b[33m\u2502\x1b[0m \x1b[31m\u2502\x1b[0m\n\x1b[31m\u2502\x1b[0m \x1b[33m\u2502\x1b[0m      task_group = \x1b[1m<\x1b[0m\x1b[1;95manyio._backends._asyncio.TaskGroup\x1b[0m\x1b[39m object at \x1b[0m\x1b[94m0x00000208CF748FB0\x1b[0m\x1b[1m>\x1b[0m          \x1b[33m\u2502\x1b[0m \x1b[31m\u2502\x1b[0m\n\x1b[31m\u2502\x1b[0m \x1b[33m\u2502\x1b[0m wrapped_receive = \x1b[1m<\x1b[0m\x1b[1;95mbound\x1b[0m\x1b[39m method _CachedRequest.wrapped_receive of \x1b[0m                           \x1b[33m\u2502\x1b[0m \x1b[31m\u2502\x1b[0m\n\x1b[31m\u2502\x1b[0m \x1b[33m\u2502\x1b[0m                   \x1b[39m<starlette.middleware.base._CachedRequest object at \x1b[0m\x1b[94m0x00000208CF748EF0\x1b[0m\x1b[39m>\x1b[0m\x1b[1m>\x1b[0m   \x1b[33m\u2502\x1b[0m \x1b[31m\u2502\x1b[0m\n\x1b[31m\u2502\x1b[0m \x1b[33m\u2514\u2500\u2500\u2500\u2500\u2500\u2500\u2500\u2500\u2500\u2500\u2500\u2500\u2500\u2500\u2500\u2500\u2500\u2500\u2500\u2500\u2500\u2500\u2500\u2500\u2500\u2500\u2500\u2500\u2500\u2500\u2500\u2500\u2500\u2500\u2500\u2500\u2500\u2500\u2500\u2500\u2500\u2500\u2500\u2500\u2500\u2500\u2500\u2500\u2500\u2500\u2500\u2500\u2500\u2500\u2500\u2500\u2500\u2500\u2500\u2500\u2500\u2500\u2500\u2500\u2500\u2500\u2500\u2500\u2500\u2500\u2500\u2500\u2500\u2500\u2500\u2500\u2500\u2500\u2500\u2500\u2500\u2500\u2500\u2500\u2500\u2500\u2500\u2500\u2500\u2500\u2500\u2500\u2500\u2500\u2518\x1b[0m \x1b[31m\u2502\x1b[0m\n\x1b[31m\u2502\x1b[0m                                                                                                  \x1b[31m\u2502\x1b[0m\n\x1b[31m\u2502\x1b[0m \x1b[33mC:\\Users\\realj\\AppData\\Local\\Programs\\Python\\Python312\\Lib\\site-packages\\starlette\\middleware\\ba\x1b[0m \x1b[31m\u2502\x1b[0m\n\x1b[31m\u2502\x1b[0m \x1b[33mse.py\x1b[0m:\x1b[94m151\x1b[0m in \x1b[92mcoro\x1b[0m                                                                                \x1b[31m\u2502\x1b[0m\n\x1b[31m\u2502\x1b[0m                                                                                                  \x1b[31m\u2502\x1b[0m\n\x1b[31m\u2502\x1b[0m   \x1b[2m148 \x1b[0m\x1b[2m\u2502   \u2502   \u2502   \u2502   \x1b[0m                                                                           \x1b[31m\u2502\x1b[0m\n\x1b[31m\u2502\x1b[0m   \x1b[2m149 \x1b[0m\x1b[2m\u2502   \u2502   \u2502   \u2502   \x1b[0m\x1b[94masync\x1b[0m \x1b[94mwith\x1b[0m \x1b[1;4msend_stream\x1b[0m:                                                    \x1b[31m\u2502\x1b[0m\n\x1b[31m\u2502\x1b[0m   \x1b[2m150 \x1b[0m\x1b[2m\u2502   \u2502   \u2502   \u2502   \u2502   \x1b[0m\x1b[94mtry\x1b[0m:                                                                   \x1b[31m\u2502\x1b[0m\n\x1b[31m\u2502\x1b[0m \x1b[31m> \x1b[0m151 \x1b[2m\u2502   \u2502   \u2502   \u2502   \u2502   \u2502   \x1b[0m\x1b[94mawait\x1b[0m \x1b[96mself\x1b[0m.app(scope, receive_or_disconnect, send_no_error)        \x1b[31m\u2502\x1b[0m\n\x1b[31m\u2502\x1b[0m   \x1b[2m152 \x1b[0m\x1b[2m\u2502   \u2502   \u2502   \u2502   \u2502   \x1b[0m\x1b[94mexcept\x1b[0m \x1b[96mException\x1b[0m \x1b[94mas\x1b[0m exc:                                               \x1b[31m\u2502\x1b[0m\n\x1b[31m\u2502\x1b[0m   \x1b[2m153 \x1b[0m\x1b[2m\u2502   \u2502   \u2502   \u2502   \u2502   \u2502   \x1b[0mapp_exc = exc                                                      \x1b[31m\u2502\x1b[0m\n\x1b[31m\u2502\x1b[0m   \x1b[2m154 \x1b[0m                                                                                           \x1b[31m\u2502\x1b[0m\n\x1b[31m\u2502\x1b[0m                                                                                                  \x1b[31m\u2502\x1b[0m\n\x1b[31m\u2502\x1b[0m \x1b[33m\u250c\u2500\x1b[0m\x1b[33m\u2500\u2500\u2500\u2500\u2500\u2500\u2500\u2500\u2500\u2500\u2500\u2500\u2500\u2500\u2500\u2500\u2500\u2500\u2500\u2500\u2500\u2500\u2500\u2500\u2500\u2500\u2500\u2500\u2500\u2500\u2500\u2500\u2500\u2500\u2500\u2500\u2500\u2500\u2500\u2500\u2500\u2500\x1b[0m\x1b[33m locals \x1b[0m\x1b[33m\u2500\u2500\u2500\u2500\u2500\u2500\u2500\u2500\u2500\u2500\u2500\u2500\u2500\u2500\u2500\u2500\u2500\u2500\u2500\u2500\u2500\u2500\u2500\u2500\u2500\u2500\u2500\u2500\u2500\u2500\u2500\u2500\u2500\u2500\u2500\u2500\u2500\u2500\u2500\u2500\u2500\u2500\x1b[0m\x1b[33m\u2500\u2510\x1b[0m \x1b[31m\u2502\x1b[0m\n\x1b[31m\u2502\x1b[0m \x1b[33m\u2502\x1b[0m     app_exc = \x1b[1;35mRuntimeError\x1b[0m\x1b[1m(\x1b[0m\x1b[33m'Rate limiter not initialized'\x1b[0m\x1b[1m)\x1b[0m                                   \x1b[33m\u2502\x1b[0m \x1b[31m\u2502\x1b[0m\n\x1b[31m\u2502\x1b[0m \x1b[33m\u2502\x1b[0m       scope = \x1b[1m{\x1b[0m                                                                              \x1b[33m\u2502\x1b[0m \x1b[31m\u2502\x1b[0m\n\x1b[31m\u2502\x1b[0m \x1b[33m\u2502\x1b[0m               \x1b[2m\u2502   \x1b[0m\x1b[33m'type'\x1b[0m: \x1b[33m'http'\x1b[0m,                                                            \x1b[33m\u2502\x1b[0m \x1b[31m\u2502\x1b[0m\n\x1b[31m\u2502\x1b[0m \x1b[33m\u2502\x1b[0m               \x1b[2m\u2502   \x1b[0m\x1b[33m'asgi'\x1b[0m: \x1b[1m{\x1b[0m\x1b[33m'version'\x1b[0m: \x1b[33m'3.0'\x1b[0m\x1b[1m}\x1b[0m,                                                \x1b[33m\u2502\x1b[0m \x1b[31m\u2502\x1b[0m\n\x1b[31m\u2502\x1b[0m \x1b[33m\u2502\x1b[0m               \x1b[2m\u2502   \x1b[0m\x1b[33m'http_version'\x1b[0m: \x1b[33m'1.1'\x1b[0m,                                                     \x1b[33m\u2502\x1b[0m \x1b[31m\u2502\x1b[0m\n\x1b[31m\u2502\x1b[0m \x1b[33m\u2502\x1b[0m               \x1b[2m\u2502   \x1b[0m\x1b[33m'method'\x1b[0m: \x1b[33m'POST'\x1b[0m,                                                          \x1b[33m\u2502\x1b[0m \x1b[31m\u2502\x1b[0m\n\x1b[31m\u2502\x1b[0m \x1b[33m\u2502\x1b[0m               \x1b[2m\u2502   \x1b[0m\x1b[33m'headers'\x1b[0m: \x1b[1m[\x1b[0m                                                               \x1b[33m\u2502\x1b[0m \x1b[31m\u2502\x1b[0m\n\x1b[31m\u2502\x1b[0m \x1b[33m\u2502\x1b[0m               \x1b[2m\u2502   \u2502   \x1b[0m\x1b[1m(\x1b[0m\x1b[33mb'host'\x1b[0m, \x1b[33mb'test'\x1b[0m\x1b[1m)\x1b[0m,                                                    \x1b[33m\u2502\x1b[0m \x1b[31m\u2502\x1b[0m\n\x1b[31m\u2502\x1b[0m \x1b[33m\u2502\x1b[0m               \x1b[2m\u2502   \u2502   \x1b[0m\x1b[1m(\x1b[0m\x1b[33mb'accept'\x1b[0m, \x1b[33mb'*/*'\x1b[0m\x1b[1m)\x1b[0m,                                                   \x1b[33m\u2502\x1b[0m \x1b[31m\u2502\x1b[0m\n\x1b[31m\u2502\x1b[0m \x1b[33m\u2502\x1b[0m               \x1b[2m\u2502   \u2502   \x1b[0m\x1b[1m(\x1b[0m\x1b[33mb'accept-encoding'\x1b[0m, \x1b[33mb'gzip, deflate'\x1b[0m\x1b[1m)\x1b[0m,                                \x1b[33m\u2502\x1b[0m \x1b[31m\u2502\x1b[0m\n\x1b[31m\u2502\x1b[0m \x1b[33m\u2502\x1b[0m               \x1b[2m\u2502   \u2502   \x1b[0m\x1b[1m(\x1b[0m\x1b[33mb'connection'\x1b[0m, \x1b[33mb'keep-alive'\x1b[0m\x1b[1m)\x1b[0m,                                        \x1b[33m\u2502\x1b[0m \x1b[31m\u2502\x1b[0m\n\x1b[31m\u2502\x1b[0m \x1b[33m\u2502\x1b[0m               \x1b[2m\u2502   \u2502   \x1b[0m\x1b[1m(\x1b[0m\x1b[33mb'user-agent'\x1b[0m, \x1b[33mb'python-httpx/0.26.0'\x1b[0m\x1b[1m)\x1b[0m,                               \x1b[33m\u2502\x1b[0m \x1b[31m\u2502\x1b[0m\n\x1b[31m\u2502\x1b[0m \x1b[33m\u2502\x1b[0m               \x1b[2m\u2502   \u2502   \x1b[0m\x1b[1m(\x1b[0m\x1b[33mb'authorization'\x1b[0m, \x1b[33mb'Bearer di_testkey123'\x1b[0m\x1b[1m)\x1b[0m,                           \x1b[33m\u2502\x1b[0m \x1b[31m\u2502\x1b[0m\n\x1b[31m\u2502\x1b[0m \x1b[33m\u2502\x1b[0m               \x1b[2m\u2502   \u2502   \x1b[0m\x1b[1m(\x1b[0m\x1b[33mb'content-length'\x1b[0m, \x1b[33mb'201'\x1b[0m\x1b[1m)\x1b[0m,                                           \x1b[33m\u2502\x1b[0m \x1b[31m\u2502\x1b[0m\n\x1b[31m\u2502\x1b[0m \x1b[33m\u2502\x1b[0m               \x1b[2m\u2502   \u2502   \x1b[0m\x1b[1m(\x1b[0m                                                                      \x1b[33m\u2502\x1b[0m \x1b[31m\u2502\x1b[0m\n\x1b[31m\u2502\x1b[0m \x1b[33m\u2502\x1b[0m               \x1b[2m\u2502   \u2502   \u2502   \x1b[0m\x1b[33mb'content-type'\x1b[0m,                                                   \x1b[33m\u2502\x1b[0m \x1b[31m\u2502\x1b[0m\n\x1b[31m\u2502\x1b[0m \x1b[33m\u2502\x1b[0m               \x1b[2m\u2502   \u2502   \u2502   \x1b[0m\x1b[33mb'multipart/form-data; \x1b[0m\x1b[33mboundary\x1b[0m\x1b[33m=\x1b[0m\x1b[33m0dbbeb47f7753326ffe6a6a5e7eed486\x1b[0m\x1b[33m'\x1b[0m  \x1b[33m\u2502\x1b[0m \x1b[31m\u2502\x1b[0m\n\x1b[31m\u2502\x1b[0m \x1b[33m\u2502\x1b[0m               \x1b[2m\u2502   \u2502   \x1b[0m\x1b[1m)\x1b[0m                                                                      \x1b[33m\u2502\x1b[0m \x1b[31m\u2502\x1b[0m\n\x1b[31m\u2502\x1b[0m \x1b[33m\u2502\x1b[0m               \x1b[2m\u2502   \x1b[0m\x1b[1m]\x1b[0m,                                                                         \x1b[33m\u2502\x1b[0m \x1b[31m\u2502\x1b[0m\n\x1b[31m\u2502\x1b[0m \x1b[33m\u2502\x1b[0m               \x1b[2m\u2502   \x1b[0m\x1b[33m'scheme'\x1b[0m: \x1b[33m'http'\x1b[0m,                                                          \x1b[33m\u2502\x1b[0m \x1b[31m\u2502\x1b[0m\n\x1b[31m\u2502\x1b[0m \x1b[33m\u2502\x1b[0m               \x1b[2m\u2502   \x1b[0m\x1b[33m'path'\x1b[0m: \x1b[33m'/api/v1/documents/upload'\x1b[0m,                                        \x1b[33m\u2502\x1b[0m \x1b[31m\u2502\x1b[0m\n\x1b[31m\u2502\x1b[0m \x1b[33m\u2502\x1b[0m               \x1b[2m\u2502   \x1b[0m\x1b[33m'raw_path'\x1b[0m: \x1b[33mb'/api/v1/documents/upload'\x1b[0m,                                   \x1b[33m\u2502\x1b[0m \x1b[31m\u2502\x1b[0m\n\x1b[31m\u2502\x1b[0m \x1b[33m\u2502\x1b[0m               \x1b[2m\u2502   \x1b[0m\x1b[33m'query_string'\x1b[0m: \x1b[33mb''\x1b[0m,                                                       \x1b[33m\u2502\x1b[0m \x1b[31m\u2502\x1b[0m\n\x1b[31m\u2502\x1b[0m \x1b[33m\u2502\x1b[0m               \x1b[2m\u2502   \x1b[0m\x1b[33m'server'\x1b[0m: \x1b[1m(\x1b[0m\x1b[33m'test'\x1b[0m, \x1b[94mNone\x1b[0m\x1b[1m)\x1b[0m,                                                  \x1b[33m\u2502\x1b[0m \x1b[31m\u2502\x1b[0m\n\x1b[31m\u2502\x1b[0m \x1b[33m\u2502\x1b[0m               \x1b[2m\u2502   \x1b[0m\x1b[33m...\x1b[0m +\x1b[94m10\x1b[0m                                                                    \x1b[33m\u2502\x1b[0m \x1b[31m\u2502\x1b[0m\n\x1b[31m\u2502\x1b[0m \x1b[33m\u2502\x1b[0m               \x1b[1m}\x1b[0m                                                                              \x1b[33m\u2502\x1b[0m \x1b[31m\u2502\x1b[0m\n\x1b[31m\u2502\x1b[0m \x1b[33m\u2502\x1b[0m        self = \x1b[1m<\x1b[0m\x1b[1;95mapp.middleware.logging.RequestLoggingMiddleware\x1b[0m\x1b[39m object at \x1b[0m\x1b[94m0x00000208CF748DA0\x1b[0m\x1b[1m>\x1b[0m \x1b[33m\u2502\x1b[0m \x1b[31m\u2502\x1b[0m\n\x1b[31m\u2502\x1b[0m \x1b[33m\u2502\x1b[0m send_stream = \x1b[1;35mMemoryObjectSendStream\x1b[0m\x1b[1m(\x1b[0m                                                        \x1b[33m\u2502\x1b[0m \x1b[31m\u2502\x1b[0m\n\x1b[31m\u2502\x1b[0m \x1b[33m\u2502\x1b[0m               \x1b[2m\u2502   \x1b[0m\x1b[33m_state\x1b[0m=\x1b[1;35m_MemoryObjectStreamState\x1b[0m\x1b[1m(\x1b[0m                                           \x1b[33m\u2502\x1b[0m \x1b[31m\u2502\x1b[0m\n\x1b[31m\u2502\x1b[0m \x1b[33m\u2502\x1b[0m               \x1b[2m\u2502   \u2502   \x1b[0m\x1b[33mmax_buffer_size\x1b[0m=\x1b[94m0\x1b[0m,                                                     \x1b[33m\u2502\x1b[0m \x1b[31m\u2502\x1b[0m\n\x1b[31m\u2502\x1b[0m \x1b[33m\u2502\x1b[0m               \x1b[2m\u2502   \u2502   \x1b[0m\x1b[33mbuffer\x1b[0m=\x1b[1;35mdeque\x1b[0m\x1b[1m(\x1b[0m\x1b[1m)\x1b[0m,                                                        \x1b[33m\u2502\x1b[0m \x1b[31m\u2502\x1b[0m\n\x1b[31m\u2502\x1b[0m \x1b[33m\u2502\x1b[0m               \x1b[2m\u2502   \u2502   \x1b[0m\x1b[33mopen_send_channels\x1b[0m=\x1b[94m0\x1b[0m,                                                  \x1b[33m\u2502\x1b[0m \x1b[31m\u2502\x1b[0m\n\x1b[31m\u2502\x1b[0m \x1b[33m\u2502\x1b[0m               \x1b[2m\u2502   \u2502   \x1b[0m\x1b[33mopen_receive_channels\x1b[0m=\x1b[94m1\x1b[0m,                                               \x1b[33m\u2502\x1b[0m \x1b[31m\u2502\x1b[0m\n\x1b[31m\u2502\x1b[0m \x1b[33m\u2502\x1b[0m               \x1b[2m\u2502   \u2502   \x1b[0m\x1b[33mwaiting_receivers\x1b[0m=\x1b[1;35mOrderedDict\x1b[0m\x1b[1m(\x1b[0m\x1b[1m)\x1b[0m,                                       \x1b[33m\u2502\x1b[0m \x1b[31m\u2502\x1b[0m\n\x1b[31m\u2502\x1b[0m \x1b[33m\u2502\x1b[0m               \x1b[2m\u2502   \u2502   \x1b[0m\x1b[33mwaiting_senders\x1b[0m=\x1b[1;35mOrderedDict\x1b[0m\x1b[1m(\x1b[0m\x1b[1m)\x1b[0m                                          \x1b[33m\u2502\x1b[0m \x1b[31m\u2502\x1b[0m\n\x1b[31m\u2502\x1b[0m \x1b[33m\u2502\x1b[0m               \x1b[2m\u2502   \x1b[0m\x1b[1m)\x1b[0m,                                                                         \x1b[33m\u2502\x1b[0m \x1b[31m\u2502\x1b[0m\n\x1b[31m\u2502\x1b[0m \x1b[33m\u2502\x1b[0m               \x1b[2m\u2502   \x1b[0m\x1b[33m_closed\x1b[0m=\x1b[94mTrue\x1b[0m                                                               \x1b[33m\u2502\x1b[0m \x1b[31m\u2502\x1b[0m\n\x1b[31m\u2502\x1b[0m \x1b[33m\u2502\x1b[0m               \x1b[1m)\x1b[0m                                                                              \x1b[33m\u2502\x1b[0m \x1b[31m\u2502\x1b[0m\n\x1b[31m\u2502\x1b[0m \x1b[33m\u2514\u2500\u2500\u2500\u2500\u2500\u2500\u2500\u2500\u2500\u2500\u2500\u2500\u2500\u2500\u2500\u2500\u2500\u2500\u2500\u2500\u2500\u2500\u2500\u2500\u2500\u2500\u2500\u2500\u2500\u2500\u2500\u2500\u2500\u2500\u2500\u2500\u2500\u2500\u2500\u2500\u2500\u2500\u2500\u2500\u2500\u2500\u2500\u2500\u2500\u2500\u2500\u2500\u2500\u2500\u2500\u2500\u2500\u2500\u2500\u2500\u2500\u2500\u2500\u2500\u2500\u2500\u2500\u2500\u2500\u2500\u2500\u2500\u2500\u2500\u2500\u2500\u2500\u2500\u2500\u2500\u2500\u2500\u2500\u2500\u2500\u2500\u2500\u2500\u2500\u2500\u2500\u2500\u2500\u2500\u2518\x1b[0m \x1b[31m\u2502\x1b[0m\n\x1b[31m\u2502\x1b[0m                                                                                                  \x1b[31m\u2502\x1b[0m\n\x1b[31m\u2502\x1b[0m \x1b[33mC:\\Users\\realj\\AppData\\Local\\Programs\\Python\\Python312\\Lib\\site-packages\\starlette\\middleware\\co\x1b[0m \x1b[31m\u2502\x1b[0m\n\x1b[31m\u2502\x1b[0m \x1b[33mrs.py\x1b[0m:\x1b[94m83\x1b[0m in \x1b[92m__call__\x1b[0m                                                                             \x1b[31m\u2502\x1b[0m\n\x1b[31m\u2502\x1b[0m                                                                                                  \x1b[31m\u2502\x1b[0m\n\x1b[31m\u2502\x1b[0m   \x1b[2m 80 \x1b[0m\x1b[2m\u2502   \u2502   \x1b[0morigin = headers.get(\x1b[33m"\x1b[0m\x1b[33morigin\x1b[0m\x1b[33m"\x1b[0m)                                                     \x1b[31m\u2502\x1b[0m\n\x1b[31m\u2502\x1b[0m   \x1b[2m 81 \x1b[0m\x1b[2m\u2502   \u2502   \x1b[0m                                                                                   \x1b[31m\u2502\x1b[0m\n\x1b[31m\u2502\x1b[0m   \x1b[2m 82 \x1b[0m\x1b[2m\u2502   \u2502   \x1b[0m\x1b[94mif\x1b[0m origin \x1b[95mis\x1b[0m \x1b[94mNone\x1b[0m:                                                                 \x1b[31m\u2502\x1b[0m\n\x1b[31m\u2502\x1b[0m \x1b[31m> \x1b[0m 83 \x1b[2m\u2502   \u2502   \u2502   \x1b[0m\x1b[1;4;94mawait\x1b[0m\x1b[1;4m \x1b[0m\x1b[1;4;96mself\x1b[0m\x1b[1;4m.app(scope, receive, send)\x1b[0m                                           \x1b[31m\u2502\x1b[0m\n\x1b[31m\u2502\x1b[0m   \x1b[2m 84 \x1b[0m\x1b[2m\u2502   \u2502   \u2502   \x1b[0m\x1b[94mreturn\x1b[0m                                                                         \x1b[31m\u2502\x1b[0m\n\x1b[31m\u2502\x1b[0m   \x1b[2m 85 \x1b[0m\x1b[2m\u2502   \u2502   \x1b[0m                                                                                   \x1b[31m\u2502\x1b[0m\n\x1b[31m\u2502\x1b[0m   \x1b[2m 86 \x1b[0m\x1b[2m\u2502   \u2502   \x1b[0m\x1b[94mif\x1b[0m method == \x1b[33m"\x1b[0m\x1b[33mOPTIONS\x1b[0m\x1b[33m"\x1b[0m \x1b[95mand\x1b[0m \x1b[33m"\x1b[0m\x1b[33maccess-control-request-method\x1b[0m\x1b[33m"\x1b[0m \x1b[95min\x1b[0m headers:             \x1b[31m\u2502\x1b[0m\n\x1b[31m\u2502\x1b[0m                                                                                                  \x1b[31m\u2502\x1b[0m\n\x1b[31m\u2502\x1b[0m \x1b[33m\u250c\u2500\x1b[0m\x1b[33m\u2500\u2500\u2500\u2500\u2500\u2500\u2500\u2500\u2500\u2500\u2500\u2500\u2500\u2500\u2500\u2500\u2500\u2500\u2500\u2500\u2500\u2500\u2500\u2500\u2500\u2500\u2500\u2500\u2500\u2500\u2500\u2500\u2500\u2500\u2500\u2500\u2500\u2500\u2500\u2500\u2500\u2500\x1b[0m\x1b[33m locals \x1b[0m\x1b[33m\u2500\u2500\u2500\u2500\u2500\u2500\u2500\u2500\u2500\u2500\u2500\u2500\u2500\u2500\u2500\u2500\u2500\u2500\u2500\u2500\u2500\u2500\u2500\u2500\u2500\u2500\u2500\u2500\u2500\u2500\u2500\u2500\u2500\u2500\u2500\u2500\u2500\u2500\u2500\u2500\u2500\u2500\x1b[0m\x1b[33m\u2500\u2510\x1b[0m \x1b[31m\u2502\x1b[0m\n\x1b[31m\u2502\x1b[0m \x1b[33m\u2502\x1b[0m headers = \x1b[1;35mHeaders\x1b[0m\x1b[1m(\x1b[0m\x1b[1m{\x1b[0m\x1b[33m'host'\x1b[0m: \x1b[33m'test'\x1b[0m, \x1b[33m'accept'\x1b[0m: \x1b[33m'*/*'\x1b[0m, \x1b[33m'accept-encoding'\x1b[0m: \x1b[33m'gzip, deflate'\x1b[0m,      \x1b[33m\u2502\x1b[0m \x1b[31m\u2502\x1b[0m\n\x1b[31m\u2502\x1b[0m \x1b[33m\u2502\x1b[0m           \x1b[33m'connection'\x1b[0m: \x1b[33m'keep-alive'\x1b[0m, \x1b[33m'user-agent'\x1b[0m: \x1b[33m'python-httpx/0.26.0'\x1b[0m, \x1b[33m'authorization'\x1b[0m:  \x1b[33m\u2502\x1b[0m \x1b[31m\u2502\x1b[0m\n\x1b[31m\u2502\x1b[0m \x1b[33m\u2502\x1b[0m           \x1b[33m'Bearer di_testkey123'\x1b[0m, \x1b[33m'content-length'\x1b[0m: \x1b[33m'201'\x1b[0m, \x1b[33m'content-type'\x1b[0m:                   \x1b[33m\u2502\x1b[0m \x1b[31m\u2502\x1b[0m\n\x1b[31m\u2502\x1b[0m \x1b[33m\u2502\x1b[0m           \x1b[33m'multipart/form-data; \x1b[0m\x1b[33mboundary\x1b[0m\x1b[33m=\x1b[0m\x1b[33m0dbbeb47f7753326ffe6a6a5e7eed486\x1b[0m\x1b[33m'\x1b[0m\x1b[1m}\x1b[0m\x1b[1m)\x1b[0m                 \x1b[33m\u2502\x1b[0m \x1b[31m\u2502\x1b[0m\n\x1b[31m\u2502\x1b[0m \x1b[33m\u2502\x1b[0m  method = \x1b[33m'POST'\x1b[0m                                                                             \x1b[33m\u2502\x1b[0m \x1b[31m\u2502\x1b[0m\n\x1b[31m\u2502\x1b[0m \x1b[33m\u2502\x1b[0m  origin = \x1b[94mNone\x1b[0m                                                                               \x1b[33m\u2502\x1b[0m \x1b[31m\u2502\x1b[0m\n\x1b[31m\u2502\x1b[0m \x1b[33m\u2502\x1b[0m   scope = \x1b[1m{\x1b[0m                                                                                  \x1b[33m\u2502\x1b[0m \x1b[31m\u2502\x1b[0m\n\x1b[31m\u2502\x1b[0m \x1b[33m\u2502\x1b[0m           \x1b[2m\u2502   \x1b[0m\x1b[33m'type'\x1b[0m: \x1b[33m'http'\x1b[0m,                                                                \x1b[33m\u2502\x1b[0m \x1b[31m\u2502\x1b[0m\n\x1b[31m\u2502\x1b[0m \x1b[33m\u2502\x1b[0m           \x1b[2m\u2502   \x1b[0m\x1b[33m'asgi'\x1b[0m: \x1b[1m{\x1b[0m\x1b[33m'version'\x1b[0m: \x1b[33m'3.0'\x1b[0m\x1b[1m}\x1b[0m,                                                    \x1b[33m\u2502\x1b[0m \x1b[31m\u2502\x1b[0m\n\x1b[31m\u2502\x1b[0m \x1b[33m\u2502\x1b[0m           \x1b[2m\u2502   \x1b[0m\x1b[33m'http_version'\x1b[0m: \x1b[33m'1.1'\x1b[0m,                                                         \x1b[33m\u2502\x1b[0m \x1b[31m\u2502\x1b[0m\n\x1b[31m\u2502\x1b[0m \x1b[33m\u2502\x1b[0m           \x1b[2m\u2502   \x1b[0m\x1b[33m'method'\x1b[0m: \x1b[33m'POST'\x1b[0m,                                                              \x1b[33m\u2502\x1b[0m \x1b[31m\u2502\x1b[0m\n\x1b[31m\u2502\x1b[0m \x1b[33m\u2502\x1b[0m           \x1b[2m\u2502   \x1b[0m\x1b[33m'headers'\x1b[0m: \x1b[1m[\x1b[0m                                                                   \x1b[33m\u2502\x1b[0m \x1b[31m\u2502\x1b[0m\n\x1b[31m\u2502\x1b[0m \x1b[33m\u2502\x1b[0m           \x1b[2m\u2502   \u2502   \x1b[0m\x1b[1m(\x1b[0m\x1b[33mb'host'\x1b[0m, \x1b[33mb'test'\x1b[0m\x1b[1m)\x1b[0m,                                                        \x1b[33m\u2502\x1b[0m \x1b[31m\u2502\x1b[0m\n\x1b[31m\u2502\x1b[0m \x1b[33m\u2502\x1b[0m           \x1b[2m\u2502   \u2502   \x1b[0m\x1b[1m(\x1b[0m\x1b[33mb'accept'\x1b[0m, \x1b[33mb'*/*'\x1b[0m\x1b[1m)\x1b[0m,                                                       \x1b[33m\u2502\x1b[0m \x1b[31m\u2502\x1b[0m\n\x1b[31m\u2502\x1b[0m \x1b[33m\u2502\x1b[0m           \x1b[2m\u2502   \u2502   \x1b[0m\x1b[1m(\x1b[0m\x1b[33mb'accept-encoding'\x1b[0m, \x1b[33mb'gzip, deflate'\x1b[0m\x1b[1m)\x1b[0m,                                    \x1b[33m\u2502\x1b[0m \x1b[31m\u2502\x1b[0m\n\x1b[31m\u2502\x1b[0m \x1b[33m\u2502\x1b[0m           \x1b[2m\u2502   \u2502   \x1b[0m\x1b[1m(\x1b[0m\x1b[33mb'connection'\x1b[0m, \x1b[33mb'keep-alive'\x1b[0m\x1b[1m)\x1b[0m,                                            \x1b[33m\u2502\x1b[0m \x1b[31m\u2502\x1b[0m\n\x1b[31m\u2502\x1b[0m \x1b[33m\u2502\x1b[0m           \x1b[2m\u2502   \u2502   \x1b[0m\x1b[1m(\x1b[0m\x1b[33mb'user-agent'\x1b[0m, \x1b[33mb'python-httpx/0.26.0'\x1b[0m\x1b[1m)\x1b[0m,                                   \x1b[33m\u2502\x1b[0m \x1b[31m\u2502\x1b[0m\n\x1b[31m\u2502\x1b[0m \x1b[33m\u2502\x1b[0m           \x1b[2m\u2502   \u2502   \x1b[0m\x1b[1m(\x1b[0m\x1b[33mb'authorization'\x1b[0m, \x1b[33mb'Bearer di_testkey123'\x1b[0m\x1b[1m)\x1b[0m,                               \x1b[33m\u2502\x1b[0m \x1b[31m\u2502\x1b[0m\n\x1b[31m\u2502\x1b[0m \x1b[33m\u2502\x1b[0m           \x1b[2m\u2502   \u2502   \x1b[0m\x1b[1m(\x1b[0m\x1b[33mb'content-length'\x1b[0m, \x1b[33mb'201'\x1b[0m\x1b[1m)\x1b[0m,                                               \x1b[33m\u2502\x1b[0m \x1b[31m\u2502\x1b[0m\n\x1b[31m\u2502\x1b[0m \x1b[33m\u2502\x1b[0m           \x1b[2m\u2502   \u2502   \x1b[0m\x1b[1m(\x1b[0m                                                                          \x1b[33m\u2502\x1b[0m \x1b[31m\u2502\x1b[0m\n\x1b[31m\u2502\x1b[0m \x1b[33m\u2502\x1b[0m           \x1b[2m\u2502   \u2502   \u2502   \x1b[0m\x1b[33mb'content-type'\x1b[0m,                                                       \x1b[33m\u2502\x1b[0m \x1b[31m\u2502\x1b[0m\n\x1b[31m\u2502\x1b[0m \x1b[33m\u2502\x1b[0m           \x1b[2m\u2502   \u2502   \u2502   \x1b[0m\x1b[33mb'multipart/form-data; \x1b[0m\x1b[33mboundary\x1b[0m\x1b[33m=\x1b[0m\x1b[33m0dbbeb47f7753326ffe6a6a5e7eed486\x1b[0m\x1b[33m'\x1b[0m      \x1b[33m\u2502\x1b[0m \x1b[31m\u2502\x1b[0m\n\x1b[31m\u2502\x1b[0m \x1b[33m\u2502\x1b[0m           \x1b[2m\u2502   \u2502   \x1b[0m\x1b[1m)\x1b[0m                                                                          \x1b[33m\u2502\x1b[0m \x1b[31m\u2502\x1b[0m\n\x1b[31m\u2502\x1b[0m \x1b[33m\u2502\x1b[0m           \x1b[2m\u2502   \x1b[0m\x1b[1m]\x1b[0m,                                                                             \x1b[33m\u2502\x1b[0m \x1b[31m\u2502\x1b[0m\n\x1b[31m\u2502\x1b[0m \x1b[33m\u2502\x1b[0m           \x1b[2m\u2502   \x1b[0m\x1b[33m'scheme'\x1b[0m: \x1b[33m'http'\x1b[0m,                                                              \x1b[33m\u2502\x1b[0m \x1b[31m\u2502\x1b[0m\n\x1b[31m\u2502\x1b[0m \x1b[33m\u2502\x1b[0m           \x1b[2m\u2502   \x1b[0m\x1b[33m'path'\x1b[0m: \x1b[33m'/api/v1/documents/upload'\x1b[0m,                                            \x1b[33m\u2502\x1b[0m \x1b[31m\u2502\x1b[0m\n\x1b[31m\u2502\x1b[0m \x1b[33m\u2502\x1b[0m           \x1b[2m\u2502   \x1b[0m\x1b[33m'raw_path'\x1b[0m: \x1b[33mb'/api/v1/documents/upload'\x1b[0m,                                       \x1b[33m\u2502\x1b[0m \x1b[31m\u2502\x1b[0m\n\x1b[31m\u2502\x1b[0m \x1b[33m\u2502\x1b[0m           \x1b[2m\u2502   \x1b[0m\x1b[33m'query_string'\x1b[0m: \x1b[33mb''\x1b[0m,                                                           \x1b[33m\u2502\x1b[0m \x1b[31m\u2502\x1b[0m\n\x1b[31m\u2502\x1b[0m \x1b[33m\u2502\x1b[0m           \x1b[2m\u2502   \x1b[0m\x1b[33m'server'\x1b[0m: \x1b[1m(\x1b[0m\x1b[33m'test'\x1b[0m, \x1b[94mNone\x1b[0m\x1b[1m)\x1b[0m,                                                      \x1b[33m\u2502\x1b[0m \x1b[31m\u2502\x1b[0m\n\x1b[31m\u2502\x1b[0m \x1b[33m\u2502\x1b[0m           \x1b[2m\u2502   \x1b[0m\x1b[33m...\x1b[0m +\x1b[94m10\x1b[0m                                                                        \x1b[33m\u2502\x1b[0m \x1b[31m\u2502\x1b[0m\n\x1b[31m\u2502\x1b[0m \x1b[33m\u2502\x1b[0m           \x1b[1m}\x1b[0m                                                                                  \x1b[33m\u2502\x1b[0m \x1b[31m\u2502\x1b[0m\n\x1b[31m\u2502\x1b[0m \x1b[33m\u2502\x1b[0m    self = \x1b[1m<\x1b[0m\x1b[1;95mstarlette.middleware.cors.CORSMiddleware\x1b[0m\x1b[39m object at \x1b[0m\x1b[94m0x00000208CF748D40\x1b[0m\x1b[1m>\x1b[0m            \x1b[33m\u2502\x1b[0m \x1b[31m\u2502\x1b[0m\n\x1b[31m\u2502\x1b[0m \x1b[33m\u2514\u2500\u2500\u2500\u2500\u2500\u2500\u2500\u2500\u2500\u2500\u2500\u2500\u2500\u2500\u2500\u2500\u2500\u2500\u2500\u2500\u2500\u2500\u2500\u2500\u2500\u2500\u2500\u2500\u2500\u2500\u2500\u2500\u2500\u2500\u2500\u2500\u2500\u2500\u2500\u2500\u2500\u2500\u2500\u2500\u2500\u2500\u2500\u2500\u2500\u2500\u2500\u2500\u2500\u2500\u2500\u2500\u2500\u2500\u2500\u2500\u2500\u2500\u2500\u2500\u2500\u2500\u2500\u2500\u2500\u2500\u2500\u2500\u2500\u2500\u2500\u2500\u2500\u2500\u2500\u2500\u2500\u2500\u2500\u2500\u2500\u2500\u2500\u2500\u2500\u2500\u2500\u2500\u2500\u2500\u2518\x1b[0m \x1b[31m\u2502\x1b[0m\n\x1b[31m\u2502\x1b[0m                                                                                                  \x1b[31m\u2502\x1b[0m\n\x1b[31m\u2502\x1b[0m \x1b[33mC:\\Users\\realj\\AppData\\Local\\Programs\\Python\\Python312\\Lib\\site-packages\\starlette\\middleware\\ba\x1b[0m \x1b[31m\u2502\x1b[0m\n\x1b[31m\u2502\x1b[0m \x1b[33mse.py\x1b[0m:\x1b[94m189\x1b[0m in \x1b[92m__call__\x1b[0m                                                                            \x1b[31m\u2502\x1b[0m\n\x1b[31m\u2502\x1b[0m                                                                                                  \x1b[31m\u2502\x1b[0m\n\x1b[31m\u2502\x1b[0m   \x1b[2m186 \x1b[0m\x1b[2m\u2502   \u2502   \u2502   \x1b[0mresponse.raw_headers = message[\x1b[33m"\x1b[0m\x1b[33mheaders\x1b[0m\x1b[33m"\x1b[0m]                                      \x1b[31m\u2502\x1b[0m\n\x1b[31m\u2502\x1b[0m   \x1b[2m187 \x1b[0m\x1b[2m\u2502   \u2502   \u2502   \x1b[0m\x1b[94mreturn\x1b[0m response                                                                \x1b[31m\u2502\x1b[0m\n\x1b[31m\u2502\x1b[0m   \x1b[2m188 \x1b[0m\x1b[2m\u2502   \u2502   \x1b[0m                                                                                   \x1b[31m\u2502\x1b[0m\n\x1b[31m\u2502\x1b[0m \x1b[31m> \x1b[0m189 \x1b[2m\u2502   \u2502   \x1b[0m\x1b[94mwith\x1b[0m \x1b[1;4mcollapse_excgroups()\x1b[0m:                                                         \x1b[31m\u2502\x1b[0m\n\x1b[31m\u2502\x1b[0m   \x1b[2m190 \x1b[0m\x1b[2m\u2502   \u2502   \u2502   \x1b[0m\x1b[94masync\x1b[0m \x1b[94mwith\x1b[0m anyio.create_task_group() \x1b[94mas\x1b[0m task_group:                            \x1b[31m\u2502\x1b[0m\n\x1b[31m\u2502\x1b[0m   \x1b[2m191 \x1b[0m\x1b[2m\u2502   \u2502   \u2502   \u2502   \x1b[0mresponse = \x1b[94mawait\x1b[0m \x1b[96mself\x1b[0m.dispatch_func(request, call_next)                    \x1b[31m\u2502\x1b[0m\n\x1b[31m\u2502\x1b[0m   \x1b[2m192 \x1b[0m\x1b[2m\u2502   \u2502   \u2502   \u2502   \x1b[0m\x1b[94mawait\x1b[0m response(scope, wrapped_receive, send)                               \x1b[31m\u2502\x1b[0m\n\x1b[31m\u2502\x1b[0m                                                                                                  \x1b[31m\u2502\x1b[0m\n\x1b[31m\u2502\x1b[0m \x1b[33m\u250c\u2500\x1b[0m\x1b[33m\u2500\u2500\u2500\u2500\u2500\u2500\u2500\u2500\u2500\u2500\u2500\u2500\u2500\u2500\u2500\u2500\u2500\u2500\u2500\u2500\u2500\u2500\u2500\u2500\u2500\u2500\u2500\u2500\u2500\u2500\u2500\u2500\u2500\u2500\u2500\u2500\u2500\u2500\u2500\u2500\u2500\u2500\x1b[0m\x1b[33m locals \x1b[0m\x1b[33m\u2500\u2500\u2500\u2500\u2500\u2500\u2500\u2500\u2500\u2500\u2500\u2500\u2500\u2500\u2500\u2500\u2500\u2500\u2500\u2500\u2500\u2500\u2500\u2500\u2500\u2500\u2500\u2500\u2500\u2500\u2500\u2500\u2500\u2500\u2500\u2500\u2500\u2500\u2500\u2500\u2500\u2500\x1b[0m\x1b[33m\u2500\u2510\x1b[0m \x1b[31m\u2502\x1b[0m\n\x1b[31m\u2502\x1b[0m \x1b[33m\u2502\x1b[0m         request = \x1b[1m<\x1b[0m\x1b[1;95mstarlette.middleware.base._CachedRequest\x1b[0m\x1b[39m object at \x1b[0m\x1b[94m0x00000208CF7495E0\x1b[0m\x1b[1m>\x1b[0m    \x1b[33m\u2502\x1b[0m \x1b[31m\u2502\x1b[0m\n\x1b[31m\u2502\x1b[0m \x1b[33m\u2502\x1b[0m   response_sent = \x1b[1m<\x1b[0m\x1b[1;95manyio._backends._asyncio.Event\x1b[0m\x1b[39m object at \x1b[0m\x1b[94m0x00000208CF749610\x1b[0m\x1b[1m>\x1b[0m              \x1b[33m\u2502\x1b[0m \x1b[31m\u2502\x1b[0m\n\x1b[31m\u2502\x1b[0m \x1b[33m\u2502\x1b[0m           scope = \x1b[1m{\x1b[0m                                                                          \x1b[33m\u2502\x1b[0m \x1b[31m\u2502\x1b[0m\n\x1b[31m\u2502\x1b[0m \x1b[33m\u2502\x1b[0m                   \x1b[2m\u2502   \x1b[0m\x1b[33m'type'\x1b[0m: \x1b[33m'http'\x1b[0m,                                                        \x1b[33m\u2502\x1b[0m \x1b[31m\u2502\x1b[0m\n\x1b[31m\u2502\x1b[0m \x1b[33m\u2502\x1b[0m                   \x1b[2m\u2502   \x1b[0m\x1b[33m'asgi'\x1b[0m: \x1b[1m{\x1b[0m\x1b[33m'version'\x1b[0m: \x1b[33m'3.0'\x1b[0m\x1b[1m}\x1b[0m,                                            \x1b[33m\u2502\x1b[0m \x1b[31m\u2502\x1b[0m\n\x1b[31m\u2502\x1b[0m \x1b[33m\u2502\x1b[0m                   \x1b[2m\u2502   \x1b[0m\x1b[33m'http_version'\x1b[0m: \x1b[33m'1.1'\x1b[0m,                                                 \x1b[33m\u2502\x1b[0m \x1b[31m\u2502\x1b[0m\n\x1b[31m\u2502\x1b[0m \x1b[33m\u2502\x1b[0m                   \x1b[2m\u2502   \x1b[0m\x1b[33m'method'\x1b[0m: \x1b[33m'POST'\x1b[0m,                                                      \x1b[33m\u2502\x1b[0m \x1b[31m\u2502\x1b[0m\n\x1b[31m\u2502\x1b[0m \x1b[33m\u2502\x1b[0m                   \x1b[2m\u2502   \x1b[0m\x1b[33m'headers'\x1b[0m: \x1b[1m[\x1b[0m                                                           \x1b[33m\u2502\x1b[0m \x1b[31m\u2502\x1b[0m\n\x1b[31m\u2502\x1b[0m \x1b[33m\u2502\x1b[0m                   \x1b[2m\u2502   \u2502   \x1b[0m\x1b[1m(\x1b[0m\x1b[33mb'host'\x1b[0m, \x1b[33mb'test'\x1b[0m\x1b[1m)\x1b[0m,                                                \x1b[33m\u2502\x1b[0m \x1b[31m\u2502\x1b[0m\n\x1b[31m\u2502\x1b[0m \x1b[33m\u2502\x1b[0m                   \x1b[2m\u2502   \u2502   \x1b[0m\x1b[1m(\x1b[0m\x1b[33mb'accept'\x1b[0m, \x1b[33mb'*/*'\x1b[0m\x1b[1m)\x1b[0m,                                               \x1b[33m\u2502\x1b[0m \x1b[31m\u2502\x1b[0m\n\x1b[31m\u2502\x1b[0m \x1b[33m\u2502\x1b[0m                   \x1b[2m\u2502   \u2502   \x1b[0m\x1b[1m(\x1b[0m\x1b[33mb'accept-encoding'\x1b[0m, \x1b[33mb'gzip, deflate'\x1b[0m\x1b[1m)\x1b[0m,                            \x1b[33m\u2502\x1b[0m \x1b[31m\u2502\x1b[0m\n\x1b[31m\u2502\x1b[0m \x1b[33m\u2502\x1b[0m                   \x1b[2m\u2502   \u2502   \x1b[0m\x1b[1m(\x1b[0m\x1b[33mb'connection'\x1b[0m, \x1b[33mb'keep-alive'\x1b[0m\x1b[1m)\x1b[0m,                                    \x1b[33m\u2502\x1b[0m \x1b[31m\u2502\x1b[0m\n\x1b[31m\u2502\x1b[0m \x1b[33m\u2502\x1b[0m                   \x1b[2m\u2502   \u2502   \x1b[0m\x1b[1m(\x1b[0m\x1b[33mb'user-agent'\x1b[0m, \x1b[33mb'python-httpx/0.26.0'\x1b[0m\x1b[1m)\x1b[0m,                           \x1b[33m\u2502\x1b[0m \x1b[31m\u2502\x1b[0m\n\x1b[31m\u2502\x1b[0m \x1b[33m\u2502\x1b[0m                   \x1b[2m\u2502   \u2502   \x1b[0m\x1b[1m(\x1b[0m\x1b[33mb'authorization'\x1b[0m, \x1b[33mb'Bearer di_testkey123'\x1b[0m\x1b[1m)\x1b[0m,                       \x1b[33m\u2502\x1b[0m \x1b[31m\u2502\x1b[0m\n\x1b[31m\u2502\x1b[0m \x1b[33m\u2502\x1b[0m                   \x1b[2m\u2502   \u2502   \x1b[0m\x1b[1m(\x1b[0m\x1b[33mb'content-length'\x1b[0m, \x1b[33mb'201'\x1b[0m\x1b[1m)\x1b[0m,                                       \x1b[33m\u2502\x1b[0m \x1b[31m\u2502\x1b[0m\n\x1b[31m\u2502\x1b[0m \x1b[33m\u2502\x1b[0m                   \x1b[2m\u2502   \u2502   \x1b[0m\x1b[1m(\x1b[0m                                                                  \x1b[33m\u2502\x1b[0m \x1b[31m\u2502\x1b[0m\n\x1b[31m\u2502\x1b[0m \x1b[33m\u2502\x1b[0m                   \x1b[2m\u2502   \u2502   \u2502   \x1b[0m\x1b[33mb'content-type'\x1b[0m,                                               \x1b[33m\u2502\x1b[0m \x1b[31m\u2502\x1b[0m\n\x1b[31m\u2502\x1b[0m \x1b[33m\u2502\x1b[0m                   \x1b[2m\u2502   \u2502   \u2502   \x1b[0m\x1b[33mb'multipart/form-data; \x1b[0m                                        \x1b[33m\u2502\x1b[0m \x1b[31m\u2502\x1b[0m\n\x1b[31m\u2502\x1b[0m \x1b[33m\u2502\x1b[0m                   \x1b[33mboundary\x1b[0m\x1b[33m=\x1b[0m\x1b[33m0dbbeb47f7753326ffe6a6a5e7eed486\x1b[0m\x1b[33m'\x1b[0m                                 \x1b[33m\u2502\x1b[0m \x1b[31m\u2502\x1b[0m\n\x1b[31m\u2502\x1b[0m \x1b[33m\u2502\x1b[0m                   \x1b[2m\u2502   \u2502   \x1b[0m\x1b[1m)\x1b[0m                                                                  \x1b[33m\u2502\x1b[0m \x1b[31m\u2502\x1b[0m\n\x1b[31m\u2502\x1b[0m \x1b[33m\u2502\x1b[0m                   \x1b[2m\u2502   \x1b[0m\x1b[1m]\x1b[0m,                                                                     \x1b[33m\u2502\x1b[0m \x1b[31m\u2502\x1b[0m\n\x1b[31m\u2502\x1b[0m \x1b[33m\u2502\x1b[0m                   \x1b[2m\u2502   \x1b[0m\x1b[33m'scheme'\x1b[0m: \x1b[33m'http'\x1b[0m,                                                      \x1b[33m\u2502\x1b[0m \x1b[31m\u2502\x1b[0m\n\x1b[31m\u2502\x1b[0m \x1b[33m\u2502\x1b[0m                   \x1b[2m\u2502   \x1b[0m\x1b[33m'path'\x1b[0m: \x1b[33m'/api/v1/documents/upload'\x1b[0m,                                    \x1b[33m\u2502\x1b[0m \x1b[31m\u2502\x1b[0m\n\x1b[31m\u2502\x1b[0m \x1b[33m\u2502\x1b[0m                   \x1b[2m\u2502   \x1b[0m\x1b[33m'raw_path'\x1b[0m: \x1b[33mb'/api/v1/documents/upload'\x1b[0m,                               \x1b[33m\u2502\x1b[0m \x1b[31m\u2502\x1b[0m\n\x1b[31m\u2502\x1b[0m \x1b[33m\u2502\x1b[0m                   \x1b[2m\u2502   \x1b[0m\x1b[33m'query_string'\x1b[0m: \x1b[33mb''\x1b[0m,                                                   \x1b[33m\u2502\x1b[0m \x1b[31m\u2502\x1b[0m\n\x1b[31m\u2502\x1b[0m \x1b[33m\u2502\x1b[0m                   \x1b[2m\u2502   \x1b[0m\x1b[33m'server'\x1b[0m: \x1b[1m(\x1b[0m\x1b[33m'test'\x1b[0m, \x1b[94mNone\x1b[0m\x1b[1m)\x1b[0m,                                              \x1b[33m\u2502\x1b[0m \x1b[31m\u2502\x1b[0m\n\x1b[31m\u2502\x1b[0m \x1b[33m\u2502\x1b[0m                   \x1b[2m\u2502   \x1b[0m\x1b[33m...\x1b[0m +\x1b[94m10\x1b[0m                                                                \x1b[33m\u2502\x1b[0m \x1b[31m\u2502\x1b[0m\n\x1b[31m\u2502\x1b[0m \x1b[33m\u2502\x1b[0m                   \x1b[1m}\x1b[0m                                                                          \x1b[33m\u2502\x1b[0m \x1b[31m\u2502\x1b[0m\n\x1b[31m\u2502\x1b[0m \x1b[33m\u2502\x1b[0m            self = \x1b[1m<\x1b[0m\x1b[1;95mapp.security.headers.SecurityHeadersMiddleware\x1b[0m\x1b[39m object at \x1b[0m                 \x1b[33m\u2502\x1b[0m \x1b[31m\u2502\x1b[0m\n\x1b[31m\u2502\x1b[0m \x1b[33m\u2502\x1b[0m                   \x1b[94m0x00000208CF748D10\x1b[0m\x1b[1m>\x1b[0m                                                        \x1b[33m\u2502\x1b[0m \x1b[31m\u2502\x1b[0m\n\x1b[31m\u2502\x1b[0m \x1b[33m\u2502\x1b[0m      task_group = \x1b[1m<\x1b[0m\x1b[1;95manyio._backends._asyncio.TaskGroup\x1b[0m\x1b[39m object at \x1b[0m\x1b[94m0x00000208CF7496A0\x1b[0m\x1b[1m>\x1b[0m          \x1b[33m\u2502\x1b[0m \x1b[31m\u2502\x1b[0m\n\x1b[31m\u2502\x1b[0m \x1b[33m\u2502\x1b[0m wrapped_receive = \x1b[1m<\x1b[0m\x1b[1;95mbound\x1b[0m\x1b[39m method _CachedRequest.wrapped_receive of \x1b[0m                           \x1b[33m\u2502\x1b[0m \x1b[31m\u2502\x1b[0m\n\x1b[31m\u2502\x1b[0m \x1b[33m\u2502\x1b[0m                   \x1b[39m<starlette.middleware.base._CachedRequest object at \x1b[0m\x1b[94m0x00000208CF7495E0\x1b[0m\x1b[39m>\x1b[0m\x1b[1m>\x1b[0m   \x1b[33m\u2502\x1b[0m \x1b[31m\u2502\x1b[0m\n\x1b[31m\u2502\x1b[0m \x1b[33m\u2514\u2500\u2500\u2500\u2500\u2500\u2500\u2500\u2500\u2500\u2500\u2500\u2500\u2500\u2500\u2500\u2500\u2500\u2500\u2500\u2500\u2500\u2500\u2500\u2500\u2500\u2500\u2500\u2500\u2500\u2500\u2500\u2500\u2500\u2500\u2500\u2500\u2500\u2500\u2500\u2500\u2500\u2500\u2500\u2500\u2500\u2500\u2500\u2500\u2500\u2500\u2500\u2500\u2500\u2500\u2500\u2500\u2500\u2500\u2500\u2500\u2500\u2500\u2500\u2500\u2500\u2500\u2500\u2500\u2500\u2500\u2500\u2500\u2500\u2500\u2500\u2500\u2500\u2500\u2500\u2500\u2500\u2500\u2500\u2500\u2500\u2500\u2500\u2500\u2500\u2500\u2500\u2500\u2500\u2500\u2518\x1b[0m \x1b[31m\u2502\x1b[0m\n\x1b[31m\u2502\x1b[0m                                                                                                  \x1b[31m\u2502\x1b[0m\n\x1b[31m\u2502\x1b[0m \x1b[33mC:\\Users\\realj\\AppData\\Local\\Programs\\Python\\Python312\\Lib\\contextlib.py\x1b[0m:\x1b[94m158\x1b[0m in \x1b[92m__exit__\x1b[0m         \x1b[31m\u2502\x1b[0m\n\x1b[31m\u2502\x1b[0m                                                                                                  \x1b[31m\u2502\x1b[0m\n\x1b[31m\u2502\x1b[0m   \x1b[2m155 \x1b[0m\x1b[2m\u2502   \u2502   \u2502   \u2502   \x1b[0m\x1b[2m# tell if we get the same exception back\x1b[0m                                   \x1b[31m\u2502\x1b[0m\n\x1b[31m\u2502\x1b[0m   \x1b[2m156 \x1b[0m\x1b[2m\u2502   \u2502   \u2502   \u2502   \x1b[0mvalue = typ()                                                              \x1b[31m\u2502\x1b[0m\n\x1b[31m\u2502\x1b[0m   \x1b[2m157 \x1b[0m\x1b[2m\u2502   \u2502   \u2502   \x1b[0m\x1b[94mtry\x1b[0m:                                                                           \x1b[31m\u2502\x1b[0m\n\x1b[31m\u2502\x1b[0m \x1b[31m> \x1b[0m158 \x1b[2m\u2502   \u2502   \u2502   \u2502   \x1b[0m\x1b[96mself\x1b[0m.gen.throw(value)                                                      \x1b[31m\u2502\x1b[0m\n\x1b[31m\u2502\x1b[0m   \x1b[2m159 \x1b[0m\x1b[2m\u2502   \u2502   \u2502   \x1b[0m\x1b[94mexcept\x1b[0m \x1b[96mStopIteration\x1b[0m \x1b[94mas\x1b[0m exc:                                                   \x1b[31m\u2502\x1b[0m\n\x1b[31m\u2502\x1b[0m   \x1b[2m160 \x1b[0m\x1b[2m\u2502   \u2502   \u2502   \u2502   \x1b[0m\x1b[2m# Suppress StopIteration *unless* it's the same exception that\x1b[0m             \x1b[31m\u2502\x1b[0m\n\x1b[31m\u2502\x1b[0m   \x1b[2m161 \x1b[0m\x1b[2m\u2502   \u2502   \u2502   \u2502   \x1b[0m\x1b[2m# was passed to throw().  This prevents a StopIteration\x1b[0m                    \x1b[31m\u2502\x1b[0m\n\x1b[31m\u2502\x1b[0m                                                                                                  \x1b[31m\u2502\x1b[0m\n\x1b[31m\u2502\x1b[0m \x1b[33m\u250c\u2500\x1b[0m\x1b[33m\u2500\u2500\u2500\u2500\u2500\u2500\u2500\u2500\u2500\u2500\u2500\u2500\u2500\u2500\u2500\u2500\u2500\u2500\u2500\u2500\u2500\u2500\u2500\u2500\u2500\u2500\u2500\u2500\u2500\u2500\u2500\u2500\u2500\u2500\u2500\u2500\u2500\u2500\u2500\u2500\u2500\u2500\x1b[0m\x1b[33m locals \x1b[0m\x1b[33m\u2500\u2500\u2500\u2500\u2500\u2500\u2500\u2500\u2500\u2500\u2500\u2500\u2500\u2500\u2500\u2500\u2500\u2500\u2500\u2500\u2500\u2500\u2500\u2500\u2500\u2500\u2500\u2500\u2500\u2500\u2500\u2500\u2500\u2500\u2500\u2500\u2500\u2500\u2500\u2500\u2500\u2500\x1b[0m\x1b[33m\u2500\u2510\x1b[0m \x1b[31m\u2502\x1b[0m\n\x1b[31m\u2502\x1b[0m \x1b[33m\u2502\x1b[0m      self = \x1b[1m<\x1b[0m\x1b[1;95mcontextlib._GeneratorContextManager\x1b[0m\x1b[39m object at \x1b[0m\x1b[94m0x00000208CF749640\x1b[0m\x1b[1m>\x1b[0m               \x1b[33m\u2502\x1b[0m \x1b[31m\u2502\x1b[0m\n\x1b[31m\u2502\x1b[0m \x1b[33m\u2502\x1b[0m traceback = \x1b[1m<\x1b[0m\x1b[1;95mtraceback\x1b[0m\x1b[39m object at \x1b[0m\x1b[94m0x00000208CF76E200\x1b[0m\x1b[1m>\x1b[0m                                         \x1b[33m\u2502\x1b[0m \x1b[31m\u2502\x1b[0m\n\x1b[31m\u2502\x1b[0m \x1b[33m\u2502\x1b[0m     value = \x1b[1;35mExceptionGroup\x1b[0m\x1b[1m(\x1b[0m\x1b[33m'unhandled errors in a TaskGroup'\x1b[0m, \x1b[1m[\x1b[0m\x1b[1;35mRuntimeError\x1b[0m\x1b[1m(\x1b[0m\x1b[33m'Rate limiter \x1b[0m   \x1b[33m\u2502\x1b[0m \x1b[31m\u2502\x1b[0m\n\x1b[31m\u2502\x1b[0m \x1b[33m\u2502\x1b[0m             \x1b[33mnot initialized'\x1b[0m\x1b[1m)\x1b[0m\x1b[1m]\x1b[0m\x1b[1m)\x1b[0m                                                              \x1b[33m\u2502\x1b[0m \x1b[31m\u2502\x1b[0m\n\x1b[31m\u2502\x1b[0m \x1b[33m\u2514\u2500\u2500\u2500\u2500\u2500\u2500\u2500\u2500\u2500\u2500\u2500\u2500\u2500\u2500\u2500\u2500\u2500\u2500\u2500\u2500\u2500\u2500\u2500\u2500\u2500\u2500\u2500\u2500\u2500\u2500\u2500\u2500\u2500\u2500\u2500\u2500\u2500\u2500\u2500\u2500\u2500\u2500\u2500\u2500\u2500\u2500\u2500\u2500\u2500\u2500\u2500\u2500\u2500\u2500\u2500\u2500\u2500\u2500\u2500\u2500\u2500\u2500\u2500\u2500\u2500\u2500\u2500\u2500\u2500\u2500\u2500\u2500\u2500\u2500\u2500\u2500\u2500\u2500\u2500\u2500\u2500\u2500\u2500\u2500\u2500\u2500\u2500\u2500\u2500\u2500\u2500\u2500\u2500\u2500\u2518\x1b[0m \x1b[31m\u2502\x1b[0m\n\x1b[31m\u2502\x1b[0m                                                                                                  \x1b[31m\u2502\x1b[0m\n\x1b[31m\u2502\x1b[0m \x1b[33mC:\\Users\\realj\\AppData\\Local\\Programs\\Python\\Python312\\Lib\\site-packages\\starlette\\_utils.py\x1b[0m:\x1b[94m91\x1b[0m  \x1b[31m\u2502\x1b[0m\n\x1b[31m\u2502\x1b[0m in \x1b[92mcollapse_excgroups\x1b[0m                                                                            \x1b[31m\u2502\x1b[0m\n\x1b[31m\u2502\x1b[0m                                                                                                  \x1b[31m\u2502\x1b[0m\n\x1b[31m\u2502\x1b[0m   \x1b[2m88 \x1b[0m\x1b[2m\u2502   \u2502   \u2502   \x1b[0m\x1b[94mwhile\x1b[0m \x1b[96misinstance\x1b[0m(exc, BaseExceptionGroup) \x1b[95mand\x1b[0m \x1b[96mlen\x1b[0m(exc.exceptions) == \x1b[94m1\x1b[0m:         \x1b[31m\u2502\x1b[0m\n\x1b[31m\u2502\x1b[0m   \x1b[2m89 \x1b[0m\x1b[2m\u2502   \u2502   \u2502   \u2502   \x1b[0mexc = exc.exceptions[\x1b[94m0\x1b[0m]  \x1b[2m# pragma: no cover\x1b[0m                                 \x1b[31m\u2502\x1b[0m\n\x1b[31m\u2502\x1b[0m   \x1b[2m90 \x1b[0m\x1b[2m\u2502   \u2502   \x1b[0m                                                                                    \x1b[31m\u2502\x1b[0m\n\x1b[31m\u2502\x1b[0m \x1b[31m> \x1b[0m91 \x1b[2m\u2502   \u2502   \x1b[0m\x1b[1;4;94mraise\x1b[0m\x1b[1;4m exc\x1b[0m                                                                           \x1b[31m\u2502\x1b[0m\n\x1b[31m\u2502\x1b[0m   \x1b[2m92 \x1b[0m                                                                                            \x1b[31m\u2502\x1b[0m\n\x1b[31m\u2502\x1b[0m   \x1b[2m93 \x1b[0m                                                                                            \x1b[31m\u2502\x1b[0m\n\x1b[31m\u2502\x1b[0m   \x1b[2m94 \x1b[0m\x1b[94mdef\x1b[0m\x1b[90m \x1b[0m\x1b[92mget_route_path\x1b[0m(scope: Scope) -> \x1b[96mstr\x1b[0m:                                                    \x1b[31m\u2502\x1b[0m\n\x1b[31m\u2502\x1b[0m                                                                                                  \x1b[31m\u2502\x1b[0m\n\x1b[31m\u2502\x1b[0m \x1b[33mC:\\Users\\realj\\AppData\\Local\\Programs\\Python\\Python312\\Lib\\site-packages\\starlette\\middleware\\ba\x1b[0m \x1b[31m\u2502\x1b[0m\n\x1b[31m\u2502\x1b[0m \x1b[33mse.py\x1b[0m:\x1b[94m191\x1b[0m in \x1b[92m__call__\x1b[0m                                                                            \x1b[31m\u2502\x1b[0m\n\x1b[31m\u2502\x1b[0m                                                                                                  \x1b[31m\u2502\x1b[0m\n\x1b[31m\u2502\x1b[0m   \x1b[2m188 \x1b[0m\x1b[2m\u2502   \u2502   \x1b[0m                                                                                   \x1b[31m\u2502\x1b[0m\n\x1b[31m\u2502\x1b[0m   \x1b[2m189 \x1b[0m\x1b[2m\u2502   \u2502   \x1b[0m\x1b[94mwith\x1b[0m \x1b[1;4mcollapse_excgroups()\x1b[0m:                                                         \x1b[31m\u2502\x1b[0m\n\x1b[31m\u2502\x1b[0m   \x1b[2m190 \x1b[0m\x1b[2m\u2502   \u2502   \u2502   \x1b[0m\x1b[94masync\x1b[0m \x1b[94mwith\x1b[0m anyio.create_task_group() \x1b[94mas\x1b[0m task_group:                            \x1b[31m\u2502\x1b[0m\n\x1b[31m\u2502\x1b[0m \x1b[31m> \x1b[0m191 \x1b[2m\u2502   \u2502   \u2502   \u2502   \x1b[0mresponse = \x1b[94mawait\x1b[0m \x1b[96mself\x1b[0m.dispatch_func(request, call_next)                    \x1b[31m\u2502\x1b[0m\n\x1b[31m\u2502\x1b[0m   \x1b[2m192 \x1b[0m\x1b[2m\u2502   \u2502   \u2502   \u2502   \x1b[0m\x1b[94mawait\x1b[0m response(scope, wrapped_receive, send)                               \x1b[31m\u2502\x1b[0m\n\x1b[31m\u2502\x1b[0m   \x1b[2m193 \x1b[0m\x1b[2m\u2502   \u2502   \u2502   \u2502   \x1b[0mresponse_sent.set()                                                        \x1b[31m\u2502\x1b[0m\n\x1b[31m\u2502\x1b[0m   \x1b[2m194 \x1b[0m                                                                                           \x1b[31m\u2502\x1b[0m\n\x1b[31m\u2502\x1b[0m                                                                                                  \x1b[31m\u2502\x1b[0m\n\x1b[31m\u2502\x1b[0m \x1b[33m\u250c\u2500\x1b[0m\x1b[33m\u2500\u2500\u2500\u2500\u2500\u2500\u2500\u2500\u2500\u2500\u2500\u2500\u2500\u2500\u2500\u2500\u2500\u2500\u2500\u2500\u2500\u2500\u2500\u2500\u2500\u2500\u2500\u2500\u2500\u2500\u2500\u2500\u2500\u2500\u2500\u2500\u2500\u2500\u2500\u2500\u2500\u2500\x1b[0m\x1b[33m locals \x1b[0m\x1b[33m\u2500\u2500\u2500\u2500\u2500\u2500\u2500\u2500\u2500\u2500\u2500\u2500\u2500\u2500\u2500\u2500\u2500\u2500\u2500\u2500\u2500\u2500\u2500\u2500\u2500\u2500\u2500\u2500\u2500\u2500\u2500\u2500\u2500\u2500\u2500\u2500\u2500\u2500\u2500\u2500\u2500\u2500\x1b[0m\x1b[33m\u2500\u2510\x1b[0m \x1b[31m\u2502\x1b[0m\n\x1b[31m\u2502\x1b[0m \x1b[33m\u2502\x1b[0m         request = \x1b[1m<\x1b[0m\x1b[1;95mstarlette.middleware.base._CachedRequest\x1b[0m\x1b[39m object at \x1b[0m\x1b[94m0x00000208CF7495E0\x1b[0m\x1b[1m>\x1b[0m    \x1b[33m\u2502\x1b[0m \x1b[31m\u2502\x1b[0m\n\x1b[31m\u2502\x1b[0m \x1b[33m\u2502\x1b[0m   response_sent = \x1b[1m<\x1b[0m\x1b[1;95manyio._backends._asyncio.Event\x1b[0m\x1b[39m object at \x1b[0m\x1b[94m0x00000208CF749610\x1b[0m\x1b[1m>\x1b[0m              \x1b[33m\u2502\x1b[0m \x1b[31m\u2502\x1b[0m\n\x1b[31m\u2502\x1b[0m \x1b[33m\u2502\x1b[0m           scope = \x1b[1m{\x1b[0m                                                                          \x1b[33m\u2502\x1b[0m \x1b[31m\u2502\x1b[0m\n\x1b[31m\u2502\x1b[0m \x1b[33m\u2502\x1b[0m                   \x1b[2m\u2502   \x1b[0m\x1b[33m'type'\x1b[0m: \x1b[33m'http'\x1b[0m,                                                        \x1b[33m\u2502\x1b[0m \x1b[31m\u2502\x1b[0m\n\x1b[31m\u2502\x1b[0m \x1b[33m\u2502\x1b[0m                   \x1b[2m\u2502   \x1b[0m\x1b[33m'asgi'\x1b[0m: \x1b[1m{\x1b[0m\x1b[33m'version'\x1b[0m: \x1b[33m'3.0'\x1b[0m\x1b[1m}\x1b[0m,                                            \x1b[33m\u2502\x1b[0m \x1b[31m\u2502\x1b[0m\n\x1b[31m\u2502\x1b[0m \x1b[33m\u2502\x1b[0m                   \x1b[2m\u2502   \x1b[0m\x1b[33m'http_version'\x1b[0m: \x1b[33m'1.1'\x1b[0m,                                                 \x1b[33m\u2502\x1b[0m \x1b[31m\u2502\x1b[0m\n\x1b[31m\u2502\x1b[0m \x1b[33m\u2502\x1b[0m                   \x1b[2m\u2502   \x1b[0m\x1b[33m'method'\x1b[0m: \x1b[33m'POST'\x1b[0m,                                                      \x1b[33m\u2502\x1b[0m \x1b[31m\u2502\x1b[0m\n\x1b[31m\u2502\x1b[0m \x1b[33m\u2502\x1b[0m                   \x1b[2m\u2502   \x1b[0m\x1b[33m'headers'\x1b[0m: \x1b[1m[\x1b[0m                                                           \x1b[33m\u2502\x1b[0m \x1b[31m\u2502\x1b[0m\n\x1b[31m\u2502\x1b[0m \x1b[33m\u2502\x1b[0m                   \x1b[2m\u2502   \u2502   \x1b[0m\x1b[1m(\x1b[0m\x1b[33mb'host'\x1b[0m, \x1b[33mb'test'\x1b[0m\x1b[1m)\x1b[0m,                                                \x1b[33m\u2502\x1b[0m \x1b[31m\u2502\x1b[0m\n\x1b[31m\u2502\x1b[0m \x1b[33m\u2502\x1b[0m                   \x1b[2m\u2502   \u2502   \x1b[0m\x1b[1m(\x1b[0m\x1b[33mb'accept'\x1b[0m, \x1b[33mb'*/*'\x1b[0m\x1b[1m)\x1b[0m,                                               \x1b[33m\u2502\x1b[0m \x1b[31m\u2502\x1b[0m\n\x1b[31m\u2502\x1b[0m \x1b[33m\u2502\x1b[0m                   \x1b[2m\u2502   \u2502   \x1b[0m\x1b[1m(\x1b[0m\x1b[33mb'accept-encoding'\x1b[0m, \x1b[33mb'gzip, deflate'\x1b[0m\x1b[1m)\x1b[0m,                            \x1b[33m\u2502\x1b[0m \x1b[31m\u2502\x1b[0m\n\x1b[31m\u2502\x1b[0m \x1b[33m\u2502\x1b[0m                   \x1b[2m\u2502   \u2502   \x1b[0m\x1b[1m(\x1b[0m\x1b[33mb'connection'\x1b[0m, \x1b[33mb'keep-alive'\x1b[0m\x1b[1m)\x1b[0m,                                    \x1b[33m\u2502\x1b[0m \x1b[31m\u2502\x1b[0m\n\x1b[31m\u2502\x1b[0m \x1b[33m\u2502\x1b[0m                   \x1b[2m\u2502   \u2502   \x1b[0m\x1b[1m(\x1b[0m\x1b[33mb'user-agent'\x1b[0m, \x1b[33mb'python-httpx/0.26.0'\x1b[0m\x1b[1m)\x1b[0m,                           \x1b[33m\u2502\x1b[0m \x1b[31m\u2502\x1b[0m\n\x1b[31m\u2502\x1b[0m \x1b[33m\u2502\x1b[0m                   \x1b[2m\u2502   \u2502   \x1b[0m\x1b[1m(\x1b[0m\x1b[33mb'authorization'\x1b[0m, \x1b[33mb'Bearer di_testkey123'\x1b[0m\x1b[1m)\x1b[0m,                       \x1b[33m\u2502\x1b[0m \x1b[31m\u2502\x1b[0m\n\x1b[31m\u2502\x1b[0m \x1b[33m\u2502\x1b[0m                   \x1b[2m\u2502   \u2502   \x1b[0m\x1b[1m(\x1b[0m\x1b[33mb'content-length'\x1b[0m, \x1b[33mb'201'\x1b[0m\x1b[1m)\x1b[0m,                                       \x1b[33m\u2502\x1b[0m \x1b[31m\u2502\x1b[0m\n\x1b[31m\u2502\x1b[0m \x1b[33m\u2502\x1b[0m                   \x1b[2m\u2502   \u2502   \x1b[0m\x1b[1m(\x1b[0m                                                                  \x1b[33m\u2502\x1b[0m \x1b[31m\u2502\x1b[0m\n\x1b[31m\u2502\x1b[0m \x1b[33m\u2502\x1b[0m                   \x1b[2m\u2502   \u2502   \u2502   \x1b[0m\x1b[33mb'content-type'\x1b[0m,                                               \x1b[33m\u2502\x1b[0m \x1b[31m\u2502\x1b[0m\n\x1b[31m\u2502\x1b[0m \x1b[33m\u2502\x1b[0m                   \x1b[2m\u2502   \u2502   \u2502   \x1b[0m\x1b[33mb'multipart/form-data; \x1b[0m                                        \x1b[33m\u2502\x1b[0m \x1b[31m\u2502\x1b[0m\n\x1b[31m\u2502\x1b[0m \x1b[33m\u2502\x1b[0m                   \x1b[33mboundary\x1b[0m\x1b[33m=\x1b[0m\x1b[33m0dbbeb47f7753326ffe6a6a5e7eed486\x1b[0m\x1b[33m'\x1b[0m                                 \x1b[33m\u2502\x1b[0m \x1b[31m\u2502\x1b[0m\n\x1b[31m\u2502\x1b[0m \x1b[33m\u2502\x1b[0m                   \x1b[2m\u2502   \u2502   \x1b[0m\x1b[1m)\x1b[0m                                                                  \x1b[33m\u2502\x1b[0m \x1b[31m\u2502\x1b[0m\n\x1b[31m\u2502\x1b[0m \x1b[33m\u2502\x1b[0m                   \x1b[2m\u2502   \x1b[0m\x1b[1m]\x1b[0m,                                                                     \x1b[33m\u2502\x1b[0m \x1b[31m\u2502\x1b[0m\n\x1b[31m\u2502\x1b[0m \x1b[33m\u2502\x1b[0m                   \x1b[2m\u2502   \x1b[0m\x1b[33m'scheme'\x1b[0m: \x1b[33m'http'\x1b[0m,                                                      \x1b[33m\u2502\x1b[0m \x1b[31m\u2502\x1b[0m\n\x1b[31m\u2502\x1b[0m \x1b[33m\u2502\x1b[0m                   \x1b[2m\u2502   \x1b[0m\x1b[33m'path'\x1b[0m: \x1b[33m'/api/v1/documents/upload'\x1b[0m,                                    \x1b[33m\u2502\x1b[0m \x1b[31m\u2502\x1b[0m\n\x1b[31m\u2502\x1b[0m \x1b[33m\u2502\x1b[0m                   \x1b[2m\u2502   \x1b[0m\x1b[33m'raw_path'\x1b[0m: \x1b[33mb'/api/v1/documents/upload'\x1b[0m,                               \x1b[33m\u2502\x1b[0m \x1b[31m\u2502\x1b[0m\n\x1b[31m\u2502\x1b[0m \x1b[33m\u2502\x1b[0m                   \x1b[2m\u2502   \x1b[0m\x1b[33m'query_string'\x1b[0m: \x1b[33mb''\x1b[0m,                                                   \x1b[33m\u2502\x1b[0m \x1b[31m\u2502\x1b[0m\n\x1b[31m\u2502\x1b[0m \x1b[33m\u2502\x1b[0m                   \x1b[2m\u2502   \x1b[0m\x1b[33m'server'\x1b[0m: \x1b[1m(\x1b[0m\x1b[33m'test'\x1b[0m, \x1b[94mNone\x1b[0m\x1b[1m)\x1b[0m,                                              \x1b[33m\u2502\x1b[0m \x1b[31m\u2502\x1b[0m\n\x1b[31m\u2502\x1b[0m \x1b[33m\u2502\x1b[0m                   \x1b[2m\u2502   \x1b[0m\x1b[33m...\x1b[0m +\x1b[94m10\x1b[0m                                                                \x1b[33m\u2502\x1b[0m \x1b[31m\u2502\x1b[0m\n\x1b[31m\u2502\x1b[0m \x1b[33m\u2502\x1b[0m                   \x1b[1m}\x1b[0m                                                                          \x1b[33m\u2502\x1b[0m \x1b[31m\u2502\x1b[0m\n\x1b[31m\u2502\x1b[0m \x1b[33m\u2502\x1b[0m            self = \x1b[1m<\x1b[0m\x1b[1;95mapp.security.headers.SecurityHeadersMiddleware\x1b[0m\x1b[39m object at \x1b[0m                 \x1b[33m\u2502\x1b[0m \x1b[31m\u2502\x1b[0m\n\x1b[31m\u2502\x1b[0m \x1b[33m\u2502\x1b[0m                   \x1b[94m0x00000208CF748D10\x1b[0m\x1b[1m>\x1b[0m                                                        \x1b[33m\u2502\x1b[0m \x1b[31m\u2502\x1b[0m\n\x1b[31m\u2502\x1b[0m \x1b[33m\u2502\x1b[0m      task_group = \x1b[1m<\x1b[0m\x1b[1;95manyio._backends._asyncio.TaskGroup\x1b[0m\x1b[39m object at \x1b[0m\x1b[94m0x00000208CF7496A0\x1b[0m\x1b[1m>\x1b[0m          \x1b[33m\u2502\x1b[0m \x1b[31m\u2502\x1b[0m\n\x1b[31m\u2502\x1b[0m \x1b[33m\u2502\x1b[0m wrapped_receive = \x1b[1m<\x1b[0m\x1b[1;95mbound\x1b[0m\x1b[39m method _CachedRequest.wrapped_receive of \x1b[0m                           \x1b[33m\u2502\x1b[0m \x1b[31m\u2502\x1b[0m\n\x1b[31m\u2502\x1b[0m \x1b[33m\u2502\x1b[0m                   \x1b[39m<starlette.middleware.base._CachedRequest object at \x1b[0m\x1b[94m0x00000208CF7495E0\x1b[0m\x1b[39m>\x1b[0m\x1b[1m>\x1b[0m   \x1b[33m\u2502\x1b[0m \x1b[31m\u2502\x1b[0m\n\x1b[31m\u2502\x1b[0m \x1b[33m\u2514\u2500\u2500\u2500\u2500\u2500\u2500\u2500\u2500\u2500\u2500\u2500\u2500\u2500\u2500\u2500\u2500\u2500\u2500\u2500\u2500\u2500\u2500\u2500\u2500\u2500\u2500\u2500\u2500\u2500\u2500\u2500\u2500\u2500\u2500\u2500\u2500\u2500\u2500\u2500\u2500\u2500\u2500\u2500\u2500\u2500\u2500\u2500\u2500\u2500\u2500\u2500\u2500\u2500\u2500\u2500\u2500\u2500\u2500\u2500\u2500\u2500\u2500\u2500\u2500\u2500\u2500\u2500\u2500\u2500\u2500\u2500\u2500\u2500\u2500\u2500\u2500\u2500\u2500\u2500\u2500\u2500\u2500\u2500\u2500\u2500\u2500\u2500\u2500\u2500\u2500\u2500\u2500\u2500\u2500\u2518\x1b[0m \x1b[31m\u2502\x1b[0m\n\x1b[31m\u2502\x1b[0m                                                                                                  \x1b[31m\u2502\x1b[0m\n\x1b[31m\u2502\x1b[0m \x1b[33mC:\\Users\\realj\\Desktop\\api\\app\\security\\headers.py\x1b[0m:\x1b[94m12\x1b[0m in \x1b[92mdispatch\x1b[0m                                \x1b[31m\u2502\x1b[0m\n\x1b[31m\u2502\x1b[0m                                                                                                  \x1b[31m\u2502\x1b[0m\n\x1b[31m\u2502\x1b[0m   \x1b[2m 9 \x1b[0m\x1b[2;90m\u2502   \x1b[0m\x1b[33m"""Add security headers to all responses."""\x1b[0m                                            \x1b[31m\u2502\x1b[0m\n\x1b[31m\u2502\x1b[0m   \x1b[2m10 \x1b[0m\x1b[2m\u2502   \x1b[0m                                                                                        \x1b[31m\u2502\x1b[0m\n\x1b[31m\u2502\x1b[0m   \x1b[2m11 \x1b[0m\x1b[2m\u2502   \x1b[0m\x1b[94masync\x1b[0m \x1b[94mdef\x1b[0m\x1b[90m \x1b[0m\x1b[92mdispatch\x1b[0m(\x1b[96mself\x1b[0m, request: Request, call_next) -> Response:                      \x1b[31m\u2502\x1b[0m\n\x1b[31m\u2502\x1b[0m \x1b[31m> \x1b[0m12 \x1b[2m\u2502   \u2502   \x1b[0mresponse = \x1b[1;4;94mawait\x1b[0m\x1b[1;4m call_next(request)\x1b[0m                                                 \x1b[31m\u2502\x1b[0m\n\x1b[31m\u2502\x1b[0m   \x1b[2m13 \x1b[0m\x1b[2m\u2502   \u2502   \x1b[0m                                                                                    \x1b[31m\u2502\x1b[0m\n\x1b[31m\u2502\x1b[0m   \x1b[2m14 \x1b[0m\x1b[2m\u2502   \u2502   \x1b[0m\x1b[2m# Security headers\x1b[0m                                                                  \x1b[31m\u2502\x1b[0m\n\x1b[31m\u2502\x1b[0m   \x1b[2m15 \x1b[0m\x1b[2m\u2502   \u2502   \x1b[0mresponse.headers[\x1b[33m"\x1b[0m\x1b[33mX-Content-Type-Options\x1b[0m\x1b[33m"\x1b[0m] = \x1b[33m"\x1b[0m\x1b[33mnosniff\x1b[0m\x1b[33m"\x1b[0m                              \x1b[31m\u2502\x1b[0m\n\x1b[31m\u2502\x1b[0m                                                                                                  \x1b[31m\u2502\x1b[0m\n\x1b[31m\u2502\x1b[0m \x1b[33m\u250c\u2500\x1b[0m\x1b[33m\u2500\u2500\u2500\u2500\u2500\u2500\u2500\u2500\u2500\u2500\u2500\u2500\u2500\u2500\u2500\u2500\u2500\u2500\u2500\u2500\u2500\u2500\u2500\u2500\u2500\u2500\u2500\u2500\u2500\u2500\u2500\u2500\u2500\u2500\u2500\u2500\u2500\u2500\u2500\x1b[0m\x1b[33m locals \x1b[0m\x1b[33m\u2500\u2500\u2500\u2500\u2500\u2500\u2500\u2500\u2500\u2500\u2500\u2500\u2500\u2500\u2500\u2500\u2500\u2500\u2500\u2500\u2500\u2500\u2500\u2500\u2500\u2500\u2500\u2500\u2500\u2500\u2500\u2500\u2500\u2500\u2500\u2500\u2500\u2500\u2500\u2500\x1b[0m\x1b[33m\u2500\u2510\x1b[0m      \x1b[31m\u2502\x1b[0m\n\x1b[31m\u2502\x1b[0m \x1b[33m\u2502\x1b[0m request = \x1b[1m<\x1b[0m\x1b[1;95mstarlette.middleware.base._CachedRequest\x1b[0m\x1b[39m object at \x1b[0m\x1b[94m0x00000208CF7495E0\x1b[0m\x1b[1m>\x1b[0m       \x1b[33m\u2502\x1b[0m      \x1b[31m\u2502\x1b[0m\n\x1b[31m\u2502\x1b[0m \x1b[33m\u2502\x1b[0m    self = \x1b[1m<\x1b[0m\x1b[1;95mapp.security.headers.SecurityHeadersMiddleware\x1b[0m\x1b[39m object at \x1b[0m\x1b[94m0x00000208CF748D10\x1b[0m\x1b[1m>\x1b[0m \x1b[33m\u2502\x1b[0m      \x1b[31m\u2502\x1b[0m\n\x1b[31m\u2502\x1b[0m \x1b[33m\u2514\u2500\u2500\u2500\u2500\u2500\u2500\u2500\u2500\u2500\u2500\u2500\u2500\u2500\u2500\u2500\u2500\u2500\u2500\u2500\u2500\u2500\u2500\u2500\u2500\u2500\u2500\u2500\u2500\u2500\u2500\u2500\u2500\u2500\u2500\u2500\u2500\u2500\u2500\u2500\u2500\u2500\u2500\u2500\u2500\u2500\u2500\u2500\u2500\u2500\u2500\u2500\u2500\u2500\u2500\u2500\u2500\u2500\u2500\u2500\u2500\u2500\u2500\u2500\u2500\u2500\u2500\u2500\u2500\u2500\u2500\u2500\u2500\u2500\u2500\u2500\u2500\u2500\u2500\u2500\u2500\u2500\u2500\u2500\u2500\u2500\u2500\u2500\u2500\u2500\u2518\x1b[0m      \x1b[31m\u2502\x1b[0m\n\x1b[31m\u2502\x1b[0m                                                                                                  \x1b[31m\u2502\x1b[0m\n\x1b[31m\u2502\x1b[0m \x1b[33mC:\\Users\\realj\\AppData\\Local\\Programs\\Python\\Python312\\Lib\\site-packages\\starlette\\middleware\\ba\x1b[0m \x1b[31m\u2502\x1b[0m\n\x1b[31m\u2502\x1b[0m \x1b[33mse.py\x1b[0m:\x1b[94m165\x1b[0m in \x1b[92mcall_next\x1b[0m                                                                           \x1b[31m\u2502\x1b[0m\n\x1b[31m\u2502\x1b[0m                                                                                                  \x1b[31m\u2502\x1b[0m\n\x1b[31m\u2502\x1b[0m   \x1b[2m162 \x1b[0m\x1b[2m\u2502   \u2502   \u2502   \u2502   \u2502   \x1b[0mmessage = \x1b[94mawait\x1b[0m recv_stream.receive()                                  \x1b[31m\u2502\x1b[0m\n\x1b[31m\u2502\x1b[0m   \x1b[2m163 \x1b[0m\x1b[2m\u2502   \u2502   \u2502   \x1b[0m\x1b[94mexcept\x1b[0m anyio.EndOfStream:                                                      \x1b[31m\u2502\x1b[0m\n\x1b[31m\u2502\x1b[0m   \x1b[2m164 \x1b[0m\x1b[2m\u2502   \u2502   \u2502   \u2502   \x1b[0m\x1b[94mif\x1b[0m app_exc \x1b[95mis\x1b[0m \x1b[95mnot\x1b[0m \x1b[94mNone\x1b[0m:                                                    \x1b[31m\u2502\x1b[0m\n\x1b[31m\u2502\x1b[0m \x1b[31m> \x1b[0m165 \x1b[2m\u2502   \u2502   \u2502   \u2502   \u2502   \x1b[0m\x1b[1;4;94mraise\x1b[0m\x1b[1;4m app_exc\x1b[0m                                                          \x1b[31m\u2502\x1b[0m\n\x1b[31m\u2502\x1b[0m   \x1b[2m166 \x1b[0m\x1b[2m\u2502   \u2502   \u2502   \u2502   \x1b[0m\x1b[94mraise\x1b[0m \x1b[96mRuntimeError\x1b[0m(\x1b[33m"\x1b[0m\x1b[33mNo response returned.\x1b[0m\x1b[33m"\x1b[0m)                                \x1b[31m\u2502\x1b[0m\n\x1b[31m\u2502\x1b[0m   \x1b[2m167 \x1b[0m\x1b[2m\u2502   \u2502   \u2502   \x1b[0m                                                                               \x1b[31m\u2502\x1b[0m\n\x1b[31m\u2502\x1b[0m   \x1b[2m168 \x1b[0m\x1b[2m\u2502   \u2502   \u2502   \x1b[0m\x1b[94massert\x1b[0m message[\x1b[33m"\x1b[0m\x1b[33mtype\x1b[0m\x1b[33m"\x1b[0m] == \x1b[33m"\x1b[0m\x1b[33mhttp.response.start\x1b[0m\x1b[33m"\x1b[0m                                \x1b[31m\u2502\x1b[0m\n\x1b[31m\u2502\x1b[0m                                                                                                  \x1b[31m\u2502\x1b[0m\n\x1b[31m\u2502\x1b[0m \x1b[33m\u250c\u2500\x1b[0m\x1b[33m\u2500\u2500\u2500\u2500\u2500\u2500\u2500\u2500\u2500\u2500\u2500\u2500\u2500\u2500\u2500\u2500\u2500\u2500\u2500\u2500\u2500\u2500\u2500\u2500\u2500\u2500\u2500\u2500\u2500\u2500\u2500\u2500\u2500\u2500\u2500\u2500\u2500\u2500\u2500\u2500\u2500\u2500\x1b[0m\x1b[33m locals \x1b[0m\x1b[33m\u2500\u2500\u2500\u2500\u2500\u2500\u2500\u2500\u2500\u2500\u2500\u2500\u2500\u2500\u2500\u2500\u2500\u2500\u2500\u2500\u2500\u2500\u2500\u2500\u2500\u2500\u2500\u2500\u2500\u2500\u2500\u2500\u2500\u2500\u2500\u2500\u2500\u2500\u2500\u2500\u2500\u2500\x1b[0m\x1b[33m\u2500\u2510\x1b[0m \x1b[31m\u2502\x1b[0m\n\x1b[31m\u2502\x1b[0m \x1b[33m\u2502\x1b[0m         app_exc = \x1b[1;35mRuntimeError\x1b[0m\x1b[1m(\x1b[0m\x1b[33m'Rate limiter not initialized'\x1b[0m\x1b[1m)\x1b[0m                               \x1b[33m\u2502\x1b[0m \x1b[31m\u2502\x1b[0m\n\x1b[31m\u2502\x1b[0m \x1b[33m\u2502\x1b[0m     recv_stream = \x1b[1;35mMemoryObjectReceiveStream\x1b[0m\x1b[1m(\x1b[0m                                                 \x1b[33m\u2502\x1b[0m \x1b[31m\u2502\x1b[0m\n\x1b[31m\u2502\x1b[0m \x1b[33m\u2502\x1b[0m                   \x1b[2m\u2502   \x1b[0m\x1b[33m_state\x1b[0m=\x1b[1;35m_MemoryObjectStreamState\x1b[0m\x1b[1m(\x1b[0m                                       \x1b[33m\u2502\x1b[0m \x1b[31m\u2502\x1b[0m\n\x1b[31m\u2502\x1b[0m \x1b[33m\u2502\x1b[0m                   \x1b[2m\u2502   \u2502   \x1b[0m\x1b[33mmax_buffer_size\x1b[0m=\x1b[94m0\x1b[0m,                                                 \x1b[33m\u2502\x1b[0m \x1b[31m\u2502\x1b[0m\n\x1b[31m\u2502\x1b[0m \x1b[33m\u2502\x1b[0m                   \x1b[2m\u2502   \u2502   \x1b[0m\x1b[33mbuffer\x1b[0m=\x1b[1;35mdeque\x1b[0m\x1b[1m(\x1b[0m\x1b[1m)\x1b[0m,                                                    \x1b[33m\u2502\x1b[0m \x1b[31m\u2502\x1b[0m\n\x1b[31m\u2502\x1b[0m \x1b[33m\u2502\x1b[0m                   \x1b[2m\u2502   \u2502   \x1b[0m\x1b[33mopen_send_channels\x1b[0m=\x1b[94m0\x1b[0m,                                              \x1b[33m\u2502\x1b[0m \x1b[31m\u2502\x1b[0m\n\x1b[31m\u2502\x1b[0m \x1b[33m\u2502\x1b[0m                   \x1b[2m\u2502   \u2502   \x1b[0m\x1b[33mopen_receive_channels\x1b[0m=\x1b[94m1\x1b[0m,                                           \x1b[33m\u2502\x1b[0m \x1b[31m\u2502\x1b[0m\n\x1b[31m\u2502\x1b[0m \x1b[33m\u2502\x1b[0m                   \x1b[2m\u2502   \u2502   \x1b[0m\x1b[33mwaiting_receivers\x1b[0m=\x1b[1;35mOrderedDict\x1b[0m\x1b[1m(\x1b[0m\x1b[1m)\x1b[0m,                                   \x1b[33m\u2502\x1b[0m \x1b[31m\u2502\x1b[0m\n\x1b[31m\u2502\x1b[0m \x1b[33m\u2502\x1b[0m                   \x1b[2m\u2502   \u2502   \x1b[0m\x1b[33mwaiting_senders\x1b[0m=\x1b[1;35mOrderedDict\x1b[0m\x1b[1m(\x1b[0m\x1b[1m)\x1b[0m                                      \x1b[33m\u2502\x1b[0m \x1b[31m\u2502\x1b[0m\n\x1b[31m\u2502\x1b[0m \x1b[33m\u2502\x1b[0m                   \x1b[2m\u2502   \x1b[0m\x1b[1m)\x1b[0m,                                                                     \x1b[33m\u2502\x1b[0m \x1b[31m\u2502\x1b[0m\n\x1b[31m\u2502\x1b[0m \x1b[33m\u2502\x1b[0m                   \x1b[2m\u2502   \x1b[0m\x1b[33m_closed\x1b[0m=\x1b[94mFalse\x1b[0m                                                          \x1b[33m\u2502\x1b[0m \x1b[31m\u2502\x1b[0m\n\x1b[31m\u2502\x1b[0m \x1b[33m\u2502\x1b[0m                   \x1b[1m)\x1b[0m                                                                          \x1b[33m\u2502\x1b[0m \x1b[31m\u2502\x1b[0m\n\x1b[31m\u2502\x1b[0m \x1b[33m\u2502\x1b[0m         request = \x1b[1m<\x1b[0m\x1b[1;95mstarlette.middleware.base._CachedRequest\x1b[0m\x1b[39m object at \x1b[0m\x1b[94m0x00000208CF7495E0\x1b[0m\x1b[1m>\x1b[0m    \x1b[33m\u2502\x1b[0m \x1b[31m\u2502\x1b[0m\n\x1b[31m\u2502\x1b[0m \x1b[33m\u2502\x1b[0m   response_sent = \x1b[1m<\x1b[0m\x1b[1;95manyio._backends._asyncio.Event\x1b[0m\x1b[39m object at \x1b[0m\x1b[94m0x00000208CF749610\x1b[0m\x1b[1m>\x1b[0m              \x1b[33m\u2502\x1b[0m \x1b[31m\u2502\x1b[0m\n\x1b[31m\u2502\x1b[0m \x1b[33m\u2502\x1b[0m           scope = \x1b[1m{\x1b[0m                                                                          \x1b[33m\u2502\x1b[0m \x1b[31m\u2502\x1b[0m\n\x1b[31m\u2502\x1b[0m \x1b[33m\u2502\x1b[0m                   \x1b[2m\u2502   \x1b[0m\x1b[33m'type'\x1b[0m: \x1b[33m'http'\x1b[0m,                                                        \x1b[33m\u2502\x1b[0m \x1b[31m\u2502\x1b[0m\n\x1b[31m\u2502\x1b[0m \x1b[33m\u2502\x1b[0m                   \x1b[2m\u2502   \x1b[0m\x1b[33m'asgi'\x1b[0m: \x1b[1m{\x1b[0m\x1b[33m'version'\x1b[0m: \x1b[33m'3.0'\x1b[0m\x1b[1m}\x1b[0m,                                            \x1b[33m\u2502\x1b[0m \x1b[31m\u2502\x1b[0m\n\x1b[31m\u2502\x1b[0m \x1b[33m\u2502\x1b[0m                   \x1b[2m\u2502   \x1b[0m\x1b[33m'http_version'\x1b[0m: \x1b[33m'1.1'\x1b[0m,                                                 \x1b[33m\u2502\x1b[0m \x1b[31m\u2502\x1b[0m\n\x1b[31m\u2502\x1b[0m \x1b[33m\u2502\x1b[0m                   \x1b[2m\u2502   \x1b[0m\x1b[33m'method'\x1b[0m: \x1b[33m'POST'\x1b[0m,                                                      \x1b[33m\u2502\x1b[0m \x1b[31m\u2502\x1b[0m\n\x1b[31m\u2502\x1b[0m \x1b[33m\u2502\x1b[0m                   \x1b[2m\u2502   \x1b[0m\x1b[33m'headers'\x1b[0m: \x1b[1m[\x1b[0m                                                           \x1b[33m\u2502\x1b[0m \x1b[31m\u2502\x1b[0m\n\x1b[31m\u2502\x1b[0m \x1b[33m\u2502\x1b[0m                   \x1b[2m\u2502   \u2502   \x1b[0m\x1b[1m(\x1b[0m\x1b[33mb'host'\x1b[0m, \x1b[33mb'test'\x1b[0m\x1b[1m)\x1b[0m,                                                \x1b[33m\u2502\x1b[0m \x1b[31m\u2502\x1b[0m\n\x1b[31m\u2502\x1b[0m \x1b[33m\u2502\x1b[0m                   \x1b[2m\u2502   \u2502   \x1b[0m\x1b[1m(\x1b[0m\x1b[33mb'accept'\x1b[0m, \x1b[33mb'*/*'\x1b[0m\x1b[1m)\x1b[0m,                                               \x1b[33m\u2502\x1b[0m \x1b[31m\u2502\x1b[0m\n\x1b[31m\u2502\x1b[0m \x1b[33m\u2502\x1b[0m                   \x1b[2m\u2502   \u2502   \x1b[0m\x1b[1m(\x1b[0m\x1b[33mb'accept-encoding'\x1b[0m, \x1b[33mb'gzip, deflate'\x1b[0m\x1b[1m)\x1b[0m,                            \x1b[33m\u2502\x1b[0m \x1b[31m\u2502\x1b[0m\n\x1b[31m\u2502\x1b[0m \x1b[33m\u2502\x1b[0m                   \x1b[2m\u2502   \u2502   \x1b[0m\x1b[1m(\x1b[0m\x1b[33mb'connection'\x1b[0m, \x1b[33mb'keep-alive'\x1b[0m\x1b[1m)\x1b[0m,                                    \x1b[33m\u2502\x1b[0m \x1b[31m\u2502\x1b[0m\n\x1b[31m\u2502\x1b[0m \x1b[33m\u2502\x1b[0m                   \x1b[2m\u2502   \u2502   \x1b[0m\x1b[1m(\x1b[0m\x1b[33mb'user-agent'\x1b[0m, \x1b[33mb'python-httpx/0.26.0'\x1b[0m\x1b[1m)\x1b[0m,                           \x1b[33m\u2502\x1b[0m \x1b[31m\u2502\x1b[0m\n\x1b[31m\u2502\x1b[0m \x1b[33m\u2502\x1b[0m                   \x1b[2m\u2502   \u2502   \x1b[0m\x1b[1m(\x1b[0m\x1b[33mb'authorization'\x1b[0m, \x1b[33mb'Bearer di_testkey123'\x1b[0m\x1b[1m)\x1b[0m,                       \x1b[33m\u2502\x1b[0m \x1b[31m\u2502\x1b[0m\n\x1b[31m\u2502\x1b[0m \x1b[33m\u2502\x1b[0m                   \x1b[2m\u2502   \u2502   \x1b[0m\x1b[1m(\x1b[0m\x1b[33mb'content-length'\x1b[0m, \x1b[33mb'201'\x1b[0m\x1b[1m)\x1b[0m,                                       \x1b[33m\u2502\x1b[0m \x1b[31m\u2502\x1b[0m\n\x1b[31m\u2502\x1b[0m \x1b[33m\u2502\x1b[0m                   \x1b[2m\u2502   \u2502   \x1b[0m\x1b[1m(\x1b[0m                                                                  \x1b[33m\u2502\x1b[0m \x1b[31m\u2502\x1b[0m\n\x1b[31m\u2502\x1b[0m \x1b[33m\u2502\x1b[0m                   \x1b[2m\u2502   \u2502   \u2502   \x1b[0m\x1b[33mb'content-type'\x1b[0m,                                               \x1b[33m\u2502\x1b[0m \x1b[31m\u2502\x1b[0m\n\x1b[31m\u2502\x1b[0m \x1b[33m\u2502\x1b[0m                   \x1b[2m\u2502   \u2502   \u2502   \x1b[0m\x1b[33mb'multipart/form-data; \x1b[0m                                        \x1b[33m\u2502\x1b[0m \x1b[31m\u2502\x1b[0m\n\x1b[31m\u2502\x1b[0m \x1b[33m\u2502\x1b[0m                   \x1b[33mboundary\x1b[0m\x1b[33m=\x1b[0m\x1b[33m0dbbeb47f7753326ffe6a6a5e7eed486\x1b[0m\x1b[33m'\x1b[0m                                 \x1b[33m\u2502\x1b[0m \x1b[31m\u2502\x1b[0m\n\x1b[31m\u2502\x1b[0m \x1b[33m\u2502\x1b[0m                   \x1b[2m\u2502   \u2502   \x1b[0m\x1b[1m)\x1b[0m                                                                  \x1b[33m\u2502\x1b[0m \x1b[31m\u2502\x1b[0m\n\x1b[31m\u2502\x1b[0m \x1b[33m\u2502\x1b[0m                   \x1b[2m\u2502   \x1b[0m\x1b[1m]\x1b[0m,                                                                     \x1b[33m\u2502\x1b[0m \x1b[31m\u2502\x1b[0m\n\x1b[31m\u2502\x1b[0m \x1b[33m\u2502\x1b[0m                   \x1b[2m\u2502   \x1b[0m\x1b[33m'scheme'\x1b[0m: \x1b[33m'http'\x1b[0m,                                                      \x1b[33m\u2502\x1b[0m \x1b[31m\u2502\x1b[0m\n\x1b[31m\u2502\x1b[0m \x1b[33m\u2502\x1b[0m                   \x1b[2m\u2502   \x1b[0m\x1b[33m'path'\x1b[0m: \x1b[33m'/api/v1/documents/upload'\x1b[0m,                                    \x1b[33m\u2502\x1b[0m \x1b[31m\u2502\x1b[0m\n\x1b[31m\u2502\x1b[0m \x1b[33m\u2502\x1b[0m                   \x1b[2m\u2502   \x1b[0m\x1b[33m'raw_path'\x1b[0m: \x1b[33mb'/api/v1/documents/upload'\x1b[0m,                               \x1b[33m\u2502\x1b[0m \x1b[31m\u2502\x1b[0m\n\x1b[31m\u2502\x1b[0m \x1b[33m\u2502\x1b[0m                   \x1b[2m\u2502   \x1b[0m\x1b[33m'query_string'\x1b[0m: \x1b[33mb''\x1b[0m,                                                   \x1b[33m\u2502\x1b[0m \x1b[31m\u2502\x1b[0m\n\x1b[31m\u2502\x1b[0m \x1b[33m\u2502\x1b[0m                   \x1b[2m\u2502   \x1b[0m\x1b[33m'server'\x1b[0m: \x1b[1m(\x1b[0m\x1b[33m'test'\x1b[0m, \x1b[94mNone\x1b[0m\x1b[1m)\x1b[0m,                                              \x1b[33m\u2502\x1b[0m \x1b[31m\u2502\x1b[0m\n\x1b[31m\u2502\x1b[0m \x1b[33m\u2502\x1b[0m                   \x1b[2m\u2502   \x1b[0m\x1b[33m...\x1b[0m +\x1b[94m10\x1b[0m                                                                \x1b[33m\u2502\x1b[0m \x1b[31m\u2502\x1b[0m\n\x1b[31m\u2502\x1b[0m \x1b[33m\u2502\x1b[0m                   \x1b[1m}\x1b[0m                                                                          \x1b[33m\u2502\x1b[0m \x1b[31m\u2502\x1b[0m\n\x1b[31m\u2502\x1b[0m \x1b[33m\u2502\x1b[0m            self = \x1b[1m<\x1b[0m\x1b[1;95mapp.security.headers.SecurityHeadersMiddleware\x1b[0m\x1b[39m object at \x1b[0m                 \x1b[33m\u2502\x1b[0m \x1b[31m\u2502\x1b[0m\n\x1b[31m\u2502\x1b[0m \x1b[33m\u2502\x1b[0m                   \x1b[94m0x00000208CF748D10\x1b[0m\x1b[1m>\x1b[0m                                                        \x1b[33m\u2502\x1b[0m \x1b[31m\u2502\x1b[0m\n\x1b[31m\u2502\x1b[0m \x1b[33m\u2502\x1b[0m     send_stream = \x1b[1;35mMemoryObjectSendStream\x1b[0m\x1b[1m(\x1b[0m                                                    \x1b[33m\u2502\x1b[0m \x1b[31m\u2502\x1b[0m\n\x1b[31m\u2502\x1b[0m \x1b[33m\u2502\x1b[0m                   \x1b[2m\u2502   \x1b[0m\x1b[33m_state\x1b[0m=\x1b[1;35m_MemoryObjectStreamState\x1b[0m\x1b[1m(\x1b[0m                                       \x1b[33m\u2502\x1b[0m \x1b[31m\u2502\x1b[0m\n\x1b[31m\u2502\x1b[0m \x1b[33m\u2502\x1b[0m                   \x1b[2m\u2502   \u2502   \x1b[0m\x1b[33mmax_buffer_size\x1b[0m=\x1b[94m0\x1b[0m,                                                 \x1b[33m\u2502\x1b[0m \x1b[31m\u2502\x1b[0m\n\x1b[31m\u2502\x1b[0m \x1b[33m\u2502\x1b[0m                   \x1b[2m\u2502   \u2502   \x1b[0m\x1b[33mbuffer\x1b[0m=\x1b[1;35mdeque\x1b[0m\x1b[1m(\x1b[0m\x1b[1m)\x1b[0m,                                                    \x1b[33m\u2502\x1b[0m \x1b[31m\u2502\x1b[0m\n\x1b[31m\u2502\x1b[0m \x1b[33m\u2502\x1b[0m                   \x1b[2m\u2502   \u2502   \x1b[0m\x1b[33mopen_send_channels\x1b[0m=\x1b[94m0\x1b[0m,                                              \x1b[33m\u2502\x1b[0m \x1b[31m\u2502\x1b[0m\n\x1b[31m\u2502\x1b[0m \x1b[33m\u2502\x1b[0m                   \x1b[2m\u2502   \u2502   \x1b[0m\x1b[33mopen_receive_channels\x1b[0m=\x1b[94m1\x1b[0m,                                           \x1b[33m\u2502\x1b[0m \x1b[31m\u2502\x1b[0m\n\x1b[31m\u2502\x1b[0m \x1b[33m\u2502\x1b[0m                   \x1b[2m\u2502   \u2502   \x1b[0m\x1b[33mwaiting_receivers\x1b[0m=\x1b[1;35mOrderedDict\x1b[0m\x1b[1m(\x1b[0m\x1b[1m)\x1b[0m,                                   \x1b[33m\u2502\x1b[0m \x1b[31m\u2502\x1b[0m\n\x1b[31m\u2502\x1b[0m \x1b[33m\u2502\x1b[0m                   \x1b[2m\u2502   \u2502   \x1b[0m\x1b[33mwaiting_senders\x1b[0m=\x1b[1;35mOrderedDict\x1b[0m\x1b[1m(\x1b[0m\x1b[1m)\x1b[0m                                      \x1b[33m\u2502\x1b[0m \x1b[31m\u2502\x1b[0m\n\x1b[31m\u2502\x1b[0m \x1b[33m\u2502\x1b[0m                   \x1b[2m\u2502   \x1b[0m\x1b[1m)\x1b[0m,                                                                     \x1b[33m\u2502\x1b[0m \x1b[31m\u2502\x1b[0m\n\x1b[31m\u2502\x1b[0m \x1b[33m\u2502\x1b[0m                   \x1b[2m\u2502   \x1b[0m\x1b[33m_closed\x1b[0m=\x1b[94mTrue\x1b[0m                                                           \x1b[33m\u2502\x1b[0m \x1b[31m\u2502\x1b[0m\n\x1b[31m\u2502\x1b[0m \x1b[33m\u2502\x1b[0m                   \x1b[1m)\x1b[0m                                                                          \x1b[33m\u2502\x1b[0m \x1b[31m\u2502\x1b[0m\n\x1b[31m\u2502\x1b[0m \x1b[33m\u2502\x1b[0m      task_group = \x1b[1m<\x1b[0m\x1b[1;95manyio._backends._asyncio.TaskGroup\x1b[0m\x1b[39m object at \x1b[0m\x1b[94m0x00000208CF7496A0\x1b[0m\x1b[1m>\x1b[0m          \x1b[33m\u2502\x1b[0m \x1b[31m\u2502\x1b[0m\n\x1b[31m\u2502\x1b[0m \x1b[33m\u2502\x1b[0m wrapped_receive = \x1b[1m<\x1b[0m\x1b[1;95mbound\x1b[0m\x1b[39m method _CachedRequest.wrapped_receive of \x1b[0m                           \x1b[33m\u2502\x1b[0m \x1b[31m\u2502\x1b[0m\n\x1b[31m\u2502\x1b[0m \x1b[33m\u2502\x1b[0m                   \x1b[39m<starlette.middleware.base._CachedRequest object at \x1b[0m\x1b[94m0x00000208CF7495E0\x1b[0m\x1b[39m>\x1b[0m\x1b[1m>\x1b[0m   \x1b[33m\u2502\x1b[0m \x1b[31m\u2502\x1b[0m\n\x1b[31m\u2502\x1b[0m \x1b[33m\u2514\u2500\u2500\u2500\u2500\u2500\u2500\u2500\u2500\u2500\u2500\u2500\u2500\u2500\u2500\u2500\u2500\u2500\u2500\u2500\u2500\u2500\u2500\u2500\u2500\u2500\u2500\u2500\u2500\u2500\u2500\u2500\u2500\u2500\u2500\u2500\u2500\u2500\u2500\u2500\u2500\u2500\u2500\u2500\u2500\u2500\u2500\u2500\u2500\u2500\u2500\u2500\u2500\u2500\u2500\u2500\u2500\u2500\u2500\u2500\u2500\u2500\u2500\u2500\u2500\u2500\u2500\u2500\u2500\u2500\u2500\u2500\u2500\u2500\u2500\u2500\u2500\u2500\u2500\u2500\u2500\u2500\u2500\u2500\u2500\u2500\u2500\u2500\u2500\u2500\u2500\u2500\u2500\u2500\u2500\u2518\x1b[0m \x1b[31m\u2502\x1b[0m\n\x1b[31m\u2502\x1b[0m                                                                                                  \x1b[31m\u2502\x1b[0m\n\x1b[31m\u2502\x1b[0m \x1b[33mC:\\Users\\realj\\AppData\\Local\\Programs\\Python\\Python312\\Lib\\site-packages\\starlette\\middleware\\ba\x1b[0m \x1b[31m\u2502\x1b[0m\n\x1b[31m\u2502\x1b[0m \x1b[33mse.py\x1b[0m:\x1b[94m151\x1b[0m in \x1b[92mcoro\x1b[0m                                                                                \x1b[31m\u2502\x1b[0m\n\x1b[31m\u2502\x1b[0m                                                                                                  \x1b[31m\u2502\x1b[0m\n\x1b[31m\u2502\x1b[0m   \x1b[2m148 \x1b[0m\x1b[2m\u2502   \u2502   \u2502   \u2502   \x1b[0m                                                                           \x1b[31m\u2502\x1b[0m\n\x1b[31m\u2502\x1b[0m   \x1b[2m149 \x1b[0m\x1b[2m\u2502   \u2502   \u2502   \u2502   \x1b[0m\x1b[94masync\x1b[0m \x1b[94mwith\x1b[0m \x1b[1;4msend_stream\x1b[0m:                                                    \x1b[31m\u2502\x1b[0m\n\x1b[31m\u2502\x1b[0m   \x1b[2m150 \x1b[0m\x1b[2m\u2502   \u2502   \u2502   \u2502   \u2502   \x1b[0m\x1b[94mtry\x1b[0m:                                                                   \x1b[31m\u2502\x1b[0m\n\x1b[31m\u2502\x1b[0m \x1b[31m> \x1b[0m151 \x1b[2m\u2502   \u2502   \u2502   \u2502   \u2502   \u2502   \x1b[0m\x1b[94mawait\x1b[0m \x1b[96mself\x1b[0m.app(scope, receive_or_disconnect, send_no_error)        \x1b[31m\u2502\x1b[0m\n\x1b[31m\u2502\x1b[0m   \x1b[2m152 \x1b[0m\x1b[2m\u2502   \u2502   \u2502   \u2502   \u2502   \x1b[0m\x1b[94mexcept\x1b[0m \x1b[96mException\x1b[0m \x1b[94mas\x1b[0m exc:                                               \x1b[31m\u2502\x1b[0m\n\x1b[31m\u2502\x1b[0m   \x1b[2m153 \x1b[0m\x1b[2m\u2502   \u2502   \u2502   \u2502   \u2502   \u2502   \x1b[0mapp_exc = exc                                                      \x1b[31m\u2502\x1b[0m\n\x1b[31m\u2502\x1b[0m   \x1b[2m154 \x1b[0m                                                                                           \x1b[31m\u2502\x1b[0m\n\x1b[31m\u2502\x1b[0m                                                                                                  \x1b[31m\u2502\x1b[0m\n\x1b[31m\u2502\x1b[0m \x1b[33m\u250c\u2500\x1b[0m\x1b[33m\u2500\u2500\u2500\u2500\u2500\u2500\u2500\u2500\u2500\u2500\u2500\u2500\u2500\u2500\u2500\u2500\u2500\u2500\u2500\u2500\u2500\u2500\u2500\u2500\u2500\u2500\u2500\u2500\u2500\u2500\u2500\u2500\u2500\u2500\u2500\u2500\u2500\u2500\u2500\u2500\u2500\x1b[0m\x1b[33m locals \x1b[0m\x1b[33m\u2500\u2500\u2500\u2500\u2500\u2500\u2500\u2500\u2500\u2500\u2500\u2500\u2500\u2500\u2500\u2500\u2500\u2500\u2500\u2500\u2500\u2500\u2500\u2500\u2500\u2500\u2500\u2500\u2500\u2500\u2500\u2500\u2500\u2500\u2500\u2500\u2500\u2500\u2500\u2500\u2500\u2500\x1b[0m\x1b[33m\u2500\u2510\x1b[0m  \x1b[31m\u2502\x1b[0m\n\x1b[31m\u2502\x1b[0m \x1b[33m\u2502\x1b[0m     app_exc = \x1b[1;35mRuntimeError\x1b[0m\x1b[1m(\x1b[0m\x1b[33m'Rate limiter not initialized'\x1b[0m\x1b[1m)\x1b[0m                                  \x1b[33m\u2502\x1b[0m  \x1b[31m\u2502\x1b[0m\n\x1b[31m\u2502\x1b[0m \x1b[33m\u2502\x1b[0m       scope = \x1b[1m{\x1b[0m                                                                             \x1b[33m\u2502\x1b[0m  \x1b[31m\u2502\x1b[0m\n\x1b[31m\u2502\x1b[0m \x1b[33m\u2502\x1b[0m               \x1b[2m\u2502   \x1b[0m\x1b[33m'type'\x1b[0m: \x1b[33m'http'\x1b[0m,                                                           \x1b[33m\u2502\x1b[0m  \x1b[31m\u2502\x1b[0m\n\x1b[31m\u2502\x1b[0m \x1b[33m\u2502\x1b[0m               \x1b[2m\u2502   \x1b[0m\x1b[33m'asgi'\x1b[0m: \x1b[1m{\x1b[0m\x1b[33m'version'\x1b[0m: \x1b[33m'3.0'\x1b[0m\x1b[1m}\x1b[0m,                                               \x1b[33m\u2502\x1b[0m  \x1b[31m\u2502\x1b[0m\n\x1b[31m\u2502\x1b[0m \x1b[33m\u2502\x1b[0m               \x1b[2m\u2502   \x1b[0m\x1b[33m'http_version'\x1b[0m: \x1b[33m'1.1'\x1b[0m,                                                    \x1b[33m\u2502\x1b[0m  \x1b[31m\u2502\x1b[0m\n\x1b[31m\u2502\x1b[0m \x1b[33m\u2502\x1b[0m               \x1b[2m\u2502   \x1b[0m\x1b[33m'method'\x1b[0m: \x1b[33m'POST'\x1b[0m,                                                         \x1b[33m\u2502\x1b[0m  \x1b[31m\u2502\x1b[0m\n\x1b[31m\u2502\x1b[0m \x1b[33m\u2502\x1b[0m               \x1b[2m\u2502   \x1b[0m\x1b[33m'headers'\x1b[0m: \x1b[1m[\x1b[0m                                                              \x1b[33m\u2502\x1b[0m  \x1b[31m\u2502\x1b[0m\n\x1b[31m\u2502\x1b[0m \x1b[33m\u2502\x1b[0m               \x1b[2m\u2502   \u2502   \x1b[0m\x1b[1m(\x1b[0m\x1b[33mb'host'\x1b[0m, \x1b[33mb'test'\x1b[0m\x1b[1m)\x1b[0m,                                                   \x1b[33m\u2502\x1b[0m  \x1b[31m\u2502\x1b[0m\n\x1b[31m\u2502\x1b[0m \x1b[33m\u2502\x1b[0m               \x1b[2m\u2502   \u2502   \x1b[0m\x1b[1m(\x1b[0m\x1b[33mb'accept'\x1b[0m, \x1b[33mb'*/*'\x1b[0m\x1b[1m)\x1b[0m,                                                  \x1b[33m\u2502\x1b[0m  \x1b[31m\u2502\x1b[0m\n\x1b[31m\u2502\x1b[0m \x1b[33m\u2502\x1b[0m               \x1b[2m\u2502   \u2502   \x1b[0m\x1b[1m(\x1b[0m\x1b[33mb'accept-encoding'\x1b[0m, \x1b[33mb'gzip, deflate'\x1b[0m\x1b[1m)\x1b[0m,                               \x1b[33m\u2502\x1b[0m  \x1b[31m\u2502\x1b[0m\n\x1b[31m\u2502\x1b[0m \x1b[33m\u2502\x1b[0m               \x1b[2m\u2502   \u2502   \x1b[0m\x1b[1m(\x1b[0m\x1b[33mb'connection'\x1b[0m, \x1b[33mb'keep-alive'\x1b[0m\x1b[1m)\x1b[0m,                                       \x1b[33m\u2502\x1b[0m  \x1b[31m\u2502\x1b[0m\n\x1b[31m\u2502\x1b[0m \x1b[33m\u2502\x1b[0m               \x1b[2m\u2502   \u2502   \x1b[0m\x1b[1m(\x1b[0m\x1b[33mb'user-agent'\x1b[0m, \x1b[33mb'python-httpx/0.26.0'\x1b[0m\x1b[1m)\x1b[0m,                              \x1b[33m\u2502\x1b[0m  \x1b[31m\u2502\x1b[0m\n\x1b[31m\u2502\x1b[0m \x1b[33m\u2502\x1b[0m               \x1b[2m\u2502   \u2502   \x1b[0m\x1b[1m(\x1b[0m\x1b[33mb'authorization'\x1b[0m, \x1b[33mb'Bearer di_testkey123'\x1b[0m\x1b[1m)\x1b[0m,                          \x1b[33m\u2502\x1b[0m  \x1b[31m\u2502\x1b[0m\n\x1b[31m\u2502\x1b[0m \x1b[33m\u2502\x1b[0m               \x1b[2m\u2502   \u2502   \x1b[0m\x1b[1m(\x1b[0m\x1b[33mb'content-length'\x1b[0m, \x1b[33mb'201'\x1b[0m\x1b[1m)\x1b[0m,                                          \x1b[33m\u2502\x1b[0m  \x1b[31m\u2502\x1b[0m\n\x1b[31m\u2502\x1b[0m \x1b[33m\u2502\x1b[0m               \x1b[2m\u2502   \u2502   \x1b[0m\x1b[1m(\x1b[0m                                                                     \x1b[33m\u2502\x1b[0m  \x1b[31m\u2502\x1b[0m\n\x1b[31m\u2502\x1b[0m \x1b[33m\u2502\x1b[0m               \x1b[2m\u2502   \u2502   \u2502   \x1b[0m\x1b[33mb'content-type'\x1b[0m,                                                  \x1b[33m\u2502\x1b[0m  \x1b[31m\u2502\x1b[0m\n\x1b[31m\u2502\x1b[0m \x1b[33m\u2502\x1b[0m               \x1b[2m\u2502   \u2502   \u2502   \x1b[0m\x1b[33mb'multipart/form-data; \x1b[0m\x1b[33mboundary\x1b[0m\x1b[33m=\x1b[0m\x1b[33m0dbbeb47f7753326ffe6a6a5e7eed486\x1b[0m\x1b[33m'\x1b[0m \x1b[33m\u2502\x1b[0m  \x1b[31m\u2502\x1b[0m\n\x1b[31m\u2502\x1b[0m \x1b[33m\u2502\x1b[0m               \x1b[2m\u2502   \u2502   \x1b[0m\x1b[1m)\x1b[0m                                                                     \x1b[33m\u2502\x1b[0m  \x1b[31m\u2502\x1b[0m\n\x1b[31m\u2502\x1b[0m \x1b[33m\u2502\x1b[0m               \x1b[2m\u2502   \x1b[0m\x1b[1m]\x1b[0m,                                                                        \x1b[33m\u2502\x1b[0m  \x1b[31m\u2502\x1b[0m\n\x1b[31m\u2502\x1b[0m \x1b[33m\u2502\x1b[0m               \x1b[2m\u2502   \x1b[0m\x1b[33m'scheme'\x1b[0m: \x1b[33m'http'\x1b[0m,                                                         \x1b[33m\u2502\x1b[0m  \x1b[31m\u2502\x1b[0m\n\x1b[31m\u2502\x1b[0m \x1b[33m\u2502\x1b[0m               \x1b[2m\u2502   \x1b[0m\x1b[33m'path'\x1b[0m: \x1b[33m'/api/v1/documents/upload'\x1b[0m,                                       \x1b[33m\u2502\x1b[0m  \x1b[31m\u2502\x1b[0m\n\x1b[31m\u2502\x1b[0m \x1b[33m\u2502\x1b[0m               \x1b[2m\u2502   \x1b[0m\x1b[33m'raw_path'\x1b[0m: \x1b[33mb'/api/v1/documents/upload'\x1b[0m,                                  \x1b[33m\u2502\x1b[0m  \x1b[31m\u2502\x1b[0m\n\x1b[31m\u2502\x1b[0m \x1b[33m\u2502\x1b[0m               \x1b[2m\u2502   \x1b[0m\x1b[33m'query_string'\x1b[0m: \x1b[33mb''\x1b[0m,                                                      \x1b[33m\u2502\x1b[0m  \x1b[31m\u2502\x1b[0m\n\x1b[31m\u2502\x1b[0m \x1b[33m\u2502\x1b[0m               \x1b[2m\u2502   \x1b[0m\x1b[33m'server'\x1b[0m: \x1b[1m(\x1b[0m\x1b[33m'test'\x1b[0m, \x1b[94mNone\x1b[0m\x1b[1m)\x1b[0m,                                                 \x1b[33m\u2502\x1b[0m  \x1b[31m\u2502\x1b[0m\n\x1b[31m\u2502\x1b[0m \x1b[33m\u2502\x1b[0m               \x1b[2m\u2502   \x1b[0m\x1b[33m...\x1b[0m +\x1b[94m10\x1b[0m                                                                   \x1b[33m\u2502\x1b[0m  \x1b[31m\u2502\x1b[0m\n\x1b[31m\u2502\x1b[0m \x1b[33m\u2502\x1b[0m               \x1b[1m}\x1b[0m                                                                             \x1b[33m\u2502\x1b[0m  \x1b[31m\u2502\x1b[0m\n\x1b[31m\u2502\x1b[0m \x1b[33m\u2502\x1b[0m        self = \x1b[1m<\x1b[0m\x1b[1;95mapp.security.headers.SecurityHeadersMiddleware\x1b[0m\x1b[39m object at \x1b[0m\x1b[94m0x00000208CF748D10\x1b[0m\x1b[1m>\x1b[0m \x1b[33m\u2502\x1b[0m  \x1b[31m\u2502\x1b[0m\n\x1b[31m\u2502\x1b[0m \x1b[33m\u2502\x1b[0m send_stream = \x1b[1;35mMemoryObjectSendStream\x1b[0m\x1b[1m(\x1b[0m                                                       \x1b[33m\u2502\x1b[0m  \x1b[31m\u2502\x1b[0m\n\x1b[31m\u2502\x1b[0m \x1b[33m\u2502\x1b[0m               \x1b[2m\u2502   \x1b[0m\x1b[33m_state\x1b[0m=\x1b[1;35m_MemoryObjectStreamState\x1b[0m\x1b[1m(\x1b[0m                                          \x1b[33m\u2502\x1b[0m  \x1b[31m\u2502\x1b[0m\n\x1b[31m\u2502\x1b[0m \x1b[33m\u2502\x1b[0m               \x1b[2m\u2502   \u2502   \x1b[0m\x1b[33mmax_buffer_size\x1b[0m=\x1b[94m0\x1b[0m,                                                    \x1b[33m\u2502\x1b[0m  \x1b[31m\u2502\x1b[0m\n\x1b[31m\u2502\x1b[0m \x1b[33m\u2502\x1b[0m               \x1b[2m\u2502   \u2502   \x1b[0m\x1b[33mbuffer\x1b[0m=\x1b[1;35mdeque\x1b[0m\x1b[1m(\x1b[0m\x1b[1m)\x1b[0m,                                                       \x1b[33m\u2502\x1b[0m  \x1b[31m\u2502\x1b[0m\n\x1b[31m\u2502\x1b[0m \x1b[33m\u2502\x1b[0m               \x1b[2m\u2502   \u2502   \x1b[0m\x1b[33mopen_send_channels\x1b[0m=\x1b[94m0\x1b[0m,                                                 \x1b[33m\u2502\x1b[0m  \x1b[31m\u2502\x1b[0m\n\x1b[31m\u2502\x1b[0m \x1b[33m\u2502\x1b[0m               \x1b[2m\u2502   \u2502   \x1b[0m\x1b[33mopen_receive_channels\x1b[0m=\x1b[94m1\x1b[0m,                                              \x1b[33m\u2502\x1b[0m  \x1b[31m\u2502\x1b[0m\n\x1b[31m\u2502\x1b[0m \x1b[33m\u2502\x1b[0m               \x1b[2m\u2502   \u2502   \x1b[0m\x1b[33mwaiting_receivers\x1b[0m=\x1b[1;35mOrderedDict\x1b[0m\x1b[1m(\x1b[0m\x1b[1m)\x1b[0m,                                      \x1b[33m\u2502\x1b[0m  \x1b[31m\u2502\x1b[0m\n\x1b[31m\u2502\x1b[0m \x1b[33m\u2502\x1b[0m               \x1b[2m\u2502   \u2502   \x1b[0m\x1b[33mwaiting_senders\x1b[0m=\x1b[1;35mOrderedDict\x1b[0m\x1b[1m(\x1b[0m\x1b[1m)\x1b[0m                                         \x1b[33m\u2502\x1b[0m  \x1b[31m\u2502\x1b[0m\n\x1b[31m\u2502\x1b[0m \x1b[33m\u2502\x1b[0m               \x1b[2m\u2502   \x1b[0m\x1b[1m)\x1b[0m,                                                                        \x1b[33m\u2502\x1b[0m  \x1b[31m\u2502\x1b[0m\n\x1b[31m\u2502\x1b[0m \x1b[33m\u2502\x1b[0m               \x1b[2m\u2502   \x1b[0m\x1b[33m_closed\x1b[0m=\x1b[94mTrue\x1b[0m                                                              \x1b[33m\u2502\x1b[0m  \x1b[31m\u2502\x1b[0m\n\x1b[31m\u2502\x1b[0m \x1b[33m\u2502\x1b[0m               \x1b[1m)\x1b[0m                                                                             \x1b[33m\u2502\x1b[0m  \x1b[31m\u2502\x1b[0m\n\x1b[31m\u2502\x1b[0m \x1b[33m\u2514\u2500\u2500\u2500\u2500\u2500\u2500\u2500\u2500\u2500\u2500\u2500\u2500\u2500\u2500\u2500\u2500\u2500\u2500\u2500\u2500\u2500\u2500\u2500\u2500\u2500\u2500\u2500\u2500\u2500\u2500\u2500\u2500\u2500\u2500\u2500\u2500\u2500\u2500\u2500\u2500\u2500\u2500\u2500\u2500\u2500\u2500\u2500\u2500\u2500\u2500\u2500\u2500\u2500\u2500\u2500\u2500\u2500\u2500\u2500\u2500\u2500\u2500\u2500\u2500\u2500\u2500\u2500\u2500\u2500\u2500\u2500\u2500\u2500\u2500\u2500\u2500\u2500\u2500\u2500\u2500\u2500\u2500\u2500\u2500\u2500\u2500\u2500\u2500\u2500\u2500\u2500\u2500\u2500\u2518\x1b[0m  \x1b[31m\u2502\x1b[0m\n\x1b[31m\u2502\x1b[0m                                                                                                  \x1b[31m\u2502\x1b[0m\n\x1b[31m\u2502\x1b[0m \x1b[33mC:\\Users\\realj\\AppData\\Local\\Programs\\Python\\Python312\\Lib\\site-packages\\starlette\\middleware\\ex\x1b[0m \x1b[31m\u2502\x1b[0m\n\x1b[31m\u2502\x1b[0m \x1b[33mceptions.py\x1b[0m:\x1b[94m62\x1b[0m in \x1b[92m__call__\x1b[0m                                                                       \x1b[31m\u2502\x1b[0m\n\x1b[31m\u2502\x1b[0m                                                                                                  \x1b[31m\u2502\x1b[0m\n\x1b[31m\u2502\x1b[0m   \x1b[2m59 \x1b[0m\x1b[2m\u2502   \u2502   \x1b[0m\x1b[94melse\x1b[0m:                                                                               \x1b[31m\u2502\x1b[0m\n\x1b[31m\u2502\x1b[0m   \x1b[2m60 \x1b[0m\x1b[2m\u2502   \u2502   \u2502   \x1b[0mconn = WebSocket(scope, receive, send)                                          \x1b[31m\u2502\x1b[0m\n\x1b[31m\u2502\x1b[0m   \x1b[2m61 \x1b[0m\x1b[2m\u2502   \u2502   \x1b[0m                                                                                    \x1b[31m\u2502\x1b[0m\n\x1b[31m\u2502\x1b[0m \x1b[31m> \x1b[0m62 \x1b[2m\u2502   \u2502   \x1b[0m\x1b[1;4;94mawait\x1b[0m\x1b[1;4m wrap_app_handling_exceptions(\x1b[0m\x1b[1;4;96mself\x1b[0m\x1b[1;4m.app, conn)(scope, receive, send)\x1b[0m            \x1b[31m\u2502\x1b[0m\n\x1b[31m\u2502\x1b[0m   \x1b[2m63 \x1b[0m\x1b[2m\u2502   \x1b[0m                                                                                        \x1b[31m\u2502\x1b[0m\n\x1b[31m\u2502\x1b[0m   \x1b[2m64 \x1b[0m\x1b[2m\u2502   \x1b[0m\x1b[94mdef\x1b[0m\x1b[90m \x1b[0m\x1b[92mhttp_exception\x1b[0m(\x1b[96mself\x1b[0m, request: Request, exc: \x1b[96mException\x1b[0m) -> Response:                 \x1b[31m\u2502\x1b[0m\n\x1b[31m\u2502\x1b[0m   \x1b[2m65 \x1b[0m\x1b[2m\u2502   \u2502   \x1b[0m\x1b[94massert\x1b[0m \x1b[96misinstance\x1b[0m(exc, HTTPException)                                               \x1b[31m\u2502\x1b[0m\n\x1b[31m\u2502\x1b[0m                                                                                                  \x1b[31m\u2502\x1b[0m\n\x1b[31m\u2502\x1b[0m \x1b[33m\u250c\u2500\x1b[0m\x1b[33m\u2500\u2500\u2500\u2500\u2500\u2500\u2500\u2500\u2500\u2500\u2500\u2500\u2500\u2500\u2500\u2500\u2500\u2500\u2500\u2500\u2500\u2500\u2500\u2500\u2500\u2500\u2500\u2500\u2500\u2500\u2500\u2500\u2500\u2500\u2500\u2500\u2500\u2500\u2500\u2500\u2500\x1b[0m\x1b[33m locals \x1b[0m\x1b[33m\u2500\u2500\u2500\u2500\u2500\u2500\u2500\u2500\u2500\u2500\u2500\u2500\u2500\u2500\u2500\u2500\u2500\u2500\u2500\u2500\u2500\u2500\u2500\u2500\u2500\u2500\u2500\u2500\u2500\u2500\u2500\u2500\u2500\u2500\u2500\u2500\u2500\u2500\u2500\u2500\u2500\x1b[0m\x1b[33m\u2500\u2510\x1b[0m   \x1b[31m\u2502\x1b[0m\n\x1b[31m\u2502\x1b[0m \x1b[33m\u2502\x1b[0m  conn = \x1b[1m<\x1b[0m\x1b[1;95mstarlette.requests.Request\x1b[0m\x1b[39m object at \x1b[0m\x1b[94m0x00000208CF749910\x1b[0m\x1b[1m>\x1b[0m                          \x1b[33m\u2502\x1b[0m   \x1b[31m\u2502\x1b[0m\n\x1b[31m\u2502\x1b[0m \x1b[33m\u2502\x1b[0m scope = \x1b[1m{\x1b[0m                                                                                  \x1b[33m\u2502\x1b[0m   \x1b[31m\u2502\x1b[0m\n\x1b[31m\u2502\x1b[0m \x1b[33m\u2502\x1b[0m         \x1b[2m\u2502   \x1b[0m\x1b[33m'type'\x1b[0m: \x1b[33m'http'\x1b[0m,                                                                \x1b[33m\u2502\x1b[0m   \x1b[31m\u2502\x1b[0m\n\x1b[31m\u2502\x1b[0m \x1b[33m\u2502\x1b[0m         \x1b[2m\u2502   \x1b[0m\x1b[33m'asgi'\x1b[0m: \x1b[1m{\x1b[0m\x1b[33m'version'\x1b[0m: \x1b[33m'3.0'\x1b[0m\x1b[1m}\x1b[0m,                                                    \x1b[33m\u2502\x1b[0m   \x1b[31m\u2502\x1b[0m\n\x1b[31m\u2502\x1b[0m \x1b[33m\u2502\x1b[0m         \x1b[2m\u2502   \x1b[0m\x1b[33m'http_version'\x1b[0m: \x1b[33m'1.1'\x1b[0m,                                                         \x1b[33m\u2502\x1b[0m   \x1b[31m\u2502\x1b[0m\n\x1b[31m\u2502\x1b[0m \x1b[33m\u2502\x1b[0m         \x1b[2m\u2502   \x1b[0m\x1b[33m'method'\x1b[0m: \x1b[33m'POST'\x1b[0m,                                                              \x1b[33m\u2502\x1b[0m   \x1b[31m\u2502\x1b[0m\n\x1b[31m\u2502\x1b[0m \x1b[33m\u2502\x1b[0m         \x1b[2m\u2502   \x1b[0m\x1b[33m'headers'\x1b[0m: \x1b[1m[\x1b[0m                                                                   \x1b[33m\u2502\x1b[0m   \x1b[31m\u2502\x1b[0m\n\x1b[31m\u2502\x1b[0m \x1b[33m\u2502\x1b[0m         \x1b[2m\u2502   \u2502   \x1b[0m\x1b[1m(\x1b[0m\x1b[33mb'host'\x1b[0m, \x1b[33mb'test'\x1b[0m\x1b[1m)\x1b[0m,                                                        \x1b[33m\u2502\x1b[0m   \x1b[31m\u2502\x1b[0m\n\x1b[31m\u2502\x1b[0m \x1b[33m\u2502\x1b[0m         \x1b[2m\u2502   \u2502   \x1b[0m\x1b[1m(\x1b[0m\x1b[33mb'accept'\x1b[0m, \x1b[33mb'*/*'\x1b[0m\x1b[1m)\x1b[0m,                                                       \x1b[33m\u2502\x1b[0m   \x1b[31m\u2502\x1b[0m\n\x1b[31m\u2502\x1b[0m \x1b[33m\u2502\x1b[0m         \x1b[2m\u2502   \u2502   \x1b[0m\x1b[1m(\x1b[0m\x1b[33mb'accept-encoding'\x1b[0m, \x1b[33mb'gzip, deflate'\x1b[0m\x1b[1m)\x1b[0m,                                    \x1b[33m\u2502\x1b[0m   \x1b[31m\u2502\x1b[0m\n\x1b[31m\u2502\x1b[0m \x1b[33m\u2502\x1b[0m         \x1b[2m\u2502   \u2502   \x1b[0m\x1b[1m(\x1b[0m\x1b[33mb'connection'\x1b[0m, \x1b[33mb'keep-alive'\x1b[0m\x1b[1m)\x1b[0m,                                            \x1b[33m\u2502\x1b[0m   \x1b[31m\u2502\x1b[0m\n\x1b[31m\u2502\x1b[0m \x1b[33m\u2502\x1b[0m         \x1b[2m\u2502   \u2502   \x1b[0m\x1b[1m(\x1b[0m\x1b[33mb'user-agent'\x1b[0m, \x1b[33mb'python-httpx/0.26.0'\x1b[0m\x1b[1m)\x1b[0m,                                   \x1b[33m\u2502\x1b[0m   \x1b[31m\u2502\x1b[0m\n\x1b[31m\u2502\x1b[0m \x1b[33m\u2502\x1b[0m         \x1b[2m\u2502   \u2502   \x1b[0m\x1b[1m(\x1b[0m\x1b[33mb'authorization'\x1b[0m, \x1b[33mb'Bearer di_testkey123'\x1b[0m\x1b[1m)\x1b[0m,                               \x1b[33m\u2502\x1b[0m   \x1b[31m\u2502\x1b[0m\n\x1b[31m\u2502\x1b[0m \x1b[33m\u2502\x1b[0m         \x1b[2m\u2502   \u2502   \x1b[0m\x1b[1m(\x1b[0m\x1b[33mb'content-length'\x1b[0m, \x1b[33mb'201'\x1b[0m\x1b[1m)\x1b[0m,                                               \x1b[33m\u2502\x1b[0m   \x1b[31m\u2502\x1b[0m\n\x1b[31m\u2502\x1b[0m \x1b[33m\u2502\x1b[0m         \x1b[2m\u2502   \u2502   \x1b[0m\x1b[1m(\x1b[0m                                                                          \x1b[33m\u2502\x1b[0m   \x1b[31m\u2502\x1b[0m\n\x1b[31m\u2502\x1b[0m \x1b[33m\u2502\x1b[0m         \x1b[2m\u2502   \u2502   \u2502   \x1b[0m\x1b[33mb'content-type'\x1b[0m,                                                       \x1b[33m\u2502\x1b[0m   \x1b[31m\u2502\x1b[0m\n\x1b[31m\u2502\x1b[0m \x1b[33m\u2502\x1b[0m         \x1b[2m\u2502   \u2502   \u2502   \x1b[0m\x1b[33mb'multipart/form-data; \x1b[0m\x1b[33mboundary\x1b[0m\x1b[33m=\x1b[0m\x1b[33m0dbbeb47f7753326ffe6a6a5e7eed486\x1b[0m\x1b[33m'\x1b[0m      \x1b[33m\u2502\x1b[0m   \x1b[31m\u2502\x1b[0m\n\x1b[31m\u2502\x1b[0m \x1b[33m\u2502\x1b[0m         \x1b[2m\u2502   \u2502   \x1b[0m\x1b[1m)\x1b[0m                                                                          \x1b[33m\u2502\x1b[0m   \x1b[31m\u2502\x1b[0m\n\x1b[31m\u2502\x1b[0m \x1b[33m\u2502\x1b[0m         \x1b[2m\u2502   \x1b[0m\x1b[1m]\x1b[0m,                                                                             \x1b[33m\u2502\x1b[0m   \x1b[31m\u2502\x1b[0m\n\x1b[31m\u2502\x1b[0m \x1b[33m\u2502\x1b[0m         \x1b[2m\u2502   \x1b[0m\x1b[33m'scheme'\x1b[0m: \x1b[33m'http'\x1b[0m,                                                              \x1b[33m\u2502\x1b[0m   \x1b[31m\u2502\x1b[0m\n\x1b[31m\u2502\x1b[0m \x1b[33m\u2502\x1b[0m         \x1b[2m\u2502   \x1b[0m\x1b[33m'path'\x1b[0m: \x1b[33m'/api/v1/documents/upload'\x1b[0m,                                            \x1b[33m\u2502\x1b[0m   \x1b[31m\u2502\x1b[0m\n\x1b[31m\u2502\x1b[0m \x1b[33m\u2502\x1b[0m         \x1b[2m\u2502   \x1b[0m\x1b[33m'raw_path'\x1b[0m: \x1b[33mb'/api/v1/documents/upload'\x1b[0m,                                       \x1b[33m\u2502\x1b[0m   \x1b[31m\u2502\x1b[0m\n\x1b[31m\u2502\x1b[0m \x1b[33m\u2502\x1b[0m         \x1b[2m\u2502   \x1b[0m\x1b[33m'query_string'\x1b[0m: \x1b[33mb''\x1b[0m,                                                           \x1b[33m\u2502\x1b[0m   \x1b[31m\u2502\x1b[0m\n\x1b[31m\u2502\x1b[0m \x1b[33m\u2502\x1b[0m         \x1b[2m\u2502   \x1b[0m\x1b[33m'server'\x1b[0m: \x1b[1m(\x1b[0m\x1b[33m'test'\x1b[0m, \x1b[94mNone\x1b[0m\x1b[1m)\x1b[0m,                                                      \x1b[33m\u2502\x1b[0m   \x1b[31m\u2502\x1b[0m\n\x1b[31m\u2502\x1b[0m \x1b[33m\u2502\x1b[0m         \x1b[2m\u2502   \x1b[0m\x1b[33m...\x1b[0m +\x1b[94m10\x1b[0m                                                                        \x1b[33m\u2502\x1b[0m   \x1b[31m\u2502\x1b[0m\n\x1b[31m\u2502\x1b[0m \x1b[33m\u2502\x1b[0m         \x1b[1m}\x1b[0m                                                                                  \x1b[33m\u2502\x1b[0m   \x1b[31m\u2502\x1b[0m\n\x1b[31m\u2502\x1b[0m \x1b[33m\u2502\x1b[0m  self = \x1b[1m<\x1b[0m\x1b[1;95mstarlette.middleware.exceptions.ExceptionMiddleware\x1b[0m\x1b[39m object at \x1b[0m\x1b[94m0x00000208CF748CE0\x1b[0m\x1b[1m>\x1b[0m \x1b[33m\u2502\x1b[0m   \x1b[31m\u2502\x1b[0m\n\x1b[31m\u2502\x1b[0m \x1b[33m\u2514\u2500\u2500\u2500\u2500\u2500\u2500\u2500\u2500\u2500\u2500\u2500\u2500\u2500\u2500\u2500\u2500\u2500\u2500\u2500\u2500\u2500\u2500\u2500\u2500\u2500\u2500\u2500\u2500\u2500\u2500\u2500\u2500\u2500\u2500\u2500\u2500\u2500\u2500\u2500\u2500\u2500\u2500\u2500\u2500\u2500\u2500\u2500\u2500\u2500\u2500\u2500\u2500\u2500\u2500\u2500\u2500\u2500\u2500\u2500\u2500\u2500\u2500\u2500\u2500\u2500\u2500\u2500\u2500\u2500\u2500\u2500\u2500\u2500\u2500\u2500\u2500\u2500\u2500\u2500\u2500\u2500\u2500\u2500\u2500\u2500\u2500\u2500\u2500\u2500\u2500\u2500\u2500\u2518\x1b[0m   \x1b[31m\u2502\x1b[0m\n\x1b[31m\u2502\x1b[0m                                                                                                  \x1b[31m\u2502\x1b[0m\n\x1b[31m\u2502\x1b[0m \x1b[33mC:\\Users\\realj\\AppData\\Local\\Programs\\Python\\Python312\\Lib\\site-packages\\starlette\\_exception_ha\x1b[0m \x1b[31m\u2502\x1b[0m\n\x1b[31m\u2502\x1b[0m \x1b[33mndler.py\x1b[0m:\x1b[94m64\x1b[0m in \x1b[92mwrapped_app\x1b[0m                                                                       \x1b[31m\u2502\x1b[0m\n\x1b[31m\u2502\x1b[0m                                                                                                  \x1b[31m\u2502\x1b[0m\n\x1b[31m\u2502\x1b[0m   \x1b[2m61 \x1b[0m\x1b[2m\u2502   \u2502   \u2502   \u2502   \x1b[0mhandler = _lookup_exception_handler(exception_handlers, exc)                \x1b[31m\u2502\x1b[0m\n\x1b[31m\u2502\x1b[0m   \x1b[2m62 \x1b[0m\x1b[2m\u2502   \u2502   \u2502   \x1b[0m                                                                                \x1b[31m\u2502\x1b[0m\n\x1b[31m\u2502\x1b[0m   \x1b[2m63 \x1b[0m\x1b[2m\u2502   \u2502   \u2502   \x1b[0m\x1b[94mif\x1b[0m handler \x1b[95mis\x1b[0m \x1b[94mNone\x1b[0m:                                                             \x1b[31m\u2502\x1b[0m\n\x1b[31m\u2502\x1b[0m \x1b[31m> \x1b[0m64 \x1b[2m\u2502   \u2502   \u2502   \u2502   \x1b[0m\x1b[1;4;94mraise\x1b[0m\x1b[1;4m exc\x1b[0m                                                                   \x1b[31m\u2502\x1b[0m\n\x1b[31m\u2502\x1b[0m   \x1b[2m65 \x1b[0m\x1b[2m\u2502   \u2502   \u2502   \x1b[0m                                                                                \x1b[31m\u2502\x1b[0m\n\x1b[31m\u2502\x1b[0m   \x1b[2m66 \x1b[0m\x1b[2m\u2502   \u2502   \u2502   \x1b[0m\x1b[94mif\x1b[0m response_started:                                                            \x1b[31m\u2502\x1b[0m\n\x1b[31m\u2502\x1b[0m   \x1b[2m67 \x1b[0m\x1b[2m\u2502   \u2502   \u2502   \u2502   \x1b[0mmsg = \x1b[33m"\x1b[0m\x1b[33mCaught handled exception, but response already started.\x1b[0m\x1b[33m"\x1b[0m             \x1b[31m\u2502\x1b[0m\n\x1b[31m\u2502\x1b[0m                                                                                                  \x1b[31m\u2502\x1b[0m\n\x1b[31m\u2502\x1b[0m \x1b[33m\u250c\u2500\x1b[0m\x1b[33m\u2500\u2500\u2500\u2500\u2500\u2500\u2500\u2500\u2500\u2500\u2500\u2500\u2500\u2500\u2500\u2500\u2500\u2500\u2500\u2500\u2500\u2500\u2500\u2500\u2500\u2500\u2500\u2500\u2500\u2500\u2500\u2500\u2500\u2500\u2500\u2500\u2500\u2500\u2500\u2500\u2500\u2500\x1b[0m\x1b[33m locals \x1b[0m\x1b[33m\u2500\u2500\u2500\u2500\u2500\u2500\u2500\u2500\u2500\u2500\u2500\u2500\u2500\u2500\u2500\u2500\u2500\u2500\u2500\u2500\u2500\u2500\u2500\u2500\u2500\u2500\u2500\u2500\u2500\u2500\u2500\u2500\u2500\u2500\u2500\u2500\u2500\u2500\u2500\u2500\u2500\u2500\x1b[0m\x1b[33m\u2500\u2510\x1b[0m \x1b[31m\u2502\x1b[0m\n\x1b[31m\u2502\x1b[0m \x1b[33m\u2502\x1b[0m                app = \x1b[1m<\x1b[0m\x1b[1;95mfastapi.routing.APIRouter\x1b[0m\x1b[39m object at \x1b[0m\x1b[94m0x00000208CF682DE0\x1b[0m\x1b[1m>\x1b[0m                \x1b[33m\u2502\x1b[0m \x1b[31m\u2502\x1b[0m\n\x1b[31m\u2502\x1b[0m \x1b[33m\u2502\x1b[0m               conn = \x1b[1m<\x1b[0m\x1b[1;95mstarlette.requests.Request\x1b[0m\x1b[39m object at \x1b[0m\x1b[94m0x00000208CF749910\x1b[0m\x1b[1m>\x1b[0m               \x1b[33m\u2502\x1b[0m \x1b[31m\u2502\x1b[0m\n\x1b[31m\u2502\x1b[0m \x1b[33m\u2502\x1b[0m exception_handlers = \x1b[1m{\x1b[0m                                                                       \x1b[33m\u2502\x1b[0m \x1b[31m\u2502\x1b[0m\n\x1b[31m\u2502\x1b[0m \x1b[33m\u2502\x1b[0m                      \x1b[2m\u2502   \x1b[0m\x1b[1m<\x1b[0m\x1b[1;95mclass\x1b[0m\x1b[39m \x1b[0m\x1b[33m'starlette.exceptions.HTTPException'\x1b[0m\x1b[39m>: <function \x1b[0m            \x1b[33m\u2502\x1b[0m \x1b[31m\u2502\x1b[0m\n\x1b[31m\u2502\x1b[0m \x1b[33m\u2502\x1b[0m                      \x1b[39mhttp_exception_handler at \x1b[0m\x1b[94m0x00000208B52CDDA0\x1b[0m\x1b[39m>,\x1b[0m                          \x1b[33m\u2502\x1b[0m \x1b[31m\u2502\x1b[0m\n\x1b[31m\u2502\x1b[0m \x1b[33m\u2502\x1b[0m                      \x1b[2;39m\u2502   \x1b[0m\x1b[39m<class \x1b[0m\x1b[33m'starlette.exceptions.WebSocketException'\x1b[0m\x1b[39m>: <bound method \x1b[0m   \x1b[33m\u2502\x1b[0m \x1b[31m\u2502\x1b[0m\n\x1b[31m\u2502\x1b[0m \x1b[33m\u2502\x1b[0m                      \x1b[39mExceptionMiddleware.websocket_exception of \x1b[0m                             \x1b[33m\u2502\x1b[0m \x1b[31m\u2502\x1b[0m\n\x1b[31m\u2502\x1b[0m \x1b[33m\u2502\x1b[0m                      \x1b[39m<starlette.middleware.exceptions.ExceptionMiddleware object at \x1b[0m         \x1b[33m\u2502\x1b[0m \x1b[31m\u2502\x1b[0m\n\x1b[31m\u2502\x1b[0m \x1b[33m\u2502\x1b[0m                      \x1b[94m0x00000208CF748CE0\x1b[0m\x1b[39m>>,\x1b[0m                                                   \x1b[33m\u2502\x1b[0m \x1b[31m\u2502\x1b[0m\n\x1b[31m\u2502\x1b[0m \x1b[33m\u2502\x1b[0m                      \x1b[2;39m\u2502   \x1b[0m\x1b[39m<class \x1b[0m\x1b[33m'fastapi.exceptions.RequestValidationError'\x1b[0m\x1b[39m>: <function \x1b[0m     \x1b[33m\u2502\x1b[0m \x1b[31m\u2502\x1b[0m\n\x1b[31m\u2502\x1b[0m \x1b[33m\u2502\x1b[0m                      \x1b[39mrequest_validation_exception_handler at \x1b[0m\x1b[94m0x00000208B52CDF80\x1b[0m\x1b[39m>,\x1b[0m            \x1b[33m\u2502\x1b[0m \x1b[31m\u2502\x1b[0m\n\x1b[31m\u2502\x1b[0m \x1b[33m\u2502\x1b[0m                      \x1b[2;39m\u2502   \x1b[0m\x1b[39m<class \x1b[0m\x1b[33m'fastapi.exceptions.WebSocketRequestValidationError'\x1b[0m\x1b[39m>: \x1b[0m      \x1b[33m\u2502\x1b[0m \x1b[31m\u2502\x1b[0m\n\x1b[31m\u2502\x1b[0m \x1b[33m\u2502\x1b[0m                      \x1b[39m<function websocket_request_validation_exception_handler at \x1b[0m            \x1b[33m\u2502\x1b[0m \x1b[31m\u2502\x1b[0m\n\x1b[31m\u2502\x1b[0m \x1b[33m\u2502\x1b[0m                      \x1b[94m0x00000208B52CDEE0\x1b[0m\x1b[1m>\x1b[0m                                                     \x1b[33m\u2502\x1b[0m \x1b[31m\u2502\x1b[0m\n\x1b[31m\u2502\x1b[0m \x1b[33m\u2502\x1b[0m                      \x1b[1m}\x1b[0m                                                                       \x1b[33m\u2502\x1b[0m \x1b[31m\u2502\x1b[0m\n\x1b[31m\u2502\x1b[0m \x1b[33m\u2502\x1b[0m            handler = \x1b[94mNone\x1b[0m                                                                    \x1b[33m\u2502\x1b[0m \x1b[31m\u2502\x1b[0m\n\x1b[31m\u2502\x1b[0m \x1b[33m\u2502\x1b[0m   response_started = \x1b[94mFalse\x1b[0m                                                                   \x1b[33m\u2502\x1b[0m \x1b[31m\u2502\x1b[0m\n\x1b[31m\u2502\x1b[0m \x1b[33m\u2502\x1b[0m              scope = \x1b[1m{\x1b[0m                                                                       \x1b[33m\u2502\x1b[0m \x1b[31m\u2502\x1b[0m\n\x1b[31m\u2502\x1b[0m \x1b[33m\u2502\x1b[0m                      \x1b[2m\u2502   \x1b[0m\x1b[33m'type'\x1b[0m: \x1b[33m'http'\x1b[0m,                                                     \x1b[33m\u2502\x1b[0m \x1b[31m\u2502\x1b[0m\n\x1b[31m\u2502\x1b[0m \x1b[33m\u2502\x1b[0m                      \x1b[2m\u2502   \x1b[0m\x1b[33m'asgi'\x1b[0m: \x1b[1m{\x1b[0m\x1b[33m'version'\x1b[0m: \x1b[33m'3.0'\x1b[0m\x1b[1m}\x1b[0m,                                         \x1b[33m\u2502\x1b[0m \x1b[31m\u2502\x1b[0m\n\x1b[31m\u2502\x1b[0m \x1b[33m\u2502\x1b[0m                      \x1b[2m\u2502   \x1b[0m\x1b[33m'http_version'\x1b[0m: \x1b[33m'1.1'\x1b[0m,                                              \x1b[33m\u2502\x1b[0m \x1b[31m\u2502\x1b[0m\n\x1b[31m\u2502\x1b[0m \x1b[33m\u2502\x1b[0m                      \x1b[2m\u2502   \x1b[0m\x1b[33m'method'\x1b[0m: \x1b[33m'POST'\x1b[0m,                                                   \x1b[33m\u2502\x1b[0m \x1b[31m\u2502\x1b[0m\n\x1b[31m\u2502\x1b[0m \x1b[33m\u2502\x1b[0m                      \x1b[2m\u2502   \x1b[0m\x1b[33m'headers'\x1b[0m: \x1b[1m[\x1b[0m                                                        \x1b[33m\u2502\x1b[0m \x1b[31m\u2502\x1b[0m\n\x1b[31m\u2502\x1b[0m \x1b[33m\u2502\x1b[0m                      \x1b[2m\u2502   \u2502   \x1b[0m\x1b[1m(\x1b[0m\x1b[33mb'host'\x1b[0m, \x1b[33mb'test'\x1b[0m\x1b[1m)\x1b[0m,                                             \x1b[33m\u2502\x1b[0m \x1b[31m\u2502\x1b[0m\n\x1b[31m\u2502\x1b[0m \x1b[33m\u2502\x1b[0m                      \x1b[2m\u2502   \u2502   \x1b[0m\x1b[1m(\x1b[0m\x1b[33mb'accept'\x1b[0m, \x1b[33mb'*/*'\x1b[0m\x1b[1m)\x1b[0m,                                            \x1b[33m\u2502\x1b[0m \x1b[31m\u2502\x1b[0m\n\x1b[31m\u2502\x1b[0m \x1b[33m\u2502\x1b[0m                      \x1b[2m\u2502   \u2502   \x1b[0m\x1b[1m(\x1b[0m\x1b[33mb'accept-encoding'\x1b[0m, \x1b[33mb'gzip, deflate'\x1b[0m\x1b[1m)\x1b[0m,                         \x1b[33m\u2502\x1b[0m \x1b[31m\u2502\x1b[0m\n\x1b[31m\u2502\x1b[0m \x1b[33m\u2502\x1b[0m                      \x1b[2m\u2502   \u2502   \x1b[0m\x1b[1m(\x1b[0m\x1b[33mb'connection'\x1b[0m, \x1b[33mb'keep-alive'\x1b[0m\x1b[1m)\x1b[0m,                                 \x1b[33m\u2502\x1b[0m \x1b[31m\u2502\x1b[0m\n\x1b[31m\u2502\x1b[0m \x1b[33m\u2502\x1b[0m                      \x1b[2m\u2502   \u2502   \x1b[0m\x1b[1m(\x1b[0m\x1b[33mb'user-agent'\x1b[0m, \x1b[33mb'python-httpx/0.26.0'\x1b[0m\x1b[1m)\x1b[0m,                        \x1b[33m\u2502\x1b[0m \x1b[31m\u2502\x1b[0m\n\x1b[31m\u2502\x1b[0m \x1b[33m\u2502\x1b[0m                      \x1b[2m\u2502   \u2502   \x1b[0m\x1b[1m(\x1b[0m\x1b[33mb'authorization'\x1b[0m, \x1b[33mb'Bearer di_testkey123'\x1b[0m\x1b[1m)\x1b[0m,                    \x1b[33m\u2502\x1b[0m \x1b[31m\u2502\x1b[0m\n\x1b[31m\u2502\x1b[0m \x1b[33m\u2502\x1b[0m                      \x1b[2m\u2502   \u2502   \x1b[0m\x1b[1m(\x1b[0m\x1b[33mb'content-length'\x1b[0m, \x1b[33mb'201'\x1b[0m\x1b[1m)\x1b[0m,                                    \x1b[33m\u2502\x1b[0m \x1b[31m\u2502\x1b[0m\n\x1b[31m\u2502\x1b[0m \x1b[33m\u2502\x1b[0m                      \x1b[2m\u2502   \u2502   \x1b[0m\x1b[1m(\x1b[0m                                                               \x1b[33m\u2502\x1b[0m \x1b[31m\u2502\x1b[0m\n\x1b[31m\u2502\x1b[0m \x1b[33m\u2502\x1b[0m                      \x1b[2m\u2502   \u2502   \u2502   \x1b[0m\x1b[33mb'content-type'\x1b[0m,                                            \x1b[33m\u2502\x1b[0m \x1b[31m\u2502\x1b[0m\n\x1b[31m\u2502\x1b[0m \x1b[33m\u2502\x1b[0m                      \x1b[2m\u2502   \u2502   \u2502   \x1b[0m\x1b[33mb'multipart/form-data; \x1b[0m                                     \x1b[33m\u2502\x1b[0m \x1b[31m\u2502\x1b[0m\n\x1b[31m\u2502\x1b[0m \x1b[33m\u2502\x1b[0m                      \x1b[33mboundary\x1b[0m\x1b[33m=\x1b[0m\x1b[33m0dbbeb47f7753326ffe6a6a5e7eed486\x1b[0m\x1b[33m'\x1b[0m                              \x1b[33m\u2502\x1b[0m \x1b[31m\u2502\x1b[0m\n\x1b[31m\u2502\x1b[0m \x1b[33m\u2502\x1b[0m                      \x1b[2m\u2502   \u2502   \x1b[0m\x1b[1m)\x1b[0m                                                               \x1b[33m\u2502\x1b[0m \x1b[31m\u2502\x1b[0m\n\x1b[31m\u2502\x1b[0m \x1b[33m\u2502\x1b[0m                      \x1b[2m\u2502   \x1b[0m\x1b[1m]\x1b[0m,                                                                  \x1b[33m\u2502\x1b[0m \x1b[31m\u2502\x1b[0m\n\x1b[31m\u2502\x1b[0m \x1b[33m\u2502\x1b[0m                      \x1b[2m\u2502   \x1b[0m\x1b[33m'scheme'\x1b[0m: \x1b[33m'http'\x1b[0m,                                                   \x1b[33m\u2502\x1b[0m \x1b[31m\u2502\x1b[0m\n\x1b[31m\u2502\x1b[0m \x1b[33m\u2502\x1b[0m                      \x1b[2m\u2502   \x1b[0m\x1b[33m'path'\x1b[0m: \x1b[33m'/api/v1/documents/upload'\x1b[0m,                                 \x1b[33m\u2502\x1b[0m \x1b[31m\u2502\x1b[0m\n\x1b[31m\u2502\x1b[0m \x1b[33m\u2502\x1b[0m                      \x1b[2m\u2502   \x1b[0m\x1b[33m'raw_path'\x1b[0m: \x1b[33mb'/api/v1/documents/upload'\x1b[0m,                            \x1b[33m\u2502\x1b[0m \x1b[31m\u2502\x1b[0m\n\x1b[31m\u2502\x1b[0m \x1b[33m\u2502\x1b[0m                      \x1b[2m\u2502   \x1b[0m\x1b[33m'query_string'\x1b[0m: \x1b[33mb''\x1b[0m,                                                \x1b[33m\u2502\x1b[0m \x1b[31m\u2502\x1b[0m\n\x1b[31m\u2502\x1b[0m \x1b[33m\u2502\x1b[0m                      \x1b[2m\u2502   \x1b[0m\x1b[33m'server'\x1b[0m: \x1b[1m(\x1b[0m\x1b[33m'test'\x1b[0m, \x1b[94mNone\x1b[0m\x1b[1m)\x1b[0m,                                           \x1b[33m\u2502\x1b[0m \x1b[31m\u2502\x1b[0m\n\x1b[31m\u2502\x1b[0m \x1b[33m\u2502\x1b[0m                      \x1b[2m\u2502   \x1b[0m\x1b[33m...\x1b[0m +\x1b[94m10\x1b[0m                                                             \x1b[33m\u2502\x1b[0m \x1b[31m\u2502\x1b[0m\n\x1b[31m\u2502\x1b[0m \x1b[33m\u2502\x1b[0m                      \x1b[1m}\x1b[0m                                                                       \x1b[33m\u2502\x1b[0m \x1b[31m\u2502\x1b[0m\n\x1b[31m\u2502\x1b[0m \x1b[33m\u2502\x1b[0m    status_handlers = \x1b[1m{\x1b[0m\x1b[1m}\x1b[0m                                                                      \x1b[33m\u2502\x1b[0m \x1b[31m\u2502\x1b[0m\n\x1b[31m\u2502\x1b[0m \x1b[33m\u2514\u2500\u2500\u2500\u2500\u2500\u2500\u2500\u2500\u2500\u2500\u2500\u2500\u2500\u2500\u2500\u2500\u2500\u2500\u2500\u2500\u2500\u2500\u2500\u2500\u2500\u2500\u2500\u2500\u2500\u2500\u2500\u2500\u2500\u2500\u2500\u2500\u2500\u2500\u2500\u2500\u2500\u2500\u2500\u2500\u2500\u2500\u2500\u2500\u2500\u2500\u2500\u2500\u2500\u2500\u2500\u2500\u2500\u2500\u2500\u2500\u2500\u2500\u2500\u2500\u2500\u2500\u2500\u2500\u2500\u2500\u2500\u2500\u2500\u2500\u2500\u2500\u2500\u2500\u2500\u2500\u2500\u2500\u2500\u2500\u2500\u2500\u2500\u2500\u2500\u2500\u2500\u2500\u2500\u2500\u2518\x1b[0m \x1b[31m\u2502\x1b[0m\n\x1b[31m\u2502\x1b[0m                                                                                                  \x1b[31m\u2502\x1b[0m\n\x1b[31m\u2502\x1b[0m \x1b[33mC:\\Users\\realj\\AppData\\Local\\Programs\\Python\\Python312\\Lib\\site-packages\\starlette\\_exception_ha\x1b[0m \x1b[31m\u2502\x1b[0m\n\x1b[31m\u2502\x1b[0m \x1b[33mndler.py\x1b[0m:\x1b[94m53\x1b[0m in \x1b[92mwrapped_app\x1b[0m                                                                       \x1b[31m\u2502\x1b[0m\n\x1b[31m\u2502\x1b[0m                                                                                                  \x1b[31m\u2502\x1b[0m\n\x1b[31m\u2502\x1b[0m   \x1b[2m50 \x1b[0m\x1b[2m\u2502   \u2502   \u2502   \x1b[0m\x1b[94mawait\x1b[0m send(message)                                                             \x1b[31m\u2502\x1b[0m\n\x1b[31m\u2502\x1b[0m   \x1b[2m51 \x1b[0m\x1b[2m\u2502   \u2502   \x1b[0m                                                                                    \x1b[31m\u2502\x1b[0m\n\x1b[31m\u2502\x1b[0m   \x1b[2m52 \x1b[0m\x1b[2m\u2502   \u2502   \x1b[0m\x1b[94mtry\x1b[0m:                                                                                \x1b[31m\u2502\x1b[0m\n\x1b[31m\u2502\x1b[0m \x1b[31m> \x1b[0m53 \x1b[2m\u2502   \u2502   \u2502   \x1b[0m\x1b[94mawait\x1b[0m app(scope, receive, sender)                                               \x1b[31m\u2502\x1b[0m\n\x1b[31m\u2502\x1b[0m   \x1b[2m54 \x1b[0m\x1b[2m\u2502   \u2502   \x1b[0m\x1b[94mexcept\x1b[0m \x1b[96mException\x1b[0m \x1b[94mas\x1b[0m exc:                                                            \x1b[31m\u2502\x1b[0m\n\x1b[31m\u2502\x1b[0m   \x1b[2m55 \x1b[0m\x1b[2m\u2502   \u2502   \u2502   \x1b[0mhandler = \x1b[94mNone\x1b[0m                                                                  \x1b[31m\u2502\x1b[0m\n\x1b[31m\u2502\x1b[0m   \x1b[2m56 \x1b[0m                                                                                            \x1b[31m\u2502\x1b[0m\n\x1b[31m\u2502\x1b[0m                                                                                                  \x1b[31m\u2502\x1b[0m\n\x1b[31m\u2502\x1b[0m \x1b[33m\u250c\u2500\x1b[0m\x1b[33m\u2500\u2500\u2500\u2500\u2500\u2500\u2500\u2500\u2500\u2500\u2500\u2500\u2500\u2500\u2500\u2500\u2500\u2500\u2500\u2500\u2500\u2500\u2500\u2500\u2500\u2500\u2500\u2500\u2500\u2500\u2500\u2500\u2500\u2500\u2500\u2500\u2500\u2500\u2500\u2500\u2500\u2500\x1b[0m\x1b[33m locals \x1b[0m\x1b[33m\u2500\u2500\u2500\u2500\u2500\u2500\u2500\u2500\u2500\u2500\u2500\u2500\u2500\u2500\u2500\u2500\u2500\u2500\u2500\u2500\u2500\u2500\u2500\u2500\u2500\u2500\u2500\u2500\u2500\u2500\u2500\u2500\u2500\u2500\u2500\u2500\u2500\u2500\u2500\u2500\u2500\u2500\x1b[0m\x1b[33m\u2500\u2510\x1b[0m \x1b[31m\u2502\x1b[0m\n\x1b[31m\u2502\x1b[0m \x1b[33m\u2502\x1b[0m                app = \x1b[1m<\x1b[0m\x1b[1;95mfastapi.routing.APIRouter\x1b[0m\x1b[39m object at \x1b[0m\x1b[94m0x00000208CF682DE0\x1b[0m\x1b[1m>\x1b[0m                \x1b[33m\u2502\x1b[0m \x1b[31m\u2502\x1b[0m\n\x1b[31m\u2502\x1b[0m \x1b[33m\u2502\x1b[0m               conn = \x1b[1m<\x1b[0m\x1b[1;95mstarlette.requests.Request\x1b[0m\x1b[39m object at \x1b[0m\x1b[94m0x00000208CF749910\x1b[0m\x1b[1m>\x1b[0m               \x1b[33m\u2502\x1b[0m \x1b[31m\u2502\x1b[0m\n\x1b[31m\u2502\x1b[0m \x1b[33m\u2502\x1b[0m exception_handlers = \x1b[1m{\x1b[0m                                                                       \x1b[33m\u2502\x1b[0m \x1b[31m\u2502\x1b[0m\n\x1b[31m\u2502\x1b[0m \x1b[33m\u2502\x1b[0m                      \x1b[2m\u2502   \x1b[0m\x1b[1m<\x1b[0m\x1b[1;95mclass\x1b[0m\x1b[39m \x1b[0m\x1b[33m'starlette.exceptions.HTTPException'\x1b[0m\x1b[39m>: <function \x1b[0m            \x1b[33m\u2502\x1b[0m \x1b[31m\u2502\x1b[0m\n\x1b[31m\u2502\x1b[0m \x1b[33m\u2502\x1b[0m                      \x1b[39mhttp_exception_handler at \x1b[0m\x1b[94m0x00000208B52CDDA0\x1b[0m\x1b[39m>,\x1b[0m                          \x1b[33m\u2502\x1b[0m \x1b[31m\u2502\x1b[0m\n\x1b[31m\u2502\x1b[0m \x1b[33m\u2502\x1b[0m                      \x1b[2;39m\u2502   \x1b[0m\x1b[39m<class \x1b[0m\x1b[33m'starlette.exceptions.WebSocketException'\x1b[0m\x1b[39m>: <bound method \x1b[0m   \x1b[33m\u2502\x1b[0m \x1b[31m\u2502\x1b[0m\n\x1b[31m\u2502\x1b[0m \x1b[33m\u2502\x1b[0m                      \x1b[39mExceptionMiddleware.websocket_exception of \x1b[0m                             \x1b[33m\u2502\x1b[0m \x1b[31m\u2502\x1b[0m\n\x1b[31m\u2502\x1b[0m \x1b[33m\u2502\x1b[0m                      \x1b[39m<starlette.middleware.exceptions.ExceptionMiddleware object at \x1b[0m         \x1b[33m\u2502\x1b[0m \x1b[31m\u2502\x1b[0m\n\x1b[31m\u2502\x1b[0m \x1b[33m\u2502\x1b[0m                      \x1b[94m0x00000208CF748CE0\x1b[0m\x1b[39m>>,\x1b[0m                                                   \x1b[33m\u2502\x1b[0m \x1b[31m\u2502\x1b[0m\n\x1b[31m\u2502\x1b[0m \x1b[33m\u2502\x1b[0m                      \x1b[2;39m\u2502   \x1b[0m\x1b[39m<class \x1b[0m\x1b[33m'fastapi.exceptions.RequestValidationError'\x1b[0m\x1b[39m>: <function \x1b[0m     \x1b[33m\u2502\x1b[0m \x1b[31m\u2502\x1b[0m\n\x1b[31m\u2502\x1b[0m \x1b[33m\u2502\x1b[0m                      \x1b[39mrequest_validation_exception_handler at \x1b[0m\x1b[94m0x00000208B52CDF80\x1b[0m\x1b[39m>,\x1b[0m            \x1b[33m\u2502\x1b[0m \x1b[31m\u2502\x1b[0m\n\x1b[31m\u2502\x1b[0m \x1b[33m\u2502\x1b[0m                      \x1b[2;39m\u2502   \x1b[0m\x1b[39m<class \x1b[0m\x1b[33m'fastapi.exceptions.WebSocketRequestValidationError'\x1b[0m\x1b[39m>: \x1b[0m      \x1b[33m\u2502\x1b[0m \x1b[31m\u2502\x1b[0m\n\x1b[31m\u2502\x1b[0m \x1b[33m\u2502\x1b[0m                      \x1b[39m<function websocket_request_validation_exception_handler at \x1b[0m            \x1b[33m\u2502\x1b[0m \x1b[31m\u2502\x1b[0m\n\x1b[31m\u2502\x1b[0m \x1b[33m\u2502\x1b[0m                      \x1b[94m0x00000208B52CDEE0\x1b[0m\x1b[1m>\x1b[0m                                                     \x1b[33m\u2502\x1b[0m \x1b[31m\u2502\x1b[0m\n\x1b[31m\u2502\x1b[0m \x1b[33m\u2502\x1b[0m                      \x1b[1m}\x1b[0m                                                                       \x1b[33m\u2502\x1b[0m \x1b[31m\u2502\x1b[0m\n\x1b[31m\u2502\x1b[0m \x1b[33m\u2502\x1b[0m            handler = \x1b[94mNone\x1b[0m                                                                    \x1b[33m\u2502\x1b[0m \x1b[31m\u2502\x1b[0m\n\x1b[31m\u2502\x1b[0m \x1b[33m\u2502\x1b[0m   response_started = \x1b[94mFalse\x1b[0m                                                                   \x1b[33m\u2502\x1b[0m \x1b[31m\u2502\x1b[0m\n\x1b[31m\u2502\x1b[0m \x1b[33m\u2502\x1b[0m              scope = \x1b[1m{\x1b[0m                                                                       \x1b[33m\u2502\x1b[0m \x1b[31m\u2502\x1b[0m\n\x1b[31m\u2502\x1b[0m \x1b[33m\u2502\x1b[0m                      \x1b[2m\u2502   \x1b[0m\x1b[33m'type'\x1b[0m: \x1b[33m'http'\x1b[0m,                                                     \x1b[33m\u2502\x1b[0m \x1b[31m\u2502\x1b[0m\n\x1b[31m\u2502\x1b[0m \x1b[33m\u2502\x1b[0m                      \x1b[2m\u2502   \x1b[0m\x1b[33m'asgi'\x1b[0m: \x1b[1m{\x1b[0m\x1b[33m'version'\x1b[0m: \x1b[33m'3.0'\x1b[0m\x1b[1m}\x1b[0m,                                         \x1b[33m\u2502\x1b[0m \x1b[31m\u2502\x1b[0m\n\x1b[31m\u2502\x1b[0m \x1b[33m\u2502\x1b[0m                      \x1b[2m\u2502   \x1b[0m\x1b[33m'http_version'\x1b[0m: \x1b[33m'1.1'\x1b[0m,                                              \x1b[33m\u2502\x1b[0m \x1b[31m\u2502\x1b[0m\n\x1b[31m\u2502\x1b[0m \x1b[33m\u2502\x1b[0m                      \x1b[2m\u2502   \x1b[0m\x1b[33m'method'\x1b[0m: \x1b[33m'POST'\x1b[0m,                                                   \x1b[33m\u2502\x1b[0m \x1b[31m\u2502\x1b[0m\n\x1b[31m\u2502\x1b[0m \x1b[33m\u2502\x1b[0m                      \x1b[2m\u2502   \x1b[0m\x1b[33m'headers'\x1b[0m: \x1b[1m[\x1b[0m                                                        \x1b[33m\u2502\x1b[0m \x1b[31m\u2502\x1b[0m\n\x1b[31m\u2502\x1b[0m \x1b[33m\u2502\x1b[0m                      \x1b[2m\u2502   \u2502   \x1b[0m\x1b[1m(\x1b[0m\x1b[33mb'host'\x1b[0m, \x1b[33mb'test'\x1b[0m\x1b[1m)\x1b[0m,                                             \x1b[33m\u2502\x1b[0m \x1b[31m\u2502\x1b[0m\n\x1b[31m\u2502\x1b[0m \x1b[33m\u2502\x1b[0m                      \x1b[2m\u2502   \u2502   \x1b[0m\x1b[1m(\x1b[0m\x1b[33mb'accept'\x1b[0m, \x1b[33mb'*/*'\x1b[0m\x1b[1m)\x1b[0m,                                            \x1b[33m\u2502\x1b[0m \x1b[31m\u2502\x1b[0m\n\x1b[31m\u2502\x1b[0m \x1b[33m\u2502\x1b[0m                      \x1b[2m\u2502   \u2502   \x1b[0m\x1b[1m(\x1b[0m\x1b[33mb'accept-encoding'\x1b[0m, \x1b[33mb'gzip, deflate'\x1b[0m\x1b[1m)\x1b[0m,                         \x1b[33m\u2502\x1b[0m \x1b[31m\u2502\x1b[0m\n\x1b[31m\u2502\x1b[0m \x1b[33m\u2502\x1b[0m                      \x1b[2m\u2502   \u2502   \x1b[0m\x1b[1m(\x1b[0m\x1b[33mb'connection'\x1b[0m, \x1b[33mb'keep-alive'\x1b[0m\x1b[1m)\x1b[0m,                                 \x1b[33m\u2502\x1b[0m \x1b[31m\u2502\x1b[0m\n\x1b[31m\u2502\x1b[0m \x1b[33m\u2502\x1b[0m                      \x1b[2m\u2502   \u2502   \x1b[0m\x1b[1m(\x1b[0m\x1b[33mb'user-agent'\x1b[0m, \x1b[33mb'python-httpx/0.26.0'\x1b[0m\x1b[1m)\x1b[0m,                        \x1b[33m\u2502\x1b[0m \x1b[31m\u2502\x1b[0m\n\x1b[31m\u2502\x1b[0m \x1b[33m\u2502\x1b[0m                      \x1b[2m\u2502   \u2502   \x1b[0m\x1b[1m(\x1b[0m\x1b[33mb'authorization'\x1b[0m, \x1b[33mb'Bearer di_testkey123'\x1b[0m\x1b[1m)\x1b[0m,                    \x1b[33m\u2502\x1b[0m \x1b[31m\u2502\x1b[0m\n\x1b[31m\u2502\x1b[0m \x1b[33m\u2502\x1b[0m                      \x1b[2m\u2502   \u2502   \x1b[0m\x1b[1m(\x1b[0m\x1b[33mb'content-length'\x1b[0m, \x1b[33mb'201'\x1b[0m\x1b[1m)\x1b[0m,                                    \x1b[33m\u2502\x1b[0m \x1b[31m\u2502\x1b[0m\n\x1b[31m\u2502\x1b[0m \x1b[33m\u2502\x1b[0m                      \x1b[2m\u2502   \u2502   \x1b[0m\x1b[1m(\x1b[0m                                                               \x1b[33m\u2502\x1b[0m \x1b[31m\u2502\x1b[0m\n\x1b[31m\u2502\x1b[0m \x1b[33m\u2502\x1b[0m                      \x1b[2m\u2502   \u2502   \u2502   \x1b[0m\x1b[33mb'content-type'\x1b[0m,                                            \x1b[33m\u2502\x1b[0m \x1b[31m\u2502\x1b[0m\n\x1b[31m\u2502\x1b[0m \x1b[33m\u2502\x1b[0m                      \x1b[2m\u2502   \u2502   \u2502   \x1b[0m\x1b[33mb'multipart/form-data; \x1b[0m                                     \x1b[33m\u2502\x1b[0m \x1b[31m\u2502\x1b[0m\n\x1b[31m\u2502\x1b[0m \x1b[33m\u2502\x1b[0m                      \x1b[33mboundary\x1b[0m\x1b[33m=\x1b[0m\x1b[33m0dbbeb47f7753326ffe6a6a5e7eed486\x1b[0m\x1b[33m'\x1b[0m                              \x1b[33m\u2502\x1b[0m \x1b[31m\u2502\x1b[0m\n\x1b[31m\u2502\x1b[0m \x1b[33m\u2502\x1b[0m                      \x1b[2m\u2502   \u2502   \x1b[0m\x1b[1m)\x1b[0m                                                               \x1b[33m\u2502\x1b[0m \x1b[31m\u2502\x1b[0m\n\x1b[31m\u2502\x1b[0m \x1b[33m\u2502\x1b[0m                      \x1b[2m\u2502   \x1b[0m\x1b[1m]\x1b[0m,                                                                  \x1b[33m\u2502\x1b[0m \x1b[31m\u2502\x1b[0m\n\x1b[31m\u2502\x1b[0m \x1b[33m\u2502\x1b[0m                      \x1b[2m\u2502   \x1b[0m\x1b[33m'scheme'\x1b[0m: \x1b[33m'http'\x1b[0m,                                                   \x1b[33m\u2502\x1b[0m \x1b[31m\u2502\x1b[0m\n\x1b[31m\u2502\x1b[0m \x1b[33m\u2502\x1b[0m                      \x1b[2m\u2502   \x1b[0m\x1b[33m'path'\x1b[0m: \x1b[33m'/api/v1/documents/upload'\x1b[0m,                                 \x1b[33m\u2502\x1b[0m \x1b[31m\u2502\x1b[0m\n\x1b[31m\u2502\x1b[0m \x1b[33m\u2502\x1b[0m                      \x1b[2m\u2502   \x1b[0m\x1b[33m'raw_path'\x1b[0m: \x1b[33mb'/api/v1/documents/upload'\x1b[0m,                            \x1b[33m\u2502\x1b[0m \x1b[31m\u2502\x1b[0m\n\x1b[31m\u2502\x1b[0m \x1b[33m\u2502\x1b[0m                      \x1b[2m\u2502   \x1b[0m\x1b[33m'query_string'\x1b[0m: \x1b[33mb''\x1b[0m,                                                \x1b[33m\u2502\x1b[0m \x1b[31m\u2502\x1b[0m\n\x1b[31m\u2502\x1b[0m \x1b[33m\u2502\x1b[0m                      \x1b[2m\u2502   \x1b[0m\x1b[33m'server'\x1b[0m: \x1b[1m(\x1b[0m\x1b[33m'test'\x1b[0m, \x1b[94mNone\x1b[0m\x1b[1m)\x1b[0m,                                           \x1b[33m\u2502\x1b[0m \x1b[31m\u2502\x1b[0m\n\x1b[31m\u2502\x1b[0m \x1b[33m\u2502\x1b[0m                      \x1b[2m\u2502   \x1b[0m\x1b[33m...\x1b[0m +\x1b[94m10\x1b[0m                                                             \x1b[33m\u2502\x1b[0m \x1b[31m\u2502\x1b[0m\n\x1b[31m\u2502\x1b[0m \x1b[33m\u2502\x1b[0m                      \x1b[1m}\x1b[0m                                                                       \x1b[33m\u2502\x1b[0m \x1b[31m\u2502\x1b[0m\n\x1b[31m\u2502\x1b[0m \x1b[33m\u2502\x1b[0m    status_handlers = \x1b[1m{\x1b[0m\x1b[1m}\x1b[0m                                                                      \x1b[33m\u2502\x1b[0m \x1b[31m\u2502\x1b[0m\n\x1b[31m\u2502\x1b[0m \x1b[33m\u2514\u2500\u2500\u2500\u2500\u2500\u2500\u2500\u2500\u2500\u2500\u2500\u2500\u2500\u2500\u2500\u2500\u2500\u2500\u2500\u2500\u2500\u2500\u2500\u2500\u2500\u2500\u2500\u2500\u2500\u2500\u2500\u2500\u2500\u2500\u2500\u2500\u2500\u2500\u2500\u2500\u2500\u2500\u2500\u2500\u2500\u2500\u2500\u2500\u2500\u2500\u2500\u2500\u2500\u2500\u2500\u2500\u2500\u2500\u2500\u2500\u2500\u2500\u2500\u2500\u2500\u2500\u2500\u2500\u2500\u2500\u2500\u2500\u2500\u2500\u2500\u2500\u2500\u2500\u2500\u2500\u2500\u2500\u2500\u2500\u2500\u2500\u2500\u2500\u2500\u2500\u2500\u2500\u2500\u2500\u2518\x1b[0m \x1b[31m\u2502\x1b[0m\n\x1b[31m\u2502\x1b[0m                                                                                                  \x1b[31m\u2502\x1b[0m\n\x1b[31m\u2502\x1b[0m \x1b[33mC:\\Users\\realj\\AppData\\Local\\Programs\\Python\\Python312\\Lib\\site-packages\\starlette\\routing.py\x1b[0m:\x1b[94m76\x1b[0m \x1b[31m\u2502\x1b[0m\n\x1b[31m\u2502\x1b[0m \x1b[94m2\x1b[0m in \x1b[92m__call__\x1b[0m                                                                                    \x1b[31m\u2502\x1b[0m\n\x1b[31m\u2502\x1b[0m                                                                                                  \x1b[31m\u2502\x1b[0m\n\x1b[31m\u2502\x1b[0m   \x1b[2m759 \x1b[0m\x1b[2;90m\u2502   \u2502   \x1b[0m\x1b[33m"""\x1b[0m                                                                                \x1b[31m\u2502\x1b[0m\n\x1b[31m\u2502\x1b[0m   \x1b[2m760 \x1b[0m\x1b[2;33m\u2502   \u2502   \x1b[0m\x1b[33mThe main entry point to the Router class.\x1b[0m                                          \x1b[31m\u2502\x1b[0m\n\x1b[31m\u2502\x1b[0m   \x1b[2m761 \x1b[0m\x1b[2;33m\u2502   \u2502   \x1b[0m\x1b[33m"""\x1b[0m                                                                                \x1b[31m\u2502\x1b[0m\n\x1b[31m\u2502\x1b[0m \x1b[31m> \x1b[0m762 \x1b[2m\u2502   \u2502   \x1b[0m\x1b[1;4;94mawait\x1b[0m\x1b[1;4m \x1b[0m\x1b[1;4;96mself\x1b[0m\x1b[1;4m.middleware_stack(scope, receive, send)\x1b[0m                                  \x1b[31m\u2502\x1b[0m\n\x1b[31m\u2502\x1b[0m   \x1b[2m763 \x1b[0m\x1b[2m\u2502   \x1b[0m                                                                                       \x1b[31m\u2502\x1b[0m\n\x1b[31m\u2502\x1b[0m   \x1b[2m764 \x1b[0m\x1b[2m\u2502   \x1b[0m\x1b[94masync\x1b[0m \x1b[94mdef\x1b[0m\x1b[90m \x1b[0m\x1b[92mapp\x1b[0m(\x1b[96mself\x1b[0m, scope: Scope, receive: Receive, send: Send) -> \x1b[94mNone\x1b[0m:               \x1b[31m\u2502\x1b[0m\n\x1b[31m\u2502\x1b[0m   \x1b[2m765 \x1b[0m\x1b[2m\u2502   \u2502   \x1b[0m\x1b[94massert\x1b[0m scope[\x1b[33m"\x1b[0m\x1b[33mtype\x1b[0m\x1b[33m"\x1b[0m] \x1b[95min\x1b[0m (\x1b[33m"\x1b[0m\x1b[33mhttp\x1b[0m\x1b[33m"\x1b[0m, \x1b[33m"\x1b[0m\x1b[33mwebsocket\x1b[0m\x1b[33m"\x1b[0m, \x1b[33m"\x1b[0m\x1b[33mlifespan\x1b[0m\x1b[33m"\x1b[0m)                          \x1b[31m\u2502\x1b[0m\n\x1b[31m\u2502\x1b[0m                                                                                                  \x1b[31m\u2502\x1b[0m\n\x1b[31m\u2502\x1b[0m \x1b[33m\u250c\u2500\x1b[0m\x1b[33m\u2500\u2500\u2500\u2500\u2500\u2500\u2500\u2500\u2500\u2500\u2500\u2500\u2500\u2500\u2500\u2500\u2500\u2500\u2500\u2500\u2500\u2500\u2500\u2500\u2500\u2500\u2500\u2500\u2500\u2500\u2500\u2500\u2500\u2500\u2500\u2500\u2500\u2500\x1b[0m\x1b[33m locals \x1b[0m\x1b[33m\u2500\u2500\u2500\u2500\u2500\u2500\u2500\u2500\u2500\u2500\u2500\u2500\u2500\u2500\u2500\u2500\u2500\u2500\u2500\u2500\u2500\u2500\u2500\u2500\u2500\u2500\u2500\u2500\u2500\u2500\u2500\u2500\u2500\u2500\u2500\u2500\u2500\u2500\u2500\x1b[0m\x1b[33m\u2500\u2510\x1b[0m        \x1b[31m\u2502\x1b[0m\n\x1b[31m\u2502\x1b[0m \x1b[33m\u2502\x1b[0m scope = \x1b[1m{\x1b[0m                                                                             \x1b[33m\u2502\x1b[0m        \x1b[31m\u2502\x1b[0m\n\x1b[31m\u2502\x1b[0m \x1b[33m\u2502\x1b[0m         \x1b[2m\u2502   \x1b[0m\x1b[33m'type'\x1b[0m: \x1b[33m'http'\x1b[0m,                                                           \x1b[33m\u2502\x1b[0m        \x1b[31m\u2502\x1b[0m\n\x1b[31m\u2502\x1b[0m \x1b[33m\u2502\x1b[0m         \x1b[2m\u2502   \x1b[0m\x1b[33m'asgi'\x1b[0m: \x1b[1m{\x1b[0m\x1b[33m'version'\x1b[0m: \x1b[33m'3.0'\x1b[0m\x1b[1m}\x1b[0m,                                               \x1b[33m\u2502\x1b[0m        \x1b[31m\u2502\x1b[0m\n\x1b[31m\u2502\x1b[0m \x1b[33m\u2502\x1b[0m         \x1b[2m\u2502   \x1b[0m\x1b[33m'http_version'\x1b[0m: \x1b[33m'1.1'\x1b[0m,                                                    \x1b[33m\u2502\x1b[0m        \x1b[31m\u2502\x1b[0m\n\x1b[31m\u2502\x1b[0m \x1b[33m\u2502\x1b[0m         \x1b[2m\u2502   \x1b[0m\x1b[33m'method'\x1b[0m: \x1b[33m'POST'\x1b[0m,                                                         \x1b[33m\u2502\x1b[0m        \x1b[31m\u2502\x1b[0m\n\x1b[31m\u2502\x1b[0m \x1b[33m\u2502\x1b[0m         \x1b[2m\u2502   \x1b[0m\x1b[33m'headers'\x1b[0m: \x1b[1m[\x1b[0m                                                              \x1b[33m\u2502\x1b[0m        \x1b[31m\u2502\x1b[0m\n\x1b[31m\u2502\x1b[0m \x1b[33m\u2502\x1b[0m         \x1b[2m\u2502   \u2502   \x1b[0m\x1b[1m(\x1b[0m\x1b[33mb'host'\x1b[0m, \x1b[33mb'test'\x1b[0m\x1b[1m)\x1b[0m,                                                   \x1b[33m\u2502\x1b[0m        \x1b[31m\u2502\x1b[0m\n\x1b[31m\u2502\x1b[0m \x1b[33m\u2502\x1b[0m         \x1b[2m\u2502   \u2502   \x1b[0m\x1b[1m(\x1b[0m\x1b[33mb'accept'\x1b[0m, \x1b[33mb'*/*'\x1b[0m\x1b[1m)\x1b[0m,                                                  \x1b[33m\u2502\x1b[0m        \x1b[31m\u2502\x1b[0m\n\x1b[31m\u2502\x1b[0m \x1b[33m\u2502\x1b[0m         \x1b[2m\u2502   \u2502   \x1b[0m\x1b[1m(\x1b[0m\x1b[33mb'accept-encoding'\x1b[0m, \x1b[33mb'gzip, deflate'\x1b[0m\x1b[1m)\x1b[0m,                               \x1b[33m\u2502\x1b[0m        \x1b[31m\u2502\x1b[0m\n\x1b[31m\u2502\x1b[0m \x1b[33m\u2502\x1b[0m         \x1b[2m\u2502   \u2502   \x1b[0m\x1b[1m(\x1b[0m\x1b[33mb'connection'\x1b[0m, \x1b[33mb'keep-alive'\x1b[0m\x1b[1m)\x1b[0m,                                       \x1b[33m\u2502\x1b[0m        \x1b[31m\u2502\x1b[0m\n\x1b[31m\u2502\x1b[0m \x1b[33m\u2502\x1b[0m         \x1b[2m\u2502   \u2502   \x1b[0m\x1b[1m(\x1b[0m\x1b[33mb'user-agent'\x1b[0m, \x1b[33mb'python-httpx/0.26.0'\x1b[0m\x1b[1m)\x1b[0m,                              \x1b[33m\u2502\x1b[0m        \x1b[31m\u2502\x1b[0m\n\x1b[31m\u2502\x1b[0m \x1b[33m\u2502\x1b[0m         \x1b[2m\u2502   \u2502   \x1b[0m\x1b[1m(\x1b[0m\x1b[33mb'authorization'\x1b[0m, \x1b[33mb'Bearer di_testkey123'\x1b[0m\x1b[1m)\x1b[0m,                          \x1b[33m\u2502\x1b[0m        \x1b[31m\u2502\x1b[0m\n\x1b[31m\u2502\x1b[0m \x1b[33m\u2502\x1b[0m         \x1b[2m\u2502   \u2502   \x1b[0m\x1b[1m(\x1b[0m\x1b[33mb'content-length'\x1b[0m, \x1b[33mb'201'\x1b[0m\x1b[1m)\x1b[0m,                                          \x1b[33m\u2502\x1b[0m        \x1b[31m\u2502\x1b[0m\n\x1b[31m\u2502\x1b[0m \x1b[33m\u2502\x1b[0m         \x1b[2m\u2502   \u2502   \x1b[0m\x1b[1m(\x1b[0m                                                                     \x1b[33m\u2502\x1b[0m        \x1b[31m\u2502\x1b[0m\n\x1b[31m\u2502\x1b[0m \x1b[33m\u2502\x1b[0m         \x1b[2m\u2502   \u2502   \u2502   \x1b[0m\x1b[33mb'content-type'\x1b[0m,                                                  \x1b[33m\u2502\x1b[0m        \x1b[31m\u2502\x1b[0m\n\x1b[31m\u2502\x1b[0m \x1b[33m\u2502\x1b[0m         \x1b[2m\u2502   \u2502   \u2502   \x1b[0m\x1b[33mb'multipart/form-data; \x1b[0m\x1b[33mboundary\x1b[0m\x1b[33m=\x1b[0m\x1b[33m0dbbeb47f7753326ffe6a6a5e7eed486\x1b[0m\x1b[33m'\x1b[0m \x1b[33m\u2502\x1b[0m        \x1b[31m\u2502\x1b[0m\n\x1b[31m\u2502\x1b[0m \x1b[33m\u2502\x1b[0m         \x1b[2m\u2502   \u2502   \x1b[0m\x1b[1m)\x1b[0m                                                                     \x1b[33m\u2502\x1b[0m        \x1b[31m\u2502\x1b[0m\n\x1b[31m\u2502\x1b[0m \x1b[33m\u2502\x1b[0m         \x1b[2m\u2502   \x1b[0m\x1b[1m]\x1b[0m,                                                                        \x1b[33m\u2502\x1b[0m        \x1b[31m\u2502\x1b[0m\n\x1b[31m\u2502\x1b[0m \x1b[33m\u2502\x1b[0m         \x1b[2m\u2502   \x1b[0m\x1b[33m'scheme'\x1b[0m: \x1b[33m'http'\x1b[0m,                                                         \x1b[33m\u2502\x1b[0m        \x1b[31m\u2502\x1b[0m\n\x1b[31m\u2502\x1b[0m \x1b[33m\u2502\x1b[0m         \x1b[2m\u2502   \x1b[0m\x1b[33m'path'\x1b[0m: \x1b[33m'/api/v1/documents/upload'\x1b[0m,                                       \x1b[33m\u2502\x1b[0m        \x1b[31m\u2502\x1b[0m\n\x1b[31m\u2502\x1b[0m \x1b[33m\u2502\x1b[0m         \x1b[2m\u2502   \x1b[0m\x1b[33m'raw_path'\x1b[0m: \x1b[33mb'/api/v1/documents/upload'\x1b[0m,                                  \x1b[33m\u2502\x1b[0m        \x1b[31m\u2502\x1b[0m\n\x1b[31m\u2502\x1b[0m \x1b[33m\u2502\x1b[0m         \x1b[2m\u2502   \x1b[0m\x1b[33m'query_string'\x1b[0m: \x1b[33mb''\x1b[0m,                                                      \x1b[33m\u2502\x1b[0m        \x1b[31m\u2502\x1b[0m\n\x1b[31m\u2502\x1b[0m \x1b[33m\u2502\x1b[0m         \x1b[2m\u2502   \x1b[0m\x1b[33m'server'\x1b[0m: \x1b[1m(\x1b[0m\x1b[33m'test'\x1b[0m, \x1b[94mNone\x1b[0m\x1b[1m)\x1b[0m,                                                 \x1b[33m\u2502\x1b[0m        \x1b[31m\u2502\x1b[0m\n\x1b[31m\u2502\x1b[0m \x1b[33m\u2502\x1b[0m         \x1b[2m\u2502   \x1b[0m\x1b[33m...\x1b[0m +\x1b[94m10\x1b[0m                                                                   \x1b[33m\u2502\x1b[0m        \x1b[31m\u2502\x1b[0m\n\x1b[31m\u2502\x1b[0m \x1b[33m\u2502\x1b[0m         \x1b[1m}\x1b[0m                                                                             \x1b[33m\u2502\x1b[0m        \x1b[31m\u2502\x1b[0m\n\x1b[31m\u2502\x1b[0m \x1b[33m\u2502\x1b[0m  self = \x1b[1m<\x1b[0m\x1b[1;95mfastapi.routing.APIRouter\x1b[0m\x1b[39m object at \x1b[0m\x1b[94m0x00000208CF682DE0\x1b[0m\x1b[1m>\x1b[0m                      \x1b[33m\u2502\x1b[0m        \x1b[31m\u2502\x1b[0m\n\x1b[31m\u2502\x1b[0m \x1b[33m\u2514\u2500\u2500\u2500\u2500\u2500\u2500\u2500\u2500\u2500\u2500\u2500\u2500\u2500\u2500\u2500\u2500\u2500\u2500\u2500\u2500\u2500\u2500\u2500\u2500\u2500\u2500\u2500\u2500\u2500\u2500\u2500\u2500\u2500\u2500\u2500\u2500\u2500\u2500\u2500\u2500\u2500\u2500\u2500\u2500\u2500\u2500\u2500\u2500\u2500\u2500\u2500\u2500\u2500\u2500\u2500\u2500\u2500\u2500\u2500\u2500\u2500\u2500\u2500\u2500\u2500\u2500\u2500\u2500\u2500\u2500\u2500\u2500\u2500\u2500\u2500\u2500\u2500\u2500\u2500\u2500\u2500\u2500\u2500\u2500\u2500\u2500\u2500\u2518\x1b[0m        \x1b[31m\u2502\x1b[0m\n\x1b[31m\u2502\x1b[0m                                                                                                  \x1b[31m\u2502\x1b[0m\n\x1b[31m\u2502\x1b[0m \x1b[33mC:\\Users\\realj\\AppData\\Local\\Programs\\Python\\Python312\\Lib\\site-packages\\starlette\\routing.py\x1b[0m:\x1b[94m78\x1b[0m \x1b[31m\u2502\x1b[0m\n\x1b[31m\u2502\x1b[0m \x1b[94m2\x1b[0m in \x1b[92mapp\x1b[0m                                                                                         \x1b[31m\u2502\x1b[0m\n\x1b[31m\u2502\x1b[0m                                                                                                  \x1b[31m\u2502\x1b[0m\n\x1b[31m\u2502\x1b[0m   \x1b[2m779 \x1b[0m\x1b[2m\u2502   \u2502   \u2502   \x1b[0mmatch, child_scope = route.matches(scope)                                      \x1b[31m\u2502\x1b[0m\n\x1b[31m\u2502\x1b[0m   \x1b[2m780 \x1b[0m\x1b[2m\u2502   \u2502   \u2502   \x1b[0m\x1b[94mif\x1b[0m match == Match.FULL:                                                        \x1b[31m\u2502\x1b[0m\n\x1b[31m\u2502\x1b[0m   \x1b[2m781 \x1b[0m\x1b[2m\u2502   \u2502   \u2502   \u2502   \x1b[0mscope.update(child_scope)                                                  \x1b[31m\u2502\x1b[0m\n\x1b[31m\u2502\x1b[0m \x1b[31m> \x1b[0m782 \x1b[2m\u2502   \u2502   \u2502   \u2502   \x1b[0m\x1b[1;4;94mawait\x1b[0m\x1b[1;4m route.handle(scope, receive, send)\x1b[0m                                   \x1b[31m\u2502\x1b[0m\n\x1b[31m\u2502\x1b[0m   \x1b[2m783 \x1b[0m\x1b[2m\u2502   \u2502   \u2502   \u2502   \x1b[0m\x1b[94mreturn\x1b[0m                                                                     \x1b[31m\u2502\x1b[0m\n\x1b[31m\u2502\x1b[0m   \x1b[2m784 \x1b[0m\x1b[2m\u2502   \u2502   \u2502   \x1b[0m\x1b[94melif\x1b[0m match == Match.PARTIAL \x1b[95mand\x1b[0m partial \x1b[95mis\x1b[0m \x1b[94mNone\x1b[0m:                               \x1b[31m\u2502\x1b[0m\n\x1b[31m\u2502\x1b[0m   \x1b[2m785 \x1b[0m\x1b[2m\u2502   \u2502   \u2502   \u2502   \x1b[0mpartial = route                                                            \x1b[31m\u2502\x1b[0m\n\x1b[31m\u2502\x1b[0m                                                                                                  \x1b[31m\u2502\x1b[0m\n\x1b[31m\u2502\x1b[0m \x1b[33m\u250c\u2500\x1b[0m\x1b[33m\u2500\u2500\u2500\u2500\u2500\u2500\u2500\u2500\u2500\u2500\u2500\u2500\u2500\u2500\u2500\u2500\u2500\u2500\u2500\u2500\u2500\u2500\u2500\u2500\u2500\u2500\u2500\u2500\u2500\u2500\u2500\u2500\u2500\u2500\u2500\u2500\u2500\u2500\u2500\u2500\u2500\u2500\x1b[0m\x1b[33m locals \x1b[0m\x1b[33m\u2500\u2500\u2500\u2500\u2500\u2500\u2500\u2500\u2500\u2500\u2500\u2500\u2500\u2500\u2500\u2500\u2500\u2500\u2500\u2500\u2500\u2500\u2500\u2500\u2500\u2500\u2500\u2500\u2500\u2500\u2500\u2500\u2500\u2500\u2500\u2500\u2500\u2500\u2500\u2500\u2500\u2500\x1b[0m\x1b[33m\u2500\u2510\x1b[0m \x1b[31m\u2502\x1b[0m\n\x1b[31m\u2502\x1b[0m \x1b[33m\u2502\x1b[0m child_scope = \x1b[1m{\x1b[0m                                                                              \x1b[33m\u2502\x1b[0m \x1b[31m\u2502\x1b[0m\n\x1b[31m\u2502\x1b[0m \x1b[33m\u2502\x1b[0m               \x1b[2m\u2502   \x1b[0m\x1b[33m'endpoint'\x1b[0m: \x1b[1m<\x1b[0m\x1b[1;95mfunction\x1b[0m\x1b[39m upload_document at \x1b[0m\x1b[94m0x00000208B67679C0\x1b[0m\x1b[1m>\x1b[0m,              \x1b[33m\u2502\x1b[0m \x1b[31m\u2502\x1b[0m\n\x1b[31m\u2502\x1b[0m \x1b[33m\u2502\x1b[0m               \x1b[2m\u2502   \x1b[0m\x1b[33m'path_params'\x1b[0m: \x1b[1m{\x1b[0m\x1b[1m}\x1b[0m,                                                         \x1b[33m\u2502\x1b[0m \x1b[31m\u2502\x1b[0m\n\x1b[31m\u2502\x1b[0m \x1b[33m\u2502\x1b[0m               \x1b[2m\u2502   \x1b[0m\x1b[33m'route'\x1b[0m: \x1b[1;35mAPIRoute\x1b[0m\x1b[1m(\x1b[0m\x1b[33mpath\x1b[0m=\x1b[33m'/api/v1/documents/upload'\x1b[0m, \x1b[33mname\x1b[0m=\x1b[33m'upload_document'\x1b[0m, \x1b[33m\u2502\x1b[0m \x1b[31m\u2502\x1b[0m\n\x1b[31m\u2502\x1b[0m \x1b[33m\u2502\x1b[0m               \x1b[33mmethods\x1b[0m=\x1b[1m[\x1b[0m\x1b[33m'POST'\x1b[0m\x1b[1m]\x1b[0m\x1b[1m)\x1b[0m                                                              \x1b[33m\u2502\x1b[0m \x1b[31m\u2502\x1b[0m\n\x1b[31m\u2502\x1b[0m \x1b[33m\u2502\x1b[0m               \x1b[1m}\x1b[0m                                                                              \x1b[33m\u2502\x1b[0m \x1b[31m\u2502\x1b[0m\n\x1b[31m\u2502\x1b[0m \x1b[33m\u2502\x1b[0m       match = \x1b[1m<\x1b[0m\x1b[1;95mMatch.FULL:\x1b[0m\x1b[39m \x1b[0m\x1b[94m2\x1b[0m\x1b[1m>\x1b[0m                                                                \x1b[33m\u2502\x1b[0m \x1b[31m\u2502\x1b[0m\n\x1b[31m\u2502\x1b[0m \x1b[33m\u2502\x1b[0m     partial = \x1b[94mNone\x1b[0m                                                                           \x1b[33m\u2502\x1b[0m \x1b[31m\u2502\x1b[0m\n\x1b[31m\u2502\x1b[0m \x1b[33m\u2502\x1b[0m       route = \x1b[1;35mAPIRoute\x1b[0m\x1b[1m(\x1b[0m\x1b[33mpath\x1b[0m=\x1b[33m'/api/v1/documents/upload'\x1b[0m, \x1b[33mname\x1b[0m=\x1b[33m'upload_document'\x1b[0m,              \x1b[33m\u2502\x1b[0m \x1b[31m\u2502\x1b[0m\n\x1b[31m\u2502\x1b[0m \x1b[33m\u2502\x1b[0m               \x1b[33mmethods\x1b[0m=\x1b[1m[\x1b[0m\x1b[33m'POST'\x1b[0m\x1b[1m]\x1b[0m\x1b[1m)\x1b[0m                                                              \x1b[33m\u2502\x1b[0m \x1b[31m\u2502\x1b[0m\n\x1b[31m\u2502\x1b[0m \x1b[33m\u2502\x1b[0m       scope = \x1b[1m{\x1b[0m                                                                              \x1b[33m\u2502\x1b[0m \x1b[31m\u2502\x1b[0m\n\x1b[31m\u2502\x1b[0m \x1b[33m\u2502\x1b[0m               \x1b[2m\u2502   \x1b[0m\x1b[33m'type'\x1b[0m: \x1b[33m'http'\x1b[0m,                                                            \x1b[33m\u2502\x1b[0m \x1b[31m\u2502\x1b[0m\n\x1b[31m\u2502\x1b[0m \x1b[33m\u2502\x1b[0m               \x1b[2m\u2502   \x1b[0m\x1b[33m'asgi'\x1b[0m: \x1b[1m{\x1b[0m\x1b[33m'version'\x1b[0m: \x1b[33m'3.0'\x1b[0m\x1b[1m}\x1b[0m,                                                \x1b[33m\u2502\x1b[0m \x1b[31m\u2502\x1b[0m\n\x1b[31m\u2502\x1b[0m \x1b[33m\u2502\x1b[0m               \x1b[2m\u2502   \x1b[0m\x1b[33m'http_version'\x1b[0m: \x1b[33m'1.1'\x1b[0m,                                                     \x1b[33m\u2502\x1b[0m \x1b[31m\u2502\x1b[0m\n\x1b[31m\u2502\x1b[0m \x1b[33m\u2502\x1b[0m               \x1b[2m\u2502   \x1b[0m\x1b[33m'method'\x1b[0m: \x1b[33m'POST'\x1b[0m,                                                          \x1b[33m\u2502\x1b[0m \x1b[31m\u2502\x1b[0m\n\x1b[31m\u2502\x1b[0m \x1b[33m\u2502\x1b[0m               \x1b[2m\u2502   \x1b[0m\x1b[33m'headers'\x1b[0m: \x1b[1m[\x1b[0m                                                               \x1b[33m\u2502\x1b[0m \x1b[31m\u2502\x1b[0m\n\x1b[31m\u2502\x1b[0m \x1b[33m\u2502\x1b[0m               \x1b[2m\u2502   \u2502   \x1b[0m\x1b[1m(\x1b[0m\x1b[33mb'host'\x1b[0m, \x1b[33mb'test'\x1b[0m\x1b[1m)\x1b[0m,                                                    \x1b[33m\u2502\x1b[0m \x1b[31m\u2502\x1b[0m\n\x1b[31m\u2502\x1b[0m \x1b[33m\u2502\x1b[0m               \x1b[2m\u2502   \u2502   \x1b[0m\x1b[1m(\x1b[0m\x1b[33mb'accept'\x1b[0m, \x1b[33mb'*/*'\x1b[0m\x1b[1m)\x1b[0m,                                                   \x1b[33m\u2502\x1b[0m \x1b[31m\u2502\x1b[0m\n\x1b[31m\u2502\x1b[0m \x1b[33m\u2502\x1b[0m               \x1b[2m\u2502   \u2502   \x1b[0m\x1b[1m(\x1b[0m\x1b[33mb'accept-encoding'\x1b[0m, \x1b[33mb'gzip, deflate'\x1b[0m\x1b[1m)\x1b[0m,                                \x1b[33m\u2502\x1b[0m \x1b[31m\u2502\x1b[0m\n\x1b[31m\u2502\x1b[0m \x1b[33m\u2502\x1b[0m               \x1b[2m\u2502   \u2502   \x1b[0m\x1b[1m(\x1b[0m\x1b[33mb'connection'\x1b[0m, \x1b[33mb'keep-alive'\x1b[0m\x1b[1m)\x1b[0m,                                        \x1b[33m\u2502\x1b[0m \x1b[31m\u2502\x1b[0m\n\x1b[31m\u2502\x1b[0m \x1b[33m\u2502\x1b[0m               \x1b[2m\u2502   \u2502   \x1b[0m\x1b[1m(\x1b[0m\x1b[33mb'user-agent'\x1b[0m, \x1b[33mb'python-httpx/0.26.0'\x1b[0m\x1b[1m)\x1b[0m,                               \x1b[33m\u2502\x1b[0m \x1b[31m\u2502\x1b[0m\n\x1b[31m\u2502\x1b[0m \x1b[33m\u2502\x1b[0m               \x1b[2m\u2502   \u2502   \x1b[0m\x1b[1m(\x1b[0m\x1b[33mb'authorization'\x1b[0m, \x1b[33mb'Bearer di_testkey123'\x1b[0m\x1b[1m)\x1b[0m,                           \x1b[33m\u2502\x1b[0m \x1b[31m\u2502\x1b[0m\n\x1b[31m\u2502\x1b[0m \x1b[33m\u2502\x1b[0m               \x1b[2m\u2502   \u2502   \x1b[0m\x1b[1m(\x1b[0m\x1b[33mb'content-length'\x1b[0m, \x1b[33mb'201'\x1b[0m\x1b[1m)\x1b[0m,                                           \x1b[33m\u2502\x1b[0m \x1b[31m\u2502\x1b[0m\n\x1b[31m\u2502\x1b[0m \x1b[33m\u2502\x1b[0m               \x1b[2m\u2502   \u2502   \x1b[0m\x1b[1m(\x1b[0m                                                                      \x1b[33m\u2502\x1b[0m \x1b[31m\u2502\x1b[0m\n\x1b[31m\u2502\x1b[0m \x1b[33m\u2502\x1b[0m               \x1b[2m\u2502   \u2502   \u2502   \x1b[0m\x1b[33mb'content-type'\x1b[0m,                                                   \x1b[33m\u2502\x1b[0m \x1b[31m\u2502\x1b[0m\n\x1b[31m\u2502\x1b[0m \x1b[33m\u2502\x1b[0m               \x1b[2m\u2502   \u2502   \u2502   \x1b[0m\x1b[33mb'multipart/form-data; \x1b[0m\x1b[33mboundary\x1b[0m\x1b[33m=\x1b[0m\x1b[33m0dbbeb47f7753326ffe6a6a5e7eed486\x1b[0m\x1b[33m'\x1b[0m  \x1b[33m\u2502\x1b[0m \x1b[31m\u2502\x1b[0m\n\x1b[31m\u2502\x1b[0m \x1b[33m\u2502\x1b[0m               \x1b[2m\u2502   \u2502   \x1b[0m\x1b[1m)\x1b[0m                                                                      \x1b[33m\u2502\x1b[0m \x1b[31m\u2502\x1b[0m\n\x1b[31m\u2502\x1b[0m \x1b[33m\u2502\x1b[0m               \x1b[2m\u2502   \x1b[0m\x1b[1m]\x1b[0m,                                                                         \x1b[33m\u2502\x1b[0m \x1b[31m\u2502\x1b[0m\n\x1b[31m\u2502\x1b[0m \x1b[33m\u2502\x1b[0m               \x1b[2m\u2502   \x1b[0m\x1b[33m'scheme'\x1b[0m: \x1b[33m'http'\x1b[0m,                                                          \x1b[33m\u2502\x1b[0m \x1b[31m\u2502\x1b[0m\n\x1b[31m\u2502\x1b[0m \x1b[33m\u2502\x1b[0m               \x1b[2m\u2502   \x1b[0m\x1b[33m'path'\x1b[0m: \x1b[33m'/api/v1/documents/upload'\x1b[0m,                                        \x1b[33m\u2502\x1b[0m \x1b[31m\u2502\x1b[0m\n\x1b[31m\u2502\x1b[0m \x1b[33m\u2502\x1b[0m               \x1b[2m\u2502   \x1b[0m\x1b[33m'raw_path'\x1b[0m: \x1b[33mb'/api/v1/documents/upload'\x1b[0m,                                   \x1b[33m\u2502\x1b[0m \x1b[31m\u2502\x1b[0m\n\x1b[31m\u2502\x1b[0m \x1b[33m\u2502\x1b[0m               \x1b[2m\u2502   \x1b[0m\x1b[33m'query_string'\x1b[0m: \x1b[33mb''\x1b[0m,                                                       \x1b[33m\u2502\x1b[0m \x1b[31m\u2502\x1b[0m\n\x1b[31m\u2502\x1b[0m \x1b[33m\u2502\x1b[0m               \x1b[2m\u2502   \x1b[0m\x1b[33m'server'\x1b[0m: \x1b[1m(\x1b[0m\x1b[33m'test'\x1b[0m, \x1b[94mNone\x1b[0m\x1b[1m)\x1b[0m,                                                  \x1b[33m\u2502\x1b[0m \x1b[31m\u2502\x1b[0m\n\x1b[31m\u2502\x1b[0m \x1b[33m\u2502\x1b[0m               \x1b[2m\u2502   \x1b[0m\x1b[33m...\x1b[0m +\x1b[94m10\x1b[0m                                                                    \x1b[33m\u2502\x1b[0m \x1b[31m\u2502\x1b[0m\n\x1b[31m\u2502\x1b[0m \x1b[33m\u2502\x1b[0m               \x1b[1m}\x1b[0m                                                                              \x1b[33m\u2502\x1b[0m \x1b[31m\u2502\x1b[0m\n\x1b[31m\u2502\x1b[0m \x1b[33m\u2502\x1b[0m        self = \x1b[1m<\x1b[0m\x1b[1;95mfastapi.routing.APIRouter\x1b[0m\x1b[39m object at \x1b[0m\x1b[94m0x00000208CF682DE0\x1b[0m\x1b[1m>\x1b[0m                       \x1b[33m\u2502\x1b[0m \x1b[31m\u2502\x1b[0m\n\x1b[31m\u2502\x1b[0m \x1b[33m\u2514\u2500\u2500\u2500\u2500\u2500\u2500\u2500\u2500\u2500\u2500\u2500\u2500\u2500\u2500\u2500\u2500\u2500\u2500\u2500\u2500\u2500\u2500\u2500\u2500\u2500\u2500\u2500\u2500\u2500\u2500\u2500\u2500\u2500\u2500\u2500\u2500\u2500\u2500\u2500\u2500\u2500\u2500\u2500\u2500\u2500\u2500\u2500\u2500\u2500\u2500\u2500\u2500\u2500\u2500\u2500\u2500\u2500\u2500\u2500\u2500\u2500\u2500\u2500\u2500\u2500\u2500\u2500\u2500\u2500\u2500\u2500\u2500\u2500\u2500\u2500\u2500\u2500\u2500\u2500\u2500\u2500\u2500\u2500\u2500\u2500\u2500\u2500\u2500\u2500\u2500\u2500\u2500\u2500\u2500\u2518\x1b[0m \x1b[31m\u2502\x1b[0m\n\x1b[31m\u2502\x1b[0m                                                                                                  \x1b[31m\u2502\x1b[0m\n\x1b[31m\u2502\x1b[0m \x1b[33mC:\\Users\\realj\\AppData\\Local\\Programs\\Python\\Python312\\Lib\\site-packages\\starlette\\routing.py\x1b[0m:\x1b[94m29\x1b[0m \x1b[31m\u2502\x1b[0m\n\x1b[31m\u2502\x1b[0m \x1b[94m7\x1b[0m in \x1b[92mhandle\x1b[0m                                                                                      \x1b[31m\u2502\x1b[0m\n\x1b[31m\u2502\x1b[0m                                                                                                  \x1b[31m\u2502\x1b[0m\n\x1b[31m\u2502\x1b[0m   \x1b[2m294 \x1b[0m\x1b[2m\u2502   \u2502   \u2502   \u2502   \x1b[0m)                                                                          \x1b[31m\u2502\x1b[0m\n\x1b[31m\u2502\x1b[0m   \x1b[2m295 \x1b[0m\x1b[2m\u2502   \u2502   \u2502   \x1b[0m\x1b[94mawait\x1b[0m response(scope, receive, send)                                           \x1b[31m\u2502\x1b[0m\n\x1b[31m\u2502\x1b[0m   \x1b[2m296 \x1b[0m\x1b[2m\u2502   \u2502   \x1b[0m\x1b[94melse\x1b[0m:                                                                              \x1b[31m\u2502\x1b[0m\n\x1b[31m\u2502\x1b[0m \x1b[31m> \x1b[0m297 \x1b[2m\u2502   \u2502   \u2502   \x1b[0m\x1b[1;4;94mawait\x1b[0m\x1b[1;4m \x1b[0m\x1b[1;4;96mself\x1b[0m\x1b[1;4m.app(scope, receive, send)\x1b[0m                                           \x1b[31m\u2502\x1b[0m\n\x1b[31m\u2502\x1b[0m   \x1b[2m298 \x1b[0m\x1b[2m\u2502   \x1b[0m                                                                                       \x1b[31m\u2502\x1b[0m\n\x1b[31m\u2502\x1b[0m   \x1b[2m299 \x1b[0m\x1b[2m\u2502   \x1b[0m\x1b[94mdef\x1b[0m\x1b[90m \x1b[0m\x1b[92m__eq__\x1b[0m(\x1b[96mself\x1b[0m, other: typing.Any) -> \x1b[96mbool\x1b[0m:                                           \x1b[31m\u2502\x1b[0m\n\x1b[31m\u2502\x1b[0m   \x1b[2m300 \x1b[0m\x1b[2m\u2502   \u2502   \x1b[0m\x1b[94mreturn\x1b[0m (                                                                           \x1b[31m\u2502\x1b[0m\n\x1b[31m\u2502\x1b[0m                                                                                                  \x1b[31m\u2502\x1b[0m\n\x1b[31m\u2502\x1b[0m \x1b[33m\u250c\u2500\x1b[0m\x1b[33m\u2500\u2500\u2500\u2500\u2500\u2500\u2500\u2500\u2500\u2500\u2500\u2500\u2500\u2500\u2500\u2500\u2500\u2500\u2500\u2500\u2500\u2500\u2500\u2500\u2500\u2500\u2500\u2500\u2500\u2500\u2500\u2500\u2500\u2500\u2500\u2500\u2500\u2500\u2500\u2500\u2500\x1b[0m\x1b[33m locals \x1b[0m\x1b[33m\u2500\u2500\u2500\u2500\u2500\u2500\u2500\u2500\u2500\u2500\u2500\u2500\u2500\u2500\u2500\u2500\u2500\u2500\u2500\u2500\u2500\u2500\u2500\u2500\u2500\u2500\u2500\u2500\u2500\u2500\u2500\u2500\u2500\u2500\u2500\u2500\u2500\u2500\u2500\u2500\u2500\u2500\x1b[0m\x1b[33m\u2500\u2510\x1b[0m  \x1b[31m\u2502\x1b[0m\n\x1b[31m\u2502\x1b[0m \x1b[33m\u2502\x1b[0m scope = \x1b[1m{\x1b[0m                                                                                   \x1b[33m\u2502\x1b[0m  \x1b[31m\u2502\x1b[0m\n\x1b[31m\u2502\x1b[0m \x1b[33m\u2502\x1b[0m         \x1b[2m\u2502   \x1b[0m\x1b[33m'type'\x1b[0m: \x1b[33m'http'\x1b[0m,                                                                 \x1b[33m\u2502\x1b[0m  \x1b[31m\u2502\x1b[0m\n\x1b[31m\u2502\x1b[0m \x1b[33m\u2502\x1b[0m         \x1b[2m\u2502   \x1b[0m\x1b[33m'asgi'\x1b[0m: \x1b[1m{\x1b[0m\x1b[33m'version'\x1b[0m: \x1b[33m'3.0'\x1b[0m\x1b[1m}\x1b[0m,                                                     \x1b[33m\u2502\x1b[0m  \x1b[31m\u2502\x1b[0m\n\x1b[31m\u2502\x1b[0m \x1b[33m\u2502\x1b[0m         \x1b[2m\u2502   \x1b[0m\x1b[33m'http_version'\x1b[0m: \x1b[33m'1.1'\x1b[0m,                                                          \x1b[33m\u2502\x1b[0m  \x1b[31m\u2502\x1b[0m\n\x1b[31m\u2502\x1b[0m \x1b[33m\u2502\x1b[0m         \x1b[2m\u2502   \x1b[0m\x1b[33m'method'\x1b[0m: \x1b[33m'POST'\x1b[0m,                                                               \x1b[33m\u2502\x1b[0m  \x1b[31m\u2502\x1b[0m\n\x1b[31m\u2502\x1b[0m \x1b[33m\u2502\x1b[0m         \x1b[2m\u2502   \x1b[0m\x1b[33m'headers'\x1b[0m: \x1b[1m[\x1b[0m                                                                    \x1b[33m\u2502\x1b[0m  \x1b[31m\u2502\x1b[0m\n\x1b[31m\u2502\x1b[0m \x1b[33m\u2502\x1b[0m         \x1b[2m\u2502   \u2502   \x1b[0m\x1b[1m(\x1b[0m\x1b[33mb'host'\x1b[0m, \x1b[33mb'test'\x1b[0m\x1b[1m)\x1b[0m,                                                         \x1b[33m\u2502\x1b[0m  \x1b[31m\u2502\x1b[0m\n\x1b[31m\u2502\x1b[0m \x1b[33m\u2502\x1b[0m         \x1b[2m\u2502   \u2502   \x1b[0m\x1b[1m(\x1b[0m\x1b[33mb'accept'\x1b[0m, \x1b[33mb'*/*'\x1b[0m\x1b[1m)\x1b[0m,                                                        \x1b[33m\u2502\x1b[0m  \x1b[31m\u2502\x1b[0m\n\x1b[31m\u2502\x1b[0m \x1b[33m\u2502\x1b[0m         \x1b[2m\u2502   \u2502   \x1b[0m\x1b[1m(\x1b[0m\x1b[33mb'accept-encoding'\x1b[0m, \x1b[33mb'gzip, deflate'\x1b[0m\x1b[1m)\x1b[0m,                                     \x1b[33m\u2502\x1b[0m  \x1b[31m\u2502\x1b[0m\n\x1b[31m\u2502\x1b[0m \x1b[33m\u2502\x1b[0m         \x1b[2m\u2502   \u2502   \x1b[0m\x1b[1m(\x1b[0m\x1b[33mb'connection'\x1b[0m, \x1b[33mb'keep-alive'\x1b[0m\x1b[1m)\x1b[0m,                                             \x1b[33m\u2502\x1b[0m  \x1b[31m\u2502\x1b[0m\n\x1b[31m\u2502\x1b[0m \x1b[33m\u2502\x1b[0m         \x1b[2m\u2502   \u2502   \x1b[0m\x1b[1m(\x1b[0m\x1b[33mb'user-agent'\x1b[0m, \x1b[33mb'python-httpx/0.26.0'\x1b[0m\x1b[1m)\x1b[0m,                                    \x1b[33m\u2502\x1b[0m  \x1b[31m\u2502\x1b[0m\n\x1b[31m\u2502\x1b[0m \x1b[33m\u2502\x1b[0m         \x1b[2m\u2502   \u2502   \x1b[0m\x1b[1m(\x1b[0m\x1b[33mb'authorization'\x1b[0m, \x1b[33mb'Bearer di_testkey123'\x1b[0m\x1b[1m)\x1b[0m,                                \x1b[33m\u2502\x1b[0m  \x1b[31m\u2502\x1b[0m\n\x1b[31m\u2502\x1b[0m \x1b[33m\u2502\x1b[0m         \x1b[2m\u2502   \u2502   \x1b[0m\x1b[1m(\x1b[0m\x1b[33mb'content-length'\x1b[0m, \x1b[33mb'201'\x1b[0m\x1b[1m)\x1b[0m,                                                \x1b[33m\u2502\x1b[0m  \x1b[31m\u2502\x1b[0m\n\x1b[31m\u2502\x1b[0m \x1b[33m\u2502\x1b[0m         \x1b[2m\u2502   \u2502   \x1b[0m\x1b[1m(\x1b[0m                                                                           \x1b[33m\u2502\x1b[0m  \x1b[31m\u2502\x1b[0m\n\x1b[31m\u2502\x1b[0m \x1b[33m\u2502\x1b[0m         \x1b[2m\u2502   \u2502   \u2502   \x1b[0m\x1b[33mb'content-type'\x1b[0m,                                                        \x1b[33m\u2502\x1b[0m  \x1b[31m\u2502\x1b[0m\n\x1b[31m\u2502\x1b[0m \x1b[33m\u2502\x1b[0m         \x1b[2m\u2502   \u2502   \u2502   \x1b[0m\x1b[33mb'multipart/form-data; \x1b[0m\x1b[33mboundary\x1b[0m\x1b[33m=\x1b[0m\x1b[33m0dbbeb47f7753326ffe6a6a5e7eed486\x1b[0m\x1b[33m'\x1b[0m       \x1b[33m\u2502\x1b[0m  \x1b[31m\u2502\x1b[0m\n\x1b[31m\u2502\x1b[0m \x1b[33m\u2502\x1b[0m         \x1b[2m\u2502   \u2502   \x1b[0m\x1b[1m)\x1b[0m                                                                           \x1b[33m\u2502\x1b[0m  \x1b[31m\u2502\x1b[0m\n\x1b[31m\u2502\x1b[0m \x1b[33m\u2502\x1b[0m         \x1b[2m\u2502   \x1b[0m\x1b[1m]\x1b[0m,                                                                              \x1b[33m\u2502\x1b[0m  \x1b[31m\u2502\x1b[0m\n\x1b[31m\u2502\x1b[0m \x1b[33m\u2502\x1b[0m         \x1b[2m\u2502   \x1b[0m\x1b[33m'scheme'\x1b[0m: \x1b[33m'http'\x1b[0m,                                                               \x1b[33m\u2502\x1b[0m  \x1b[31m\u2502\x1b[0m\n\x1b[31m\u2502\x1b[0m \x1b[33m\u2502\x1b[0m         \x1b[2m\u2502   \x1b[0m\x1b[33m'path'\x1b[0m: \x1b[33m'/api/v1/documents/upload'\x1b[0m,                                             \x1b[33m\u2502\x1b[0m  \x1b[31m\u2502\x1b[0m\n\x1b[31m\u2502\x1b[0m \x1b[33m\u2502\x1b[0m         \x1b[2m\u2502   \x1b[0m\x1b[33m'raw_path'\x1b[0m: \x1b[33mb'/api/v1/documents/upload'\x1b[0m,                                        \x1b[33m\u2502\x1b[0m  \x1b[31m\u2502\x1b[0m\n\x1b[31m\u2502\x1b[0m \x1b[33m\u2502\x1b[0m         \x1b[2m\u2502   \x1b[0m\x1b[33m'query_string'\x1b[0m: \x1b[33mb''\x1b[0m,                                                            \x1b[33m\u2502\x1b[0m  \x1b[31m\u2502\x1b[0m\n\x1b[31m\u2502\x1b[0m \x1b[33m\u2502\x1b[0m         \x1b[2m\u2502   \x1b[0m\x1b[33m'server'\x1b[0m: \x1b[1m(\x1b[0m\x1b[33m'test'\x1b[0m, \x1b[94mNone\x1b[0m\x1b[1m)\x1b[0m,                                                       \x1b[33m\u2502\x1b[0m  \x1b[31m\u2502\x1b[0m\n\x1b[31m\u2502\x1b[0m \x1b[33m\u2502\x1b[0m         \x1b[2m\u2502   \x1b[0m\x1b[33m...\x1b[0m +\x1b[94m10\x1b[0m                                                                         \x1b[33m\u2502\x1b[0m  \x1b[31m\u2502\x1b[0m\n\x1b[31m\u2502\x1b[0m \x1b[33m\u2502\x1b[0m         \x1b[1m}\x1b[0m                                                                                   \x1b[33m\u2502\x1b[0m  \x1b[31m\u2502\x1b[0m\n\x1b[31m\u2502\x1b[0m \x1b[33m\u2502\x1b[0m  self = \x1b[1;35mAPIRoute\x1b[0m\x1b[1m(\x1b[0m\x1b[33mpath\x1b[0m=\x1b[33m'/api/v1/documents/upload'\x1b[0m, \x1b[33mname\x1b[0m=\x1b[33m'upload_document'\x1b[0m, \x1b[33mmethods\x1b[0m=\x1b[1m[\x1b[0m\x1b[33m'POST'\x1b[0m\x1b[1m]\x1b[0m\x1b[1m)\x1b[0m \x1b[33m\u2502\x1b[0m  \x1b[31m\u2502\x1b[0m\n\x1b[31m\u2502\x1b[0m \x1b[33m\u2514\u2500\u2500\u2500\u2500\u2500\u2500\u2500\u2500\u2500\u2500\u2500\u2500\u2500\u2500\u2500\u2500\u2500\u2500\u2500\u2500\u2500\u2500\u2500\u2500\u2500\u2500\u2500\u2500\u2500\u2500\u2500\u2500\u2500\u2500\u2500\u2500\u2500\u2500\u2500\u2500\u2500\u2500\u2500\u2500\u2500\u2500\u2500\u2500\u2500\u2500\u2500\u2500\u2500\u2500\u2500\u2500\u2500\u2500\u2500\u2500\u2500\u2500\u2500\u2500\u2500\u2500\u2500\u2500\u2500\u2500\u2500\u2500\u2500\u2500\u2500\u2500\u2500\u2500\u2500\u2500\u2500\u2500\u2500\u2500\u2500\u2500\u2500\u2500\u2500\u2500\u2500\u2500\u2500\u2518\x1b[0m  \x1b[31m\u2502\x1b[0m\n\x1b[31m\u2502\x1b[0m                                                                                                  \x1b[31m\u2502\x1b[0m\n\x1b[31m\u2502\x1b[0m \x1b[33mC:\\Users\\realj\\AppData\\Local\\Programs\\Python\\Python312\\Lib\\site-packages\\starlette\\routing.py\x1b[0m:\x1b[94m77\x1b[0m \x1b[31m\u2502\x1b[0m\n\x1b[31m\u2502\x1b[0m in \x1b[92mapp\x1b[0m                                                                                           \x1b[31m\u2502\x1b[0m\n\x1b[31m\u2502\x1b[0m                                                                                                  \x1b[31m\u2502\x1b[0m\n\x1b[31m\u2502\x1b[0m   \x1b[2m 74 \x1b[0m\x1b[2m\u2502   \u2502   \u2502   \u2502   \x1b[0mresponse = \x1b[94mawait\x1b[0m run_in_threadpool(func, request)                          \x1b[31m\u2502\x1b[0m\n\x1b[31m\u2502\x1b[0m   \x1b[2m 75 \x1b[0m\x1b[2m\u2502   \u2502   \u2502   \x1b[0m\x1b[94mawait\x1b[0m response(scope, receive, send)                                           \x1b[31m\u2502\x1b[0m\n\x1b[31m\u2502\x1b[0m   \x1b[2m 76 \x1b[0m\x1b[2m\u2502   \u2502   \x1b[0m                                                                                   \x1b[31m\u2502\x1b[0m\n\x1b[31m\u2502\x1b[0m \x1b[31m> \x1b[0m 77 \x1b[2m\u2502   \u2502   \x1b[0m\x1b[1;4;94mawait\x1b[0m\x1b[1;4m wrap_app_handling_exceptions(app, request)(scope, receive, send)\x1b[0m             \x1b[31m\u2502\x1b[0m\n\x1b[31m\u2502\x1b[0m   \x1b[2m 78 \x1b[0m\x1b[2m\u2502   \x1b[0m                                                                                       \x1b[31m\u2502\x1b[0m\n\x1b[31m\u2502\x1b[0m   \x1b[2m 79 \x1b[0m\x1b[2m\u2502   \x1b[0m\x1b[94mreturn\x1b[0m app                                                                             \x1b[31m\u2502\x1b[0m\n\x1b[31m\u2502\x1b[0m   \x1b[2m 80 \x1b[0m                                                                                           \x1b[31m\u2502\x1b[0m\n\x1b[31m\u2502\x1b[0m                                                                                                  \x1b[31m\u2502\x1b[0m\n\x1b[31m\u2502\x1b[0m \x1b[33m\u250c\u2500\x1b[0m\x1b[33m\u2500\u2500\u2500\u2500\u2500\u2500\u2500\u2500\u2500\u2500\u2500\u2500\u2500\u2500\u2500\u2500\u2500\u2500\u2500\u2500\u2500\u2500\u2500\u2500\u2500\u2500\u2500\u2500\u2500\u2500\u2500\u2500\u2500\u2500\u2500\u2500\u2500\u2500\u2500\x1b[0m\x1b[33m locals \x1b[0m\x1b[33m\u2500\u2500\u2500\u2500\u2500\u2500\u2500\u2500\u2500\u2500\u2500\u2500\u2500\u2500\u2500\u2500\u2500\u2500\u2500\u2500\u2500\u2500\u2500\u2500\u2500\u2500\u2500\u2500\u2500\u2500\u2500\u2500\u2500\u2500\u2500\u2500\u2500\u2500\u2500\u2500\x1b[0m\x1b[33m\u2500\u2510\x1b[0m      \x1b[31m\u2502\x1b[0m\n\x1b[31m\u2502\x1b[0m \x1b[33m\u2502\x1b[0m request = \x1b[1m<\x1b[0m\x1b[1;95mstarlette.requests.Request\x1b[0m\x1b[39m object at \x1b[0m\x1b[94m0x00000208CF749D30\x1b[0m\x1b[1m>\x1b[0m                     \x1b[33m\u2502\x1b[0m      \x1b[31m\u2502\x1b[0m\n\x1b[31m\u2502\x1b[0m \x1b[33m\u2502\x1b[0m   scope = \x1b[1m{\x1b[0m                                                                             \x1b[33m\u2502\x1b[0m      \x1b[31m\u2502\x1b[0m\n\x1b[31m\u2502\x1b[0m \x1b[33m\u2502\x1b[0m           \x1b[2m\u2502   \x1b[0m\x1b[33m'type'\x1b[0m: \x1b[33m'http'\x1b[0m,                                                           \x1b[33m\u2502\x1b[0m      \x1b[31m\u2502\x1b[0m\n\x1b[31m\u2502\x1b[0m \x1b[33m\u2502\x1b[0m           \x1b[2m\u2502   \x1b[0m\x1b[33m'asgi'\x1b[0m: \x1b[1m{\x1b[0m\x1b[33m'version'\x1b[0m: \x1b[33m'3.0'\x1b[0m\x1b[1m}\x1b[0m,                                               \x1b[33m\u2502\x1b[0m      \x1b[31m\u2502\x1b[0m\n\x1b[31m\u2502\x1b[0m \x1b[33m\u2502\x1b[0m           \x1b[2m\u2502   \x1b[0m\x1b[33m'http_version'\x1b[0m: \x1b[33m'1.1'\x1b[0m,                                                    \x1b[33m\u2502\x1b[0m      \x1b[31m\u2502\x1b[0m\n\x1b[31m\u2502\x1b[0m \x1b[33m\u2502\x1b[0m           \x1b[2m\u2502   \x1b[0m\x1b[33m'method'\x1b[0m: \x1b[33m'POST'\x1b[0m,                                                         \x1b[33m\u2502\x1b[0m      \x1b[31m\u2502\x1b[0m\n\x1b[31m\u2502\x1b[0m \x1b[33m\u2502\x1b[0m           \x1b[2m\u2502   \x1b[0m\x1b[33m'headers'\x1b[0m: \x1b[1m[\x1b[0m                                                              \x1b[33m\u2502\x1b[0m      \x1b[31m\u2502\x1b[0m\n\x1b[31m\u2502\x1b[0m \x1b[33m\u2502\x1b[0m           \x1b[2m\u2502   \u2502   \x1b[0m\x1b[1m(\x1b[0m\x1b[33mb'host'\x1b[0m, \x1b[33mb'test'\x1b[0m\x1b[1m)\x1b[0m,                                                   \x1b[33m\u2502\x1b[0m      \x1b[31m\u2502\x1b[0m\n\x1b[31m\u2502\x1b[0m \x1b[33m\u2502\x1b[0m           \x1b[2m\u2502   \u2502   \x1b[0m\x1b[1m(\x1b[0m\x1b[33mb'accept'\x1b[0m, \x1b[33mb'*/*'\x1b[0m\x1b[1m)\x1b[0m,                                                  \x1b[33m\u2502\x1b[0m      \x1b[31m\u2502\x1b[0m\n\x1b[31m\u2502\x1b[0m \x1b[33m\u2502\x1b[0m           \x1b[2m\u2502   \u2502   \x1b[0m\x1b[1m(\x1b[0m\x1b[33mb'accept-encoding'\x1b[0m, \x1b[33mb'gzip, deflate'\x1b[0m\x1b[1m)\x1b[0m,                               \x1b[33m\u2502\x1b[0m      \x1b[31m\u2502\x1b[0m\n\x1b[31m\u2502\x1b[0m \x1b[33m\u2502\x1b[0m           \x1b[2m\u2502   \u2502   \x1b[0m\x1b[1m(\x1b[0m\x1b[33mb'connection'\x1b[0m, \x1b[33mb'keep-alive'\x1b[0m\x1b[1m)\x1b[0m,                                       \x1b[33m\u2502\x1b[0m      \x1b[31m\u2502\x1b[0m\n\x1b[31m\u2502\x1b[0m \x1b[33m\u2502\x1b[0m           \x1b[2m\u2502   \u2502   \x1b[0m\x1b[1m(\x1b[0m\x1b[33mb'user-agent'\x1b[0m, \x1b[33mb'python-httpx/0.26.0'\x1b[0m\x1b[1m)\x1b[0m,                              \x1b[33m\u2502\x1b[0m      \x1b[31m\u2502\x1b[0m\n\x1b[31m\u2502\x1b[0m \x1b[33m\u2502\x1b[0m           \x1b[2m\u2502   \u2502   \x1b[0m\x1b[1m(\x1b[0m\x1b[33mb'authorization'\x1b[0m, \x1b[33mb'Bearer di_testkey123'\x1b[0m\x1b[1m)\x1b[0m,                          \x1b[33m\u2502\x1b[0m      \x1b[31m\u2502\x1b[0m\n\x1b[31m\u2502\x1b[0m \x1b[33m\u2502\x1b[0m           \x1b[2m\u2502   \u2502   \x1b[0m\x1b[1m(\x1b[0m\x1b[33mb'content-length'\x1b[0m, \x1b[33mb'201'\x1b[0m\x1b[1m)\x1b[0m,                                          \x1b[33m\u2502\x1b[0m      \x1b[31m\u2502\x1b[0m\n\x1b[31m\u2502\x1b[0m \x1b[33m\u2502\x1b[0m           \x1b[2m\u2502   \u2502   \x1b[0m\x1b[1m(\x1b[0m                                                                     \x1b[33m\u2502\x1b[0m      \x1b[31m\u2502\x1b[0m\n\x1b[31m\u2502\x1b[0m \x1b[33m\u2502\x1b[0m           \x1b[2m\u2502   \u2502   \u2502   \x1b[0m\x1b[33mb'content-type'\x1b[0m,                                                  \x1b[33m\u2502\x1b[0m      \x1b[31m\u2502\x1b[0m\n\x1b[31m\u2502\x1b[0m \x1b[33m\u2502\x1b[0m           \x1b[2m\u2502   \u2502   \u2502   \x1b[0m\x1b[33mb'multipart/form-data; \x1b[0m\x1b[33mboundary\x1b[0m\x1b[33m=\x1b[0m\x1b[33m0dbbeb47f7753326ffe6a6a5e7eed486\x1b[0m\x1b[33m'\x1b[0m \x1b[33m\u2502\x1b[0m      \x1b[31m\u2502\x1b[0m\n\x1b[31m\u2502\x1b[0m \x1b[33m\u2502\x1b[0m           \x1b[2m\u2502   \u2502   \x1b[0m\x1b[1m)\x1b[0m                                                                     \x1b[33m\u2502\x1b[0m      \x1b[31m\u2502\x1b[0m\n\x1b[31m\u2502\x1b[0m \x1b[33m\u2502\x1b[0m           \x1b[2m\u2502   \x1b[0m\x1b[1m]\x1b[0m,                                                                        \x1b[33m\u2502\x1b[0m      \x1b[31m\u2502\x1b[0m\n\x1b[31m\u2502\x1b[0m \x1b[33m\u2502\x1b[0m           \x1b[2m\u2502   \x1b[0m\x1b[33m'scheme'\x1b[0m: \x1b[33m'http'\x1b[0m,                                                         \x1b[33m\u2502\x1b[0m      \x1b[31m\u2502\x1b[0m\n\x1b[31m\u2502\x1b[0m \x1b[33m\u2502\x1b[0m           \x1b[2m\u2502   \x1b[0m\x1b[33m'path'\x1b[0m: \x1b[33m'/api/v1/documents/upload'\x1b[0m,                                       \x1b[33m\u2502\x1b[0m      \x1b[31m\u2502\x1b[0m\n\x1b[31m\u2502\x1b[0m \x1b[33m\u2502\x1b[0m           \x1b[2m\u2502   \x1b[0m\x1b[33m'raw_path'\x1b[0m: \x1b[33mb'/api/v1/documents/upload'\x1b[0m,                                  \x1b[33m\u2502\x1b[0m      \x1b[31m\u2502\x1b[0m\n\x1b[31m\u2502\x1b[0m \x1b[33m\u2502\x1b[0m           \x1b[2m\u2502   \x1b[0m\x1b[33m'query_string'\x1b[0m: \x1b[33mb''\x1b[0m,                                                      \x1b[33m\u2502\x1b[0m      \x1b[31m\u2502\x1b[0m\n\x1b[31m\u2502\x1b[0m \x1b[33m\u2502\x1b[0m           \x1b[2m\u2502   \x1b[0m\x1b[33m'server'\x1b[0m: \x1b[1m(\x1b[0m\x1b[33m'test'\x1b[0m, \x1b[94mNone\x1b[0m\x1b[1m)\x1b[0m,                                                 \x1b[33m\u2502\x1b[0m      \x1b[31m\u2502\x1b[0m\n\x1b[31m\u2502\x1b[0m \x1b[33m\u2502\x1b[0m           \x1b[2m\u2502   \x1b[0m\x1b[33m...\x1b[0m +\x1b[94m10\x1b[0m                                                                   \x1b[33m\u2502\x1b[0m      \x1b[31m\u2502\x1b[0m\n\x1b[31m\u2502\x1b[0m \x1b[33m\u2502\x1b[0m           \x1b[1m}\x1b[0m                                                                             \x1b[33m\u2502\x1b[0m      \x1b[31m\u2502\x1b[0m\n\x1b[31m\u2502\x1b[0m \x1b[33m\u2514\u2500\u2500\u2500\u2500\u2500\u2500\u2500\u2500\u2500\u2500\u2500\u2500\u2500\u2500\u2500\u2500\u2500\u2500\u2500\u2500\u2500\u2500\u2500\u2500\u2500\u2500\u2500\u2500\u2500\u2500\u2500\u2500\u2500\u2500\u2500\u2500\u2500\u2500\u2500\u2500\u2500\u2500\u2500\u2500\u2500\u2500\u2500\u2500\u2500\u2500\u2500\u2500\u2500\u2500\u2500\u2500\u2500\u2500\u2500\u2500\u2500\u2500\u2500\u2500\u2500\u2500\u2500\u2500\u2500\u2500\u2500\u2500\u2500\u2500\u2500\u2500\u2500\u2500\u2500\u2500\u2500\u2500\u2500\u2500\u2500\u2500\u2500\u2500\u2500\u2518\x1b[0m      \x1b[31m\u2502\x1b[0m\n\x1b[31m\u2502\x1b[0m                                                                                                  \x1b[31m\u2502\x1b[0m\n\x1b[31m\u2502\x1b[0m \x1b[33mC:\\Users\\realj\\AppData\\Local\\Programs\\Python\\Python312\\Lib\\site-packages\\starlette\\_exception_ha\x1b[0m \x1b[31m\u2502\x1b[0m\n\x1b[31m\u2502\x1b[0m \x1b[33mndler.py\x1b[0m:\x1b[94m64\x1b[0m in \x1b[92mwrapped_app\x1b[0m                                                                       \x1b[31m\u2502\x1b[0m\n\x1b[31m\u2502\x1b[0m                                                                                                  \x1b[31m\u2502\x1b[0m\n\x1b[31m\u2502\x1b[0m   \x1b[2m61 \x1b[0m\x1b[2m\u2502   \u2502   \u2502   \u2502   \x1b[0mhandler = _lookup_exception_handler(exception_handlers, exc)                \x1b[31m\u2502\x1b[0m\n\x1b[31m\u2502\x1b[0m   \x1b[2m62 \x1b[0m\x1b[2m\u2502   \u2502   \u2502   \x1b[0m                                                                                \x1b[31m\u2502\x1b[0m\n\x1b[31m\u2502\x1b[0m   \x1b[2m63 \x1b[0m\x1b[2m\u2502   \u2502   \u2502   \x1b[0m\x1b[94mif\x1b[0m handler \x1b[95mis\x1b[0m \x1b[94mNone\x1b[0m:                                                             \x1b[31m\u2502\x1b[0m\n\x1b[31m\u2502\x1b[0m \x1b[31m> \x1b[0m64 \x1b[2m\u2502   \u2502   \u2502   \u2502   \x1b[0m\x1b[1;4;94mraise\x1b[0m\x1b[1;4m exc\x1b[0m                                                                   \x1b[31m\u2502\x1b[0m\n\x1b[31m\u2502\x1b[0m   \x1b[2m65 \x1b[0m\x1b[2m\u2502   \u2502   \u2502   \x1b[0m                                                                                \x1b[31m\u2502\x1b[0m\n\x1b[31m\u2502\x1b[0m   \x1b[2m66 \x1b[0m\x1b[2m\u2502   \u2502   \u2502   \x1b[0m\x1b[94mif\x1b[0m response_started:                                                            \x1b[31m\u2502\x1b[0m\n\x1b[31m\u2502\x1b[0m   \x1b[2m67 \x1b[0m\x1b[2m\u2502   \u2502   \u2502   \u2502   \x1b[0mmsg = \x1b[33m"\x1b[0m\x1b[33mCaught handled exception, but response already started.\x1b[0m\x1b[33m"\x1b[0m             \x1b[31m\u2502\x1b[0m\n\x1b[31m\u2502\x1b[0m                                                                                                  \x1b[31m\u2502\x1b[0m\n\x1b[31m\u2502\x1b[0m \x1b[33m\u250c\u2500\x1b[0m\x1b[33m\u2500\u2500\u2500\u2500\u2500\u2500\u2500\u2500\u2500\u2500\u2500\u2500\u2500\u2500\u2500\u2500\u2500\u2500\u2500\u2500\u2500\u2500\u2500\u2500\u2500\u2500\u2500\u2500\u2500\u2500\u2500\u2500\u2500\u2500\u2500\u2500\u2500\u2500\u2500\u2500\u2500\u2500\x1b[0m\x1b[33m locals \x1b[0m\x1b[33m\u2500\u2500\u2500\u2500\u2500\u2500\u2500\u2500\u2500\u2500\u2500\u2500\u2500\u2500\u2500\u2500\u2500\u2500\u2500\u2500\u2500\u2500\u2500\u2500\u2500\u2500\u2500\u2500\u2500\u2500\u2500\u2500\u2500\u2500\u2500\u2500\u2500\u2500\u2500\u2500\u2500\u2500\x1b[0m\x1b[33m\u2500\u2510\x1b[0m \x1b[31m\u2502\x1b[0m\n\x1b[31m\u2502\x1b[0m \x1b[33m\u2502\x1b[0m               conn = \x1b[1m<\x1b[0m\x1b[1;95mstarlette.requests.Request\x1b[0m\x1b[39m object at \x1b[0m\x1b[94m0x00000208CF749D30\x1b[0m\x1b[1m>\x1b[0m               \x1b[33m\u2502\x1b[0m \x1b[31m\u2502\x1b[0m\n\x1b[31m\u2502\x1b[0m \x1b[33m\u2502\x1b[0m exception_handlers = \x1b[1m{\x1b[0m                                                                       \x1b[33m\u2502\x1b[0m \x1b[31m\u2502\x1b[0m\n\x1b[31m\u2502\x1b[0m \x1b[33m\u2502\x1b[0m                      \x1b[2m\u2502   \x1b[0m\x1b[1m<\x1b[0m\x1b[1;95mclass\x1b[0m\x1b[39m \x1b[0m\x1b[33m'starlette.exceptions.HTTPException'\x1b[0m\x1b[39m>: <function \x1b[0m            \x1b[33m\u2502\x1b[0m \x1b[31m\u2502\x1b[0m\n\x1b[31m\u2502\x1b[0m \x1b[33m\u2502\x1b[0m                      \x1b[39mhttp_exception_handler at \x1b[0m\x1b[94m0x00000208B52CDDA0\x1b[0m\x1b[39m>,\x1b[0m                          \x1b[33m\u2502\x1b[0m \x1b[31m\u2502\x1b[0m\n\x1b[31m\u2502\x1b[0m \x1b[33m\u2502\x1b[0m                      \x1b[2;39m\u2502   \x1b[0m\x1b[39m<class \x1b[0m\x1b[33m'starlette.exceptions.WebSocketException'\x1b[0m\x1b[39m>: <bound method \x1b[0m   \x1b[33m\u2502\x1b[0m \x1b[31m\u2502\x1b[0m\n\x1b[31m\u2502\x1b[0m \x1b[33m\u2502\x1b[0m                      \x1b[39mExceptionMiddleware.websocket_exception of \x1b[0m                             \x1b[33m\u2502\x1b[0m \x1b[31m\u2502\x1b[0m\n\x1b[31m\u2502\x1b[0m \x1b[33m\u2502\x1b[0m                      \x1b[39m<starlette.middleware.exceptions.ExceptionMiddleware object at \x1b[0m         \x1b[33m\u2502\x1b[0m \x1b[31m\u2502\x1b[0m\n\x1b[31m\u2502\x1b[0m \x1b[33m\u2502\x1b[0m                      \x1b[94m0x00000208CF748CE0\x1b[0m\x1b[39m>>,\x1b[0m                                                   \x1b[33m\u2502\x1b[0m \x1b[31m\u2502\x1b[0m\n\x1b[31m\u2502\x1b[0m \x1b[33m\u2502\x1b[0m                      \x1b[2;39m\u2502   \x1b[0m\x1b[39m<class \x1b[0m\x1b[33m'fastapi.exceptions.RequestValidationError'\x1b[0m\x1b[39m>: <function \x1b[0m     \x1b[33m\u2502\x1b[0m \x1b[31m\u2502\x1b[0m\n\x1b[31m\u2502\x1b[0m \x1b[33m\u2502\x1b[0m                      \x1b[39mrequest_validation_exception_handler at \x1b[0m\x1b[94m0x00000208B52CDF80\x1b[0m\x1b[39m>,\x1b[0m            \x1b[33m\u2502\x1b[0m \x1b[31m\u2502\x1b[0m\n\x1b[31m\u2502\x1b[0m \x1b[33m\u2502\x1b[0m                      \x1b[2;39m\u2502   \x1b[0m\x1b[39m<class \x1b[0m\x1b[33m'fastapi.exceptions.WebSocketRequestValidationError'\x1b[0m\x1b[39m>: \x1b[0m      \x1b[33m\u2502\x1b[0m \x1b[31m\u2502\x1b[0m\n\x1b[31m\u2502\x1b[0m \x1b[33m\u2502\x1b[0m                      \x1b[39m<function websocket_request_validation_exception_handler at \x1b[0m            \x1b[33m\u2502\x1b[0m \x1b[31m\u2502\x1b[0m\n\x1b[31m\u2502\x1b[0m \x1b[33m\u2502\x1b[0m                      \x1b[94m0x00000208B52CDEE0\x1b[0m\x1b[1m>\x1b[0m                                                     \x1b[33m\u2502\x1b[0m \x1b[31m\u2502\x1b[0m\n\x1b[31m\u2502\x1b[0m \x1b[33m\u2502\x1b[0m                      \x1b[1m}\x1b[0m                                                                       \x1b[33m\u2502\x1b[0m \x1b[31m\u2502\x1b[0m\n\x1b[31m\u2502\x1b[0m \x1b[33m\u2502\x1b[0m            handler = \x1b[94mNone\x1b[0m                                                                    \x1b[33m\u2502\x1b[0m \x1b[31m\u2502\x1b[0m\n\x1b[31m\u2502\x1b[0m \x1b[33m\u2502\x1b[0m   response_started = \x1b[94mFalse\x1b[0m                                                                   \x1b[33m\u2502\x1b[0m \x1b[31m\u2502\x1b[0m\n\x1b[31m\u2502\x1b[0m \x1b[33m\u2502\x1b[0m              scope = \x1b[1m{\x1b[0m                                                                       \x1b[33m\u2502\x1b[0m \x1b[31m\u2502\x1b[0m\n\x1b[31m\u2502\x1b[0m \x1b[33m\u2502\x1b[0m                      \x1b[2m\u2502   \x1b[0m\x1b[33m'type'\x1b[0m: \x1b[33m'http'\x1b[0m,                                                     \x1b[33m\u2502\x1b[0m \x1b[31m\u2502\x1b[0m\n\x1b[31m\u2502\x1b[0m \x1b[33m\u2502\x1b[0m                      \x1b[2m\u2502   \x1b[0m\x1b[33m'asgi'\x1b[0m: \x1b[1m{\x1b[0m\x1b[33m'version'\x1b[0m: \x1b[33m'3.0'\x1b[0m\x1b[1m}\x1b[0m,                                         \x1b[33m\u2502\x1b[0m \x1b[31m\u2502\x1b[0m\n\x1b[31m\u2502\x1b[0m \x1b[33m\u2502\x1b[0m                      \x1b[2m\u2502   \x1b[0m\x1b[33m'http_version'\x1b[0m: \x1b[33m'1.1'\x1b[0m,                                              \x1b[33m\u2502\x1b[0m \x1b[31m\u2502\x1b[0m\n\x1b[31m\u2502\x1b[0m \x1b[33m\u2502\x1b[0m                      \x1b[2m\u2502   \x1b[0m\x1b[33m'method'\x1b[0m: \x1b[33m'POST'\x1b[0m,                                                   \x1b[33m\u2502\x1b[0m \x1b[31m\u2502\x1b[0m\n\x1b[31m\u2502\x1b[0m \x1b[33m\u2502\x1b[0m                      \x1b[2m\u2502   \x1b[0m\x1b[33m'headers'\x1b[0m: \x1b[1m[\x1b[0m                                                        \x1b[33m\u2502\x1b[0m \x1b[31m\u2502\x1b[0m\n\x1b[31m\u2502\x1b[0m \x1b[33m\u2502\x1b[0m                      \x1b[2m\u2502   \u2502   \x1b[0m\x1b[1m(\x1b[0m\x1b[33mb'host'\x1b[0m, \x1b[33mb'test'\x1b[0m\x1b[1m)\x1b[0m,                                             \x1b[33m\u2502\x1b[0m \x1b[31m\u2502\x1b[0m\n\x1b[31m\u2502\x1b[0m \x1b[33m\u2502\x1b[0m                      \x1b[2m\u2502   \u2502   \x1b[0m\x1b[1m(\x1b[0m\x1b[33mb'accept'\x1b[0m, \x1b[33mb'*/*'\x1b[0m\x1b[1m)\x1b[0m,                                            \x1b[33m\u2502\x1b[0m \x1b[31m\u2502\x1b[0m\n\x1b[31m\u2502\x1b[0m \x1b[33m\u2502\x1b[0m                      \x1b[2m\u2502   \u2502   \x1b[0m\x1b[1m(\x1b[0m\x1b[33mb'accept-encoding'\x1b[0m, \x1b[33mb'gzip, deflate'\x1b[0m\x1b[1m)\x1b[0m,                         \x1b[33m\u2502\x1b[0m \x1b[31m\u2502\x1b[0m\n\x1b[31m\u2502\x1b[0m \x1b[33m\u2502\x1b[0m                      \x1b[2m\u2502   \u2502   \x1b[0m\x1b[1m(\x1b[0m\x1b[33mb'connection'\x1b[0m, \x1b[33mb'keep-alive'\x1b[0m\x1b[1m)\x1b[0m,                                 \x1b[33m\u2502\x1b[0m \x1b[31m\u2502\x1b[0m\n\x1b[31m\u2502\x1b[0m \x1b[33m\u2502\x1b[0m                      \x1b[2m\u2502   \u2502   \x1b[0m\x1b[1m(\x1b[0m\x1b[33mb'user-agent'\x1b[0m, \x1b[33mb'python-httpx/0.26.0'\x1b[0m\x1b[1m)\x1b[0m,                        \x1b[33m\u2502\x1b[0m \x1b[31m\u2502\x1b[0m\n\x1b[31m\u2502\x1b[0m \x1b[33m\u2502\x1b[0m                      \x1b[2m\u2502   \u2502   \x1b[0m\x1b[1m(\x1b[0m\x1b[33mb'authorization'\x1b[0m, \x1b[33mb'Bearer di_testkey123'\x1b[0m\x1b[1m)\x1b[0m,                    \x1b[33m\u2502\x1b[0m \x1b[31m\u2502\x1b[0m\n\x1b[31m\u2502\x1b[0m \x1b[33m\u2502\x1b[0m                      \x1b[2m\u2502   \u2502   \x1b[0m\x1b[1m(\x1b[0m\x1b[33mb'content-length'\x1b[0m, \x1b[33mb'201'\x1b[0m\x1b[1m)\x1b[0m,                                    \x1b[33m\u2502\x1b[0m \x1b[31m\u2502\x1b[0m\n\x1b[31m\u2502\x1b[0m \x1b[33m\u2502\x1b[0m                      \x1b[2m\u2502   \u2502   \x1b[0m\x1b[1m(\x1b[0m                                                               \x1b[33m\u2502\x1b[0m \x1b[31m\u2502\x1b[0m\n\x1b[31m\u2502\x1b[0m \x1b[33m\u2502\x1b[0m                      \x1b[2m\u2502   \u2502   \u2502   \x1b[0m\x1b[33mb'content-type'\x1b[0m,                                            \x1b[33m\u2502\x1b[0m \x1b[31m\u2502\x1b[0m\n\x1b[31m\u2502\x1b[0m \x1b[33m\u2502\x1b[0m                      \x1b[2m\u2502   \u2502   \u2502   \x1b[0m\x1b[33mb'multipart/form-data; \x1b[0m                                     \x1b[33m\u2502\x1b[0m \x1b[31m\u2502\x1b[0m\n\x1b[31m\u2502\x1b[0m \x1b[33m\u2502\x1b[0m                      \x1b[33mboundary\x1b[0m\x1b[33m=\x1b[0m\x1b[33m0dbbeb47f7753326ffe6a6a5e7eed486\x1b[0m\x1b[33m'\x1b[0m                              \x1b[33m\u2502\x1b[0m \x1b[31m\u2502\x1b[0m\n\x1b[31m\u2502\x1b[0m \x1b[33m\u2502\x1b[0m                      \x1b[2m\u2502   \u2502   \x1b[0m\x1b[1m)\x1b[0m                                                               \x1b[33m\u2502\x1b[0m \x1b[31m\u2502\x1b[0m\n\x1b[31m\u2502\x1b[0m \x1b[33m\u2502\x1b[0m                      \x1b[2m\u2502   \x1b[0m\x1b[1m]\x1b[0m,                                                                  \x1b[33m\u2502\x1b[0m \x1b[31m\u2502\x1b[0m\n\x1b[31m\u2502\x1b[0m \x1b[33m\u2502\x1b[0m                      \x1b[2m\u2502   \x1b[0m\x1b[33m'scheme'\x1b[0m: \x1b[33m'http'\x1b[0m,                                                   \x1b[33m\u2502\x1b[0m \x1b[31m\u2502\x1b[0m\n\x1b[31m\u2502\x1b[0m \x1b[33m\u2502\x1b[0m                      \x1b[2m\u2502   \x1b[0m\x1b[33m'path'\x1b[0m: \x1b[33m'/api/v1/documents/upload'\x1b[0m,                                 \x1b[33m\u2502\x1b[0m \x1b[31m\u2502\x1b[0m\n\x1b[31m\u2502\x1b[0m \x1b[33m\u2502\x1b[0m                      \x1b[2m\u2502   \x1b[0m\x1b[33m'raw_path'\x1b[0m: \x1b[33mb'/api/v1/documents/upload'\x1b[0m,                            \x1b[33m\u2502\x1b[0m \x1b[31m\u2502\x1b[0m\n\x1b[31m\u2502\x1b[0m \x1b[33m\u2502\x1b[0m                      \x1b[2m\u2502   \x1b[0m\x1b[33m'query_string'\x1b[0m: \x1b[33mb''\x1b[0m,                                                \x1b[33m\u2502\x1b[0m \x1b[31m\u2502\x1b[0m\n\x1b[31m\u2502\x1b[0m \x1b[33m\u2502\x1b[0m                      \x1b[2m\u2502   \x1b[0m\x1b[33m'server'\x1b[0m: \x1b[1m(\x1b[0m\x1b[33m'test'\x1b[0m, \x1b[94mNone\x1b[0m\x1b[1m)\x1b[0m,                                           \x1b[33m\u2502\x1b[0m \x1b[31m\u2502\x1b[0m\n\x1b[31m\u2502\x1b[0m \x1b[33m\u2502\x1b[0m                      \x1b[2m\u2502   \x1b[0m\x1b[33m...\x1b[0m +\x1b[94m10\x1b[0m                                                             \x1b[33m\u2502\x1b[0m \x1b[31m\u2502\x1b[0m\n\x1b[31m\u2502\x1b[0m \x1b[33m\u2502\x1b[0m                      \x1b[1m}\x1b[0m                                                                       \x1b[33m\u2502\x1b[0m \x1b[31m\u2502\x1b[0m\n\x1b[31m\u2502\x1b[0m \x1b[33m\u2502\x1b[0m    status_handlers = \x1b[1m{\x1b[0m\x1b[1m}\x1b[0m                                                                      \x1b[33m\u2502\x1b[0m \x1b[31m\u2502\x1b[0m\n\x1b[31m\u2502\x1b[0m \x1b[33m\u2514\u2500\u2500\u2500\u2500\u2500\u2500\u2500\u2500\u2500\u2500\u2500\u2500\u2500\u2500\u2500\u2500\u2500\u2500\u2500\u2500\u2500\u2500\u2500\u2500\u2500\u2500\u2500\u2500\u2500\u2500\u2500\u2500\u2500\u2500\u2500\u2500\u2500\u2500\u2500\u2500\u2500\u2500\u2500\u2500\u2500\u2500\u2500\u2500\u2500\u2500\u2500\u2500\u2500\u2500\u2500\u2500\u2500\u2500\u2500\u2500\u2500\u2500\u2500\u2500\u2500\u2500\u2500\u2500\u2500\u2500\u2500\u2500\u2500\u2500\u2500\u2500\u2500\u2500\u2500\u2500\u2500\u2500\u2500\u2500\u2500\u2500\u2500\u2500\u2500\u2500\u2500\u2500\u2500\u2500\u2518\x1b[0m \x1b[31m\u2502\x1b[0m\n\x1b[31m\u2502\x1b[0m                                                                                                  \x1b[31m\u2502\x1b[0m\n\x1b[31m\u2502\x1b[0m \x1b[33mC:\\Users\\realj\\AppData\\Local\\Programs\\Python\\Python312\\Lib\\site-packages\\starlette\\_exception_ha\x1b[0m \x1b[31m\u2502\x1b[0m\n\x1b[31m\u2502\x1b[0m \x1b[33mndler.py\x1b[0m:\x1b[94m53\x1b[0m in \x1b[92mwrapped_app\x1b[0m                                                                       \x1b[31m\u2502\x1b[0m\n\x1b[31m\u2502\x1b[0m                                                                                                  \x1b[31m\u2502\x1b[0m\n\x1b[31m\u2502\x1b[0m   \x1b[2m50 \x1b[0m\x1b[2m\u2502   \u2502   \u2502   \x1b[0m\x1b[94mawait\x1b[0m send(message)                                                             \x1b[31m\u2502\x1b[0m\n\x1b[31m\u2502\x1b[0m   \x1b[2m51 \x1b[0m\x1b[2m\u2502   \u2502   \x1b[0m                                                                                    \x1b[31m\u2502\x1b[0m\n\x1b[31m\u2502\x1b[0m   \x1b[2m52 \x1b[0m\x1b[2m\u2502   \u2502   \x1b[0m\x1b[94mtry\x1b[0m:                                                                                \x1b[31m\u2502\x1b[0m\n\x1b[31m\u2502\x1b[0m \x1b[31m> \x1b[0m53 \x1b[2m\u2502   \u2502   \u2502   \x1b[0m\x1b[94mawait\x1b[0m app(scope, receive, sender)                                               \x1b[31m\u2502\x1b[0m\n\x1b[31m\u2502\x1b[0m   \x1b[2m54 \x1b[0m\x1b[2m\u2502   \u2502   \x1b[0m\x1b[94mexcept\x1b[0m \x1b[96mException\x1b[0m \x1b[94mas\x1b[0m exc:                                                            \x1b[31m\u2502\x1b[0m\n\x1b[31m\u2502\x1b[0m   \x1b[2m55 \x1b[0m\x1b[2m\u2502   \u2502   \u2502   \x1b[0mhandler = \x1b[94mNone\x1b[0m                                                                  \x1b[31m\u2502\x1b[0m\n\x1b[31m\u2502\x1b[0m   \x1b[2m56 \x1b[0m                                                                                            \x1b[31m\u2502\x1b[0m\n\x1b[31m\u2502\x1b[0m                                                                                                  \x1b[31m\u2502\x1b[0m\n\x1b[31m\u2502\x1b[0m \x1b[33m\u250c\u2500\x1b[0m\x1b[33m\u2500\u2500\u2500\u2500\u2500\u2500\u2500\u2500\u2500\u2500\u2500\u2500\u2500\u2500\u2500\u2500\u2500\u2500\u2500\u2500\u2500\u2500\u2500\u2500\u2500\u2500\u2500\u2500\u2500\u2500\u2500\u2500\u2500\u2500\u2500\u2500\u2500\u2500\u2500\u2500\u2500\u2500\x1b[0m\x1b[33m locals \x1b[0m\x1b[33m\u2500\u2500\u2500\u2500\u2500\u2500\u2500\u2500\u2500\u2500\u2500\u2500\u2500\u2500\u2500\u2500\u2500\u2500\u2500\u2500\u2500\u2500\u2500\u2500\u2500\u2500\u2500\u2500\u2500\u2500\u2500\u2500\u2500\u2500\u2500\u2500\u2500\u2500\u2500\u2500\u2500\u2500\x1b[0m\x1b[33m\u2500\u2510\x1b[0m \x1b[31m\u2502\x1b[0m\n\x1b[31m\u2502\x1b[0m \x1b[33m\u2502\x1b[0m               conn = \x1b[1m<\x1b[0m\x1b[1;95mstarlette.requests.Request\x1b[0m\x1b[39m object at \x1b[0m\x1b[94m0x00000208CF749D30\x1b[0m\x1b[1m>\x1b[0m               \x1b[33m\u2502\x1b[0m \x1b[31m\u2502\x1b[0m\n\x1b[31m\u2502\x1b[0m \x1b[33m\u2502\x1b[0m exception_handlers = \x1b[1m{\x1b[0m                                                                       \x1b[33m\u2502\x1b[0m \x1b[31m\u2502\x1b[0m\n\x1b[31m\u2502\x1b[0m \x1b[33m\u2502\x1b[0m                      \x1b[2m\u2502   \x1b[0m\x1b[1m<\x1b[0m\x1b[1;95mclass\x1b[0m\x1b[39m \x1b[0m\x1b[33m'starlette.exceptions.HTTPException'\x1b[0m\x1b[39m>: <function \x1b[0m            \x1b[33m\u2502\x1b[0m \x1b[31m\u2502\x1b[0m\n\x1b[31m\u2502\x1b[0m \x1b[33m\u2502\x1b[0m                      \x1b[39mhttp_exception_handler at \x1b[0m\x1b[94m0x00000208B52CDDA0\x1b[0m\x1b[39m>,\x1b[0m                          \x1b[33m\u2502\x1b[0m \x1b[31m\u2502\x1b[0m\n\x1b[31m\u2502\x1b[0m \x1b[33m\u2502\x1b[0m                      \x1b[2;39m\u2502   \x1b[0m\x1b[39m<class \x1b[0m\x1b[33m'starlette.exceptions.WebSocketException'\x1b[0m\x1b[39m>: <bound method \x1b[0m   \x1b[33m\u2502\x1b[0m \x1b[31m\u2502\x1b[0m\n\x1b[31m\u2502\x1b[0m \x1b[33m\u2502\x1b[0m                      \x1b[39mExceptionMiddleware.websocket_exception of \x1b[0m                             \x1b[33m\u2502\x1b[0m \x1b[31m\u2502\x1b[0m\n\x1b[31m\u2502\x1b[0m \x1b[33m\u2502\x1b[0m                      \x1b[39m<starlette.middleware.exceptions.ExceptionMiddleware object at \x1b[0m         \x1b[33m\u2502\x1b[0m \x1b[31m\u2502\x1b[0m\n\x1b[31m\u2502\x1b[0m \x1b[33m\u2502\x1b[0m                      \x1b[94m0x00000208CF748CE0\x1b[0m\x1b[39m>>,\x1b[0m                                                   \x1b[33m\u2502\x1b[0m \x1b[31m\u2502\x1b[0m\n\x1b[31m\u2502\x1b[0m \x1b[33m\u2502\x1b[0m                      \x1b[2;39m\u2502   \x1b[0m\x1b[39m<class \x1b[0m\x1b[33m'fastapi.exceptions.RequestValidationError'\x1b[0m\x1b[39m>: <function \x1b[0m     \x1b[33m\u2502\x1b[0m \x1b[31m\u2502\x1b[0m\n\x1b[31m\u2502\x1b[0m \x1b[33m\u2502\x1b[0m                      \x1b[39mrequest_validation_exception_handler at \x1b[0m\x1b[94m0x00000208B52CDF80\x1b[0m\x1b[39m>,\x1b[0m            \x1b[33m\u2502\x1b[0m \x1b[31m\u2502\x1b[0m\n\x1b[31m\u2502\x1b[0m \x1b[33m\u2502\x1b[0m                      \x1b[2;39m\u2502   \x1b[0m\x1b[39m<class \x1b[0m\x1b[33m'fastapi.exceptions.WebSocketRequestValidationError'\x1b[0m\x1b[39m>: \x1b[0m      \x1b[33m\u2502\x1b[0m \x1b[31m\u2502\x1b[0m\n\x1b[31m\u2502\x1b[0m \x1b[33m\u2502\x1b[0m                      \x1b[39m<function websocket_request_validation_exception_handler at \x1b[0m            \x1b[33m\u2502\x1b[0m \x1b[31m\u2502\x1b[0m\n\x1b[31m\u2502\x1b[0m \x1b[33m\u2502\x1b[0m                      \x1b[94m0x00000208B52CDEE0\x1b[0m\x1b[1m>\x1b[0m                                                     \x1b[33m\u2502\x1b[0m \x1b[31m\u2502\x1b[0m\n\x1b[31m\u2502\x1b[0m \x1b[33m\u2502\x1b[0m                      \x1b[1m}\x1b[0m                                                                       \x1b[33m\u2502\x1b[0m \x1b[31m\u2502\x1b[0m\n\x1b[31m\u2502\x1b[0m \x1b[33m\u2502\x1b[0m            handler = \x1b[94mNone\x1b[0m                                                                    \x1b[33m\u2502\x1b[0m \x1b[31m\u2502\x1b[0m\n\x1b[31m\u2502\x1b[0m \x1b[33m\u2502\x1b[0m   response_started = \x1b[94mFalse\x1b[0m                                                                   \x1b[33m\u2502\x1b[0m \x1b[31m\u2502\x1b[0m\n\x1b[31m\u2502\x1b[0m \x1b[33m\u2502\x1b[0m              scope = \x1b[1m{\x1b[0m                                                                       \x1b[33m\u2502\x1b[0m \x1b[31m\u2502\x1b[0m\n\x1b[31m\u2502\x1b[0m \x1b[33m\u2502\x1b[0m                      \x1b[2m\u2502   \x1b[0m\x1b[33m'type'\x1b[0m: \x1b[33m'http'\x1b[0m,                                                     \x1b[33m\u2502\x1b[0m \x1b[31m\u2502\x1b[0m\n\x1b[31m\u2502\x1b[0m \x1b[33m\u2502\x1b[0m                      \x1b[2m\u2502   \x1b[0m\x1b[33m'asgi'\x1b[0m: \x1b[1m{\x1b[0m\x1b[33m'version'\x1b[0m: \x1b[33m'3.0'\x1b[0m\x1b[1m}\x1b[0m,                                         \x1b[33m\u2502\x1b[0m \x1b[31m\u2502\x1b[0m\n\x1b[31m\u2502\x1b[0m \x1b[33m\u2502\x1b[0m                      \x1b[2m\u2502   \x1b[0m\x1b[33m'http_version'\x1b[0m: \x1b[33m'1.1'\x1b[0m,                                              \x1b[33m\u2502\x1b[0m \x1b[31m\u2502\x1b[0m\n\x1b[31m\u2502\x1b[0m \x1b[33m\u2502\x1b[0m                      \x1b[2m\u2502   \x1b[0m\x1b[33m'method'\x1b[0m: \x1b[33m'POST'\x1b[0m,                                                   \x1b[33m\u2502\x1b[0m \x1b[31m\u2502\x1b[0m\n\x1b[31m\u2502\x1b[0m \x1b[33m\u2502\x1b[0m                      \x1b[2m\u2502   \x1b[0m\x1b[33m'headers'\x1b[0m: \x1b[1m[\x1b[0m                                                        \x1b[33m\u2502\x1b[0m \x1b[31m\u2502\x1b[0m\n\x1b[31m\u2502\x1b[0m \x1b[33m\u2502\x1b[0m                      \x1b[2m\u2502   \u2502   \x1b[0m\x1b[1m(\x1b[0m\x1b[33mb'host'\x1b[0m, \x1b[33mb'test'\x1b[0m\x1b[1m)\x1b[0m,                                             \x1b[33m\u2502\x1b[0m \x1b[31m\u2502\x1b[0m\n\x1b[31m\u2502\x1b[0m \x1b[33m\u2502\x1b[0m                      \x1b[2m\u2502   \u2502   \x1b[0m\x1b[1m(\x1b[0m\x1b[33mb'accept'\x1b[0m, \x1b[33mb'*/*'\x1b[0m\x1b[1m)\x1b[0m,                                            \x1b[33m\u2502\x1b[0m \x1b[31m\u2502\x1b[0m\n\x1b[31m\u2502\x1b[0m \x1b[33m\u2502\x1b[0m                      \x1b[2m\u2502   \u2502   \x1b[0m\x1b[1m(\x1b[0m\x1b[33mb'accept-encoding'\x1b[0m, \x1b[33mb'gzip, deflate'\x1b[0m\x1b[1m)\x1b[0m,                         \x1b[33m\u2502\x1b[0m \x1b[31m\u2502\x1b[0m\n\x1b[31m\u2502\x1b[0m \x1b[33m\u2502\x1b[0m                      \x1b[2m\u2502   \u2502   \x1b[0m\x1b[1m(\x1b[0m\x1b[33mb'connection'\x1b[0m, \x1b[33mb'keep-alive'\x1b[0m\x1b[1m)\x1b[0m,                                 \x1b[33m\u2502\x1b[0m \x1b[31m\u2502\x1b[0m\n\x1b[31m\u2502\x1b[0m \x1b[33m\u2502\x1b[0m                      \x1b[2m\u2502   \u2502   \x1b[0m\x1b[1m(\x1b[0m\x1b[33mb'user-agent'\x1b[0m, \x1b[33mb'python-httpx/0.26.0'\x1b[0m\x1b[1m)\x1b[0m,                        \x1b[33m\u2502\x1b[0m \x1b[31m\u2502\x1b[0m\n\x1b[31m\u2502\x1b[0m \x1b[33m\u2502\x1b[0m                      \x1b[2m\u2502   \u2502   \x1b[0m\x1b[1m(\x1b[0m\x1b[33mb'authorization'\x1b[0m, \x1b[33mb'Bearer di_testkey123'\x1b[0m\x1b[1m)\x1b[0m,                    \x1b[33m\u2502\x1b[0m \x1b[31m\u2502\x1b[0m\n\x1b[31m\u2502\x1b[0m \x1b[33m\u2502\x1b[0m                      \x1b[2m\u2502   \u2502   \x1b[0m\x1b[1m(\x1b[0m\x1b[33mb'content-length'\x1b[0m, \x1b[33mb'201'\x1b[0m\x1b[1m)\x1b[0m,                                    \x1b[33m\u2502\x1b[0m \x1b[31m\u2502\x1b[0m\n\x1b[31m\u2502\x1b[0m \x1b[33m\u2502\x1b[0m                      \x1b[2m\u2502   \u2502   \x1b[0m\x1b[1m(\x1b[0m                                                               \x1b[33m\u2502\x1b[0m \x1b[31m\u2502\x1b[0m\n\x1b[31m\u2502\x1b[0m \x1b[33m\u2502\x1b[0m                      \x1b[2m\u2502   \u2502   \u2502   \x1b[0m\x1b[33mb'content-type'\x1b[0m,                                            \x1b[33m\u2502\x1b[0m \x1b[31m\u2502\x1b[0m\n\x1b[31m\u2502\x1b[0m \x1b[33m\u2502\x1b[0m                      \x1b[2m\u2502   \u2502   \u2502   \x1b[0m\x1b[33mb'multipart/form-data; \x1b[0m                                     \x1b[33m\u2502\x1b[0m \x1b[31m\u2502\x1b[0m\n\x1b[31m\u2502\x1b[0m \x1b[33m\u2502\x1b[0m                      \x1b[33mboundary\x1b[0m\x1b[33m=\x1b[0m\x1b[33m0dbbeb47f7753326ffe6a6a5e7eed486\x1b[0m\x1b[33m'\x1b[0m                              \x1b[33m\u2502\x1b[0m \x1b[31m\u2502\x1b[0m\n\x1b[31m\u2502\x1b[0m \x1b[33m\u2502\x1b[0m                      \x1b[2m\u2502   \u2502   \x1b[0m\x1b[1m)\x1b[0m                                                               \x1b[33m\u2502\x1b[0m \x1b[31m\u2502\x1b[0m\n\x1b[31m\u2502\x1b[0m \x1b[33m\u2502\x1b[0m                      \x1b[2m\u2502   \x1b[0m\x1b[1m]\x1b[0m,                                                                  \x1b[33m\u2502\x1b[0m \x1b[31m\u2502\x1b[0m\n\x1b[31m\u2502\x1b[0m \x1b[33m\u2502\x1b[0m                      \x1b[2m\u2502   \x1b[0m\x1b[33m'scheme'\x1b[0m: \x1b[33m'http'\x1b[0m,                                                   \x1b[33m\u2502\x1b[0m \x1b[31m\u2502\x1b[0m\n\x1b[31m\u2502\x1b[0m \x1b[33m\u2502\x1b[0m                      \x1b[2m\u2502   \x1b[0m\x1b[33m'path'\x1b[0m: \x1b[33m'/api/v1/documents/upload'\x1b[0m,                                 \x1b[33m\u2502\x1b[0m \x1b[31m\u2502\x1b[0m\n\x1b[31m\u2502\x1b[0m \x1b[33m\u2502\x1b[0m                      \x1b[2m\u2502   \x1b[0m\x1b[33m'raw_path'\x1b[0m: \x1b[33mb'/api/v1/documents/upload'\x1b[0m,                            \x1b[33m\u2502\x1b[0m \x1b[31m\u2502\x1b[0m\n\x1b[31m\u2502\x1b[0m \x1b[33m\u2502\x1b[0m                      \x1b[2m\u2502   \x1b[0m\x1b[33m'query_string'\x1b[0m: \x1b[33mb''\x1b[0m,                                                \x1b[33m\u2502\x1b[0m \x1b[31m\u2502\x1b[0m\n\x1b[31m\u2502\x1b[0m \x1b[33m\u2502\x1b[0m                      \x1b[2m\u2502   \x1b[0m\x1b[33m'server'\x1b[0m: \x1b[1m(\x1b[0m\x1b[33m'test'\x1b[0m, \x1b[94mNone\x1b[0m\x1b[1m)\x1b[0m,                                           \x1b[33m\u2502\x1b[0m \x1b[31m\u2502\x1b[0m\n\x1b[31m\u2502\x1b[0m \x1b[33m\u2502\x1b[0m                      \x1b[2m\u2502   \x1b[0m\x1b[33m...\x1b[0m +\x1b[94m10\x1b[0m                                                             \x1b[33m\u2502\x1b[0m \x1b[31m\u2502\x1b[0m\n\x1b[31m\u2502\x1b[0m \x1b[33m\u2502\x1b[0m                      \x1b[1m}\x1b[0m                                                                       \x1b[33m\u2502\x1b[0m \x1b[31m\u2502\x1b[0m\n\x1b[31m\u2502\x1b[0m \x1b[33m\u2502\x1b[0m    status_handlers = \x1b[1m{\x1b[0m\x1b[1m}\x1b[0m                                                                      \x1b[33m\u2502\x1b[0m \x1b[31m\u2502\x1b[0m\n\x1b[31m\u2502\x1b[0m \x1b[33m\u2514\u2500\u2500\u2500\u2500\u2500\u2500\u2500\u2500\u2500\u2500\u2500\u2500\u2500\u2500\u2500\u2500\u2500\u2500\u2500\u2500\u2500\u2500\u2500\u2500\u2500\u2500\u2500\u2500\u2500\u2500\u2500\u2500\u2500\u2500\u2500\u2500\u2500\u2500\u2500\u2500\u2500\u2500\u2500\u2500\u2500\u2500\u2500\u2500\u2500\u2500\u2500\u2500\u2500\u2500\u2500\u2500\u2500\u2500\u2500\u2500\u2500\u2500\u2500\u2500\u2500\u2500\u2500\u2500\u2500\u2500\u2500\u2500\u2500\u2500\u2500\u2500\u2500\u2500\u2500\u2500\u2500\u2500\u2500\u2500\u2500\u2500\u2500\u2500\u2500\u2500\u2500\u2500\u2500\u2500\u2518\x1b[0m \x1b[31m\u2502\x1b[0m\n\x1b[31m\u2502\x1b[0m                                                                                                  \x1b[31m\u2502\x1b[0m\n\x1b[31m\u2502\x1b[0m \x1b[33mC:\\Users\\realj\\AppData\\Local\\Programs\\Python\\Python312\\Lib\\site-packages\\starlette\\routing.py\x1b[0m:\x1b[94m72\x1b[0m \x1b[31m\u2502\x1b[0m\n\x1b[31m\u2502\x1b[0m in \x1b[92mapp\x1b[0m                                                                                           \x1b[31m\u2502\x1b[0m\n\x1b[31m\u2502\x1b[0m                                                                                                  \x1b[31m\u2502\x1b[0m\n\x1b[31m\u2502\x1b[0m   \x1b[2m 69 \x1b[0m\x1b[2m\u2502   \u2502   \x1b[0m                                                                                   \x1b[31m\u2502\x1b[0m\n\x1b[31m\u2502\x1b[0m   \x1b[2m 70 \x1b[0m\x1b[2m\u2502   \u2502   \x1b[0m\x1b[94masync\x1b[0m \x1b[94mdef\x1b[0m\x1b[90m \x1b[0m\x1b[92mapp\x1b[0m(scope: Scope, receive: Receive, send: Send) -> \x1b[94mNone\x1b[0m:                 \x1b[31m\u2502\x1b[0m\n\x1b[31m\u2502\x1b[0m   \x1b[2m 71 \x1b[0m\x1b[2m\u2502   \u2502   \u2502   \x1b[0m\x1b[94mif\x1b[0m is_async_callable(func):                                                    \x1b[31m\u2502\x1b[0m\n\x1b[31m\u2502\x1b[0m \x1b[31m> \x1b[0m 72 \x1b[2m\u2502   \u2502   \u2502   \u2502   \x1b[0mresponse = \x1b[1;4;94mawait\x1b[0m\x1b[1;4m func(request)\x1b[0m                                             \x1b[31m\u2502\x1b[0m\n\x1b[31m\u2502\x1b[0m   \x1b[2m 73 \x1b[0m\x1b[2m\u2502   \u2502   \u2502   \x1b[0m\x1b[94melse\x1b[0m:                                                                          \x1b[31m\u2502\x1b[0m\n\x1b[31m\u2502\x1b[0m   \x1b[2m 74 \x1b[0m\x1b[2m\u2502   \u2502   \u2502   \u2502   \x1b[0mresponse = \x1b[94mawait\x1b[0m run_in_threadpool(func, request)                          \x1b[31m\u2502\x1b[0m\n\x1b[31m\u2502\x1b[0m   \x1b[2m 75 \x1b[0m\x1b[2m\u2502   \u2502   \u2502   \x1b[0m\x1b[94mawait\x1b[0m response(scope, receive, send)                                           \x1b[31m\u2502\x1b[0m\n\x1b[31m\u2502\x1b[0m                                                                                                  \x1b[31m\u2502\x1b[0m\n\x1b[31m\u2502\x1b[0m \x1b[33m\u250c\u2500\x1b[0m\x1b[33m\u2500\u2500\u2500\u2500\u2500\u2500\u2500\u2500\u2500\u2500\u2500\u2500\u2500\u2500\u2500\u2500\u2500\u2500\u2500\u2500\u2500\u2500\u2500\u2500\u2500\u2500\u2500\u2500\u2500\u2500\u2500\u2500\u2500\u2500\u2500\u2500\u2500\u2500\u2500\x1b[0m\x1b[33m locals \x1b[0m\x1b[33m\u2500\u2500\u2500\u2500\u2500\u2500\u2500\u2500\u2500\u2500\u2500\u2500\u2500\u2500\u2500\u2500\u2500\u2500\u2500\u2500\u2500\u2500\u2500\u2500\u2500\u2500\u2500\u2500\u2500\u2500\u2500\u2500\u2500\u2500\u2500\u2500\u2500\u2500\u2500\u2500\x1b[0m\x1b[33m\u2500\u2510\x1b[0m      \x1b[31m\u2502\x1b[0m\n\x1b[31m\u2502\x1b[0m \x1b[33m\u2502\x1b[0m request = \x1b[1m<\x1b[0m\x1b[1;95mstarlette.requests.Request\x1b[0m\x1b[39m object at \x1b[0m\x1b[94m0x00000208CF749D30\x1b[0m\x1b[1m>\x1b[0m                     \x1b[33m\u2502\x1b[0m      \x1b[31m\u2502\x1b[0m\n\x1b[31m\u2502\x1b[0m \x1b[33m\u2502\x1b[0m   scope = \x1b[1m{\x1b[0m                                                                             \x1b[33m\u2502\x1b[0m      \x1b[31m\u2502\x1b[0m\n\x1b[31m\u2502\x1b[0m \x1b[33m\u2502\x1b[0m           \x1b[2m\u2502   \x1b[0m\x1b[33m'type'\x1b[0m: \x1b[33m'http'\x1b[0m,                                                           \x1b[33m\u2502\x1b[0m      \x1b[31m\u2502\x1b[0m\n\x1b[31m\u2502\x1b[0m \x1b[33m\u2502\x1b[0m           \x1b[2m\u2502   \x1b[0m\x1b[33m'asgi'\x1b[0m: \x1b[1m{\x1b[0m\x1b[33m'version'\x1b[0m: \x1b[33m'3.0'\x1b[0m\x1b[1m}\x1b[0m,                                               \x1b[33m\u2502\x1b[0m      \x1b[31m\u2502\x1b[0m\n\x1b[31m\u2502\x1b[0m \x1b[33m\u2502\x1b[0m           \x1b[2m\u2502   \x1b[0m\x1b[33m'http_version'\x1b[0m: \x1b[33m'1.1'\x1b[0m,                                                    \x1b[33m\u2502\x1b[0m      \x1b[31m\u2502\x1b[0m\n\x1b[31m\u2502\x1b[0m \x1b[33m\u2502\x1b[0m           \x1b[2m\u2502   \x1b[0m\x1b[33m'method'\x1b[0m: \x1b[33m'POST'\x1b[0m,                                                         \x1b[33m\u2502\x1b[0m      \x1b[31m\u2502\x1b[0m\n\x1b[31m\u2502\x1b[0m \x1b[33m\u2502\x1b[0m           \x1b[2m\u2502   \x1b[0m\x1b[33m'headers'\x1b[0m: \x1b[1m[\x1b[0m                                                              \x1b[33m\u2502\x1b[0m      \x1b[31m\u2502\x1b[0m\n\x1b[31m\u2502\x1b[0m \x1b[33m\u2502\x1b[0m           \x1b[2m\u2502   \u2502   \x1b[0m\x1b[1m(\x1b[0m\x1b[33mb'host'\x1b[0m, \x1b[33mb'test'\x1b[0m\x1b[1m)\x1b[0m,                                                   \x1b[33m\u2502\x1b[0m      \x1b[31m\u2502\x1b[0m\n\x1b[31m\u2502\x1b[0m \x1b[33m\u2502\x1b[0m           \x1b[2m\u2502   \u2502   \x1b[0m\x1b[1m(\x1b[0m\x1b[33mb'accept'\x1b[0m, \x1b[33mb'*/*'\x1b[0m\x1b[1m)\x1b[0m,                                                  \x1b[33m\u2502\x1b[0m      \x1b[31m\u2502\x1b[0m\n\x1b[31m\u2502\x1b[0m \x1b[33m\u2502\x1b[0m           \x1b[2m\u2502   \u2502   \x1b[0m\x1b[1m(\x1b[0m\x1b[33mb'accept-encoding'\x1b[0m, \x1b[33mb'gzip, deflate'\x1b[0m\x1b[1m)\x1b[0m,                               \x1b[33m\u2502\x1b[0m      \x1b[31m\u2502\x1b[0m\n\x1b[31m\u2502\x1b[0m \x1b[33m\u2502\x1b[0m           \x1b[2m\u2502   \u2502   \x1b[0m\x1b[1m(\x1b[0m\x1b[33mb'connection'\x1b[0m, \x1b[33mb'keep-alive'\x1b[0m\x1b[1m)\x1b[0m,                                       \x1b[33m\u2502\x1b[0m      \x1b[31m\u2502\x1b[0m\n\x1b[31m\u2502\x1b[0m \x1b[33m\u2502\x1b[0m           \x1b[2m\u2502   \u2502   \x1b[0m\x1b[1m(\x1b[0m\x1b[33mb'user-agent'\x1b[0m, \x1b[33mb'python-httpx/0.26.0'\x1b[0m\x1b[1m)\x1b[0m,                              \x1b[33m\u2502\x1b[0m      \x1b[31m\u2502\x1b[0m\n\x1b[31m\u2502\x1b[0m \x1b[33m\u2502\x1b[0m           \x1b[2m\u2502   \u2502   \x1b[0m\x1b[1m(\x1b[0m\x1b[33mb'authorization'\x1b[0m, \x1b[33mb'Bearer di_testkey123'\x1b[0m\x1b[1m)\x1b[0m,                          \x1b[33m\u2502\x1b[0m      \x1b[31m\u2502\x1b[0m\n\x1b[31m\u2502\x1b[0m \x1b[33m\u2502\x1b[0m           \x1b[2m\u2502   \u2502   \x1b[0m\x1b[1m(\x1b[0m\x1b[33mb'content-length'\x1b[0m, \x1b[33mb'201'\x1b[0m\x1b[1m)\x1b[0m,                                          \x1b[33m\u2502\x1b[0m      \x1b[31m\u2502\x1b[0m\n\x1b[31m\u2502\x1b[0m \x1b[33m\u2502\x1b[0m           \x1b[2m\u2502   \u2502   \x1b[0m\x1b[1m(\x1b[0m                                                                     \x1b[33m\u2502\x1b[0m      \x1b[31m\u2502\x1b[0m\n\x1b[31m\u2502\x1b[0m \x1b[33m\u2502\x1b[0m           \x1b[2m\u2502   \u2502   \u2502   \x1b[0m\x1b[33mb'content-type'\x1b[0m,                                                  \x1b[33m\u2502\x1b[0m      \x1b[31m\u2502\x1b[0m\n\x1b[31m\u2502\x1b[0m \x1b[33m\u2502\x1b[0m           \x1b[2m\u2502   \u2502   \u2502   \x1b[0m\x1b[33mb'multipart/form-data; \x1b[0m\x1b[33mboundary\x1b[0m\x1b[33m=\x1b[0m\x1b[33m0dbbeb47f7753326ffe6a6a5e7eed486\x1b[0m\x1b[33m'\x1b[0m \x1b[33m\u2502\x1b[0m      \x1b[31m\u2502\x1b[0m\n\x1b[31m\u2502\x1b[0m \x1b[33m\u2502\x1b[0m           \x1b[2m\u2502   \u2502   \x1b[0m\x1b[1m)\x1b[0m                                                                     \x1b[33m\u2502\x1b[0m      \x1b[31m\u2502\x1b[0m\n\x1b[31m\u2502\x1b[0m \x1b[33m\u2502\x1b[0m           \x1b[2m\u2502   \x1b[0m\x1b[1m]\x1b[0m,                                                                        \x1b[33m\u2502\x1b[0m      \x1b[31m\u2502\x1b[0m\n\x1b[31m\u2502\x1b[0m \x1b[33m\u2502\x1b[0m           \x1b[2m\u2502   \x1b[0m\x1b[33m'scheme'\x1b[0m: \x1b[33m'http'\x1b[0m,                                                         \x1b[33m\u2502\x1b[0m      \x1b[31m\u2502\x1b[0m\n\x1b[31m\u2502\x1b[0m \x1b[33m\u2502\x1b[0m           \x1b[2m\u2502   \x1b[0m\x1b[33m'path'\x1b[0m: \x1b[33m'/api/v1/documents/upload'\x1b[0m,                                       \x1b[33m\u2502\x1b[0m      \x1b[31m\u2502\x1b[0m\n\x1b[31m\u2502\x1b[0m \x1b[33m\u2502\x1b[0m           \x1b[2m\u2502   \x1b[0m\x1b[33m'raw_path'\x1b[0m: \x1b[33mb'/api/v1/documents/upload'\x1b[0m,                                  \x1b[33m\u2502\x1b[0m      \x1b[31m\u2502\x1b[0m\n\x1b[31m\u2502\x1b[0m \x1b[33m\u2502\x1b[0m           \x1b[2m\u2502   \x1b[0m\x1b[33m'query_string'\x1b[0m: \x1b[33mb''\x1b[0m,                                                      \x1b[33m\u2502\x1b[0m      \x1b[31m\u2502\x1b[0m\n\x1b[31m\u2502\x1b[0m \x1b[33m\u2502\x1b[0m           \x1b[2m\u2502   \x1b[0m\x1b[33m'server'\x1b[0m: \x1b[1m(\x1b[0m\x1b[33m'test'\x1b[0m, \x1b[94mNone\x1b[0m\x1b[1m)\x1b[0m,                                                 \x1b[33m\u2502\x1b[0m      \x1b[31m\u2502\x1b[0m\n\x1b[31m\u2502\x1b[0m \x1b[33m\u2502\x1b[0m           \x1b[2m\u2502   \x1b[0m\x1b[33m...\x1b[0m +\x1b[94m10\x1b[0m                                                                   \x1b[33m\u2502\x1b[0m      \x1b[31m\u2502\x1b[0m\n\x1b[31m\u2502\x1b[0m \x1b[33m\u2502\x1b[0m           \x1b[1m}\x1b[0m                                                                             \x1b[33m\u2502\x1b[0m      \x1b[31m\u2502\x1b[0m\n\x1b[31m\u2502\x1b[0m \x1b[33m\u2514\u2500\u2500\u2500\u2500\u2500\u2500\u2500\u2500\u2500\u2500\u2500\u2500\u2500\u2500\u2500\u2500\u2500\u2500\u2500\u2500\u2500\u2500\u2500\u2500\u2500\u2500\u2500\u2500\u2500\u2500\u2500\u2500\u2500\u2500\u2500\u2500\u2500\u2500\u2500\u2500\u2500\u2500\u2500\u2500\u2500\u2500\u2500\u2500\u2500\u2500\u2500\u2500\u2500\u2500\u2500\u2500\u2500\u2500\u2500\u2500\u2500\u2500\u2500\u2500\u2500\u2500\u2500\u2500\u2500\u2500\u2500\u2500\u2500\u2500\u2500\u2500\u2500\u2500\u2500\u2500\u2500\u2500\u2500\u2500\u2500\u2500\u2500\u2500\u2500\u2518\x1b[0m      \x1b[31m\u2502\x1b[0m\n\x1b[31m\u2502\x1b[0m                                                                                                  \x1b[31m\u2502\x1b[0m\n\x1b[31m\u2502\x1b[0m \x1b[33mC:\\Users\\realj\\AppData\\Local\\Programs\\Python\\Python312\\Lib\\site-packages\\fastapi\\routing.py\x1b[0m:\x1b[94m285\x1b[0m  \x1b[31m\u2502\x1b[0m\n\x1b[31m\u2502\x1b[0m in \x1b[92mapp\x1b[0m                                                                                           \x1b[31m\u2502\x1b[0m\n\x1b[31m\u2502\x1b[0m                                                                                                  \x1b[31m\u2502\x1b[0m\n\x1b[31m\u2502\x1b[0m   \x1b[2m 282 \x1b[0m\x1b[2m\u2502   \u2502   \u2502   \u2502   \x1b[0mvalues, errors, background_tasks, sub_response, _ = solved_result         \x1b[31m\u2502\x1b[0m\n\x1b[31m\u2502\x1b[0m   \x1b[2m 283 \x1b[0m\x1b[2m\u2502   \u2502   \u2502   \x1b[0m\x1b[94mexcept\x1b[0m \x1b[96mException\x1b[0m \x1b[94mas\x1b[0m e:                                                        \x1b[31m\u2502\x1b[0m\n\x1b[31m\u2502\x1b[0m   \x1b[2m 284 \x1b[0m\x1b[2m\u2502   \u2502   \u2502   \u2502   \x1b[0mexception_to_reraise = e                                                  \x1b[31m\u2502\x1b[0m\n\x1b[31m\u2502\x1b[0m \x1b[31m> \x1b[0m 285 \x1b[2m\u2502   \u2502   \u2502   \u2502   \x1b[0m\x1b[1;4;94mraise\x1b[0m\x1b[1;4m e\x1b[0m                                                                   \x1b[31m\u2502\x1b[0m\n\x1b[31m\u2502\x1b[0m   \x1b[2m 286 \x1b[0m\x1b[2m\u2502   \u2502   \u2502   \x1b[0m\x1b[94mif\x1b[0m errors:                                                                    \x1b[31m\u2502\x1b[0m\n\x1b[31m\u2502\x1b[0m   \x1b[2m 287 \x1b[0m\x1b[2m\u2502   \u2502   \u2502   \u2502   \x1b[0mvalidation_error = RequestValidationError(                                \x1b[31m\u2502\x1b[0m\n\x1b[31m\u2502\x1b[0m   \x1b[2m 288 \x1b[0m\x1b[2m\u2502   \u2502   \u2502   \u2502   \u2502   \x1b[0m_normalize_errors(errors), body=body                                  \x1b[31m\u2502\x1b[0m\n\x1b[31m\u2502\x1b[0m                                                                                                  \x1b[31m\u2502\x1b[0m\n\x1b[31m\u2502\x1b[0m \x1b[33m\u250c\u2500\x1b[0m\x1b[33m\u2500\u2500\u2500\u2500\u2500\u2500\u2500\u2500\u2500\u2500\u2500\u2500\u2500\u2500\u2500\u2500\u2500\u2500\u2500\u2500\u2500\u2500\u2500\u2500\u2500\u2500\u2500\u2500\u2500\u2500\u2500\u2500\u2500\u2500\u2500\u2500\u2500\u2500\u2500\u2500\u2500\u2500\x1b[0m\x1b[33m locals \x1b[0m\x1b[33m\u2500\u2500\u2500\u2500\u2500\u2500\u2500\u2500\u2500\u2500\u2500\u2500\u2500\u2500\u2500\u2500\u2500\u2500\u2500\u2500\u2500\u2500\u2500\u2500\u2500\u2500\u2500\u2500\u2500\u2500\u2500\u2500\u2500\u2500\u2500\u2500\u2500\u2500\u2500\u2500\u2500\u2500\x1b[0m\x1b[33m\u2500\u2510\x1b[0m \x1b[31m\u2502\x1b[0m\n\x1b[31m\u2502\x1b[0m \x1b[33m\u2502\x1b[0m                async_exit_stack = \x1b[1m<\x1b[0m\x1b[1;95mcontextlib.AsyncExitStack\x1b[0m\x1b[39m object at \x1b[0m\x1b[94m0x00000208CF749E20\x1b[0m\x1b[1m>\x1b[0m   \x1b[33m\u2502\x1b[0m \x1b[31m\u2502\x1b[0m\n\x1b[31m\u2502\x1b[0m \x1b[33m\u2502\x1b[0m                            body = \x1b[1;35mFormData\x1b[0m\x1b[1m(\x1b[0m\x1b[1m[\x1b[0m\x1b[1m(\x1b[0m\x1b[33m'file'\x1b[0m, \x1b[1;35mUploadFile\x1b[0m\x1b[1m(\x1b[0m\x1b[33mfilename\x1b[0m=\x1b[33m'test.pdf'\x1b[0m,         \x1b[33m\u2502\x1b[0m \x1b[31m\u2502\x1b[0m\n\x1b[31m\u2502\x1b[0m \x1b[33m\u2502\x1b[0m                                   \x1b[33msize\x1b[0m=\x1b[94m26\x1b[0m, \x1b[33mheaders\x1b[0m=\x1b[1;35mHeaders\x1b[0m\x1b[1m(\x1b[0m\x1b[1m{\x1b[0m\x1b[33m'content-disposition'\x1b[0m:           \x1b[33m\u2502\x1b[0m \x1b[31m\u2502\x1b[0m\n\x1b[31m\u2502\x1b[0m \x1b[33m\u2502\x1b[0m                                   \x1b[33m'form-data; \x1b[0m\x1b[33mname\x1b[0m\x1b[33m=\x1b[0m\x1b[33m"file"\x1b[0m\x1b[33m; \x1b[0m\x1b[33mfilename\x1b[0m\x1b[33m=\x1b[0m\x1b[33m"test\x1b[0m\x1b[33m.pdf"'\x1b[0m,             \x1b[33m\u2502\x1b[0m \x1b[31m\u2502\x1b[0m\n\x1b[31m\u2502\x1b[0m \x1b[33m\u2502\x1b[0m                                   \x1b[33m'content-type'\x1b[0m: \x1b[33m'application/pdf'\x1b[0m\x1b[1m}\x1b[0m\x1b[1m)\x1b[0m\x1b[1m)\x1b[0m\x1b[1m)\x1b[0m\x1b[1m]\x1b[0m\x1b[1m)\x1b[0m                    \x1b[33m\u2502\x1b[0m \x1b[31m\u2502\x1b[0m\n\x1b[31m\u2502\x1b[0m \x1b[33m\u2502\x1b[0m                      body_field = \x1b[1;35mModelField\x1b[0m\x1b[1m(\x1b[0m                                                \x1b[33m\u2502\x1b[0m \x1b[31m\u2502\x1b[0m\n\x1b[31m\u2502\x1b[0m \x1b[33m\u2502\x1b[0m                                   \x1b[2m\u2502   \x1b[0m\x1b[33mfield_info\x1b[0m=\x1b[1;35mFile\x1b[0m\x1b[1m(\x1b[0m                                       \x1b[33m\u2502\x1b[0m \x1b[31m\u2502\x1b[0m\n\x1b[31m\u2502\x1b[0m \x1b[33m\u2502\x1b[0m                                   \x1b[2m\u2502   \u2502   \x1b[0m                                                   \x1b[33m\u2502\x1b[0m \x1b[31m\u2502\x1b[0m\n\x1b[31m\u2502\x1b[0m \x1b[33m\u2502\x1b[0m                                   \x1b[33mannotation\x1b[0m=\x1b[35mBody_upload_document_api_v1_documents_upload_p\u2026\x1b[0m \x1b[33m\u2502\x1b[0m \x1b[31m\u2502\x1b[0m\n\x1b[31m\u2502\x1b[0m \x1b[33m\u2502\x1b[0m                                   \x1b[2m\u2502   \u2502   \x1b[0m\x1b[33mrequired\x1b[0m=\x1b[94mTrue\x1b[0m,                                     \x1b[33m\u2502\x1b[0m \x1b[31m\u2502\x1b[0m\n\x1b[31m\u2502\x1b[0m \x1b[33m\u2502\x1b[0m                                   \x1b[2m\u2502   \u2502   \x1b[0m\x1b[33malias\x1b[0m=\x1b[33m'body'\x1b[0m,                                      \x1b[33m\u2502\x1b[0m \x1b[31m\u2502\x1b[0m\n\x1b[31m\u2502\x1b[0m \x1b[33m\u2502\x1b[0m                                   \x1b[2m\u2502   \u2502   \x1b[0m\x1b[33malias_priority\x1b[0m=\x1b[94m2\x1b[0m,                                  \x1b[33m\u2502\x1b[0m \x1b[31m\u2502\x1b[0m\n\x1b[31m\u2502\x1b[0m \x1b[33m\u2502\x1b[0m                                   \x1b[2m\u2502   \u2502   \x1b[0m\x1b[33mjson_schema_extra\x1b[0m=\x1b[1m{\x1b[0m\x1b[1m}\x1b[0m                               \x1b[33m\u2502\x1b[0m \x1b[31m\u2502\x1b[0m\n\x1b[31m\u2502\x1b[0m \x1b[33m\u2502\x1b[0m                                   \x1b[2m\u2502   \x1b[0m\x1b[1m)\x1b[0m,                                                     \x1b[33m\u2502\x1b[0m \x1b[31m\u2502\x1b[0m\n\x1b[31m\u2502\x1b[0m \x1b[33m\u2502\x1b[0m                                   \x1b[2m\u2502   \x1b[0m\x1b[33mname\x1b[0m=\x1b[33m'body'\x1b[0m,                                           \x1b[33m\u2502\x1b[0m \x1b[31m\u2502\x1b[0m\n\x1b[31m\u2502\x1b[0m \x1b[33m\u2502\x1b[0m                                   \x1b[2m\u2502   \x1b[0m\x1b[33mmode\x1b[0m=\x1b[33m'validation'\x1b[0m                                      \x1b[33m\u2502\x1b[0m \x1b[31m\u2502\x1b[0m\n\x1b[31m\u2502\x1b[0m \x1b[33m\u2502\x1b[0m                                   \x1b[1m)\x1b[0m                                                          \x1b[33m\u2502\x1b[0m \x1b[31m\u2502\x1b[0m\n\x1b[31m\u2502\x1b[0m \x1b[33m\u2502\x1b[0m                       dependant = \x1b[1m<\x1b[0m\x1b[1;95mfastapi.dependencies.models.Dependant\x1b[0m\x1b[39m object at \x1b[0m          \x1b[33m\u2502\x1b[0m \x1b[31m\u2502\x1b[0m\n\x1b[31m\u2502\x1b[0m \x1b[33m\u2502\x1b[0m                                   \x1b[94m0x00000208CF6B5400\x1b[0m\x1b[1m>\x1b[0m                                        \x1b[33m\u2502\x1b[0m \x1b[31m\u2502\x1b[0m\n\x1b[31m\u2502\x1b[0m \x1b[33m\u2502\x1b[0m   dependency_overrides_provider = \x1b[1m<\x1b[0m\x1b[1;95mfastapi.applications.FastAPI\x1b[0m\x1b[39m object at \x1b[0m                   \x1b[33m\u2502\x1b[0m \x1b[31m\u2502\x1b[0m\n\x1b[31m\u2502\x1b[0m \x1b[33m\u2502\x1b[0m                                   \x1b[94m0x00000208CF683290\x1b[0m\x1b[1m>\x1b[0m                                        \x1b[33m\u2502\x1b[0m \x1b[31m\u2502\x1b[0m\n\x1b[31m\u2502\x1b[0m \x1b[33m\u2502\x1b[0m            exception_to_reraise = \x1b[1;35mRuntimeError\x1b[0m\x1b[1m(\x1b[0m\x1b[33m'Rate limiter not initialized'\x1b[0m\x1b[1m)\x1b[0m               \x1b[33m\u2502\x1b[0m \x1b[31m\u2502\x1b[0m\n\x1b[31m\u2502\x1b[0m \x1b[33m\u2502\x1b[0m                    is_body_form = \x1b[94mTrue\x1b[0m                                                       \x1b[33m\u2502\x1b[0m \x1b[31m\u2502\x1b[0m\n\x1b[31m\u2502\x1b[0m \x1b[33m\u2502\x1b[0m                    is_coroutine = \x1b[94mTrue\x1b[0m                                                       \x1b[33m\u2502\x1b[0m \x1b[31m\u2502\x1b[0m\n\x1b[31m\u2502\x1b[0m \x1b[33m\u2502\x1b[0m                         request = \x1b[1m<\x1b[0m\x1b[1;95mstarlette.requests.Request\x1b[0m\x1b[39m object at \x1b[0m\x1b[94m0x00000208CF749D30\x1b[0m\x1b[1m>\x1b[0m  \x1b[33m\u2502\x1b[0m \x1b[31m\u2502\x1b[0m\n\x1b[31m\u2502\x1b[0m \x1b[33m\u2502\x1b[0m                        response = \x1b[94mNone\x1b[0m                                                       \x1b[33m\u2502\x1b[0m \x1b[31m\u2502\x1b[0m\n\x1b[31m\u2502\x1b[0m \x1b[33m\u2502\x1b[0m                  response_field = \x1b[1;35mModelField\x1b[0m\x1b[1m(\x1b[0m                                                \x1b[33m\u2502\x1b[0m \x1b[31m\u2502\x1b[0m\n\x1b[31m\u2502\x1b[0m \x1b[33m\u2502\x1b[0m                                   \x1b[2m\u2502   \x1b[0m\x1b[33mfield_info\x1b[0m=\x1b[1;35mFieldInfo\x1b[0m\x1b[1m(\x1b[0m                                  \x1b[33m\u2502\x1b[0m \x1b[31m\u2502\x1b[0m\n\x1b[31m\u2502\x1b[0m \x1b[33m\u2502\x1b[0m                                   \x1b[2m\u2502   \u2502   \x1b[0m\x1b[33mannotation\x1b[0m=\x1b[35mDocumentUploadResponse\x1b[0m,                 \x1b[33m\u2502\x1b[0m \x1b[31m\u2502\x1b[0m\n\x1b[31m\u2502\x1b[0m \x1b[33m\u2502\x1b[0m                                   \x1b[2m\u2502   \u2502   \x1b[0m\x1b[33mrequired\x1b[0m=\x1b[94mTrue\x1b[0m                                      \x1b[33m\u2502\x1b[0m \x1b[31m\u2502\x1b[0m\n\x1b[31m\u2502\x1b[0m \x1b[33m\u2502\x1b[0m                                   \x1b[2m\u2502   \x1b[0m\x1b[1m)\x1b[0m,                                                     \x1b[33m\u2502\x1b[0m \x1b[31m\u2502\x1b[0m\n\x1b[31m\u2502\x1b[0m \x1b[33m\u2502\x1b[0m                                   \x1b[2m\u2502   \x1b[0m                                                       \x1b[33m\u2502\x1b[0m \x1b[31m\u2502\x1b[0m\n\x1b[31m\u2502\x1b[0m \x1b[33m\u2502\x1b[0m                                   \x1b[33mname\x1b[0m=\x1b[33m'Response_upload_document_api_v1_documents_upload_po\u2026\x1b[0m \x1b[33m\u2502\x1b[0m \x1b[31m\u2502\x1b[0m\n\x1b[31m\u2502\x1b[0m \x1b[33m\u2502\x1b[0m                                   \x1b[2m\u2502   \x1b[0m\x1b[33mmode\x1b[0m=\x1b[33m'serialization'\x1b[0m                                   \x1b[33m\u2502\x1b[0m \x1b[31m\u2502\x1b[0m\n\x1b[31m\u2502\x1b[0m \x1b[33m\u2502\x1b[0m                                   \x1b[1m)\x1b[0m                                                          \x1b[33m\u2502\x1b[0m \x1b[31m\u2502\x1b[0m\n\x1b[31m\u2502\x1b[0m \x1b[33m\u2502\x1b[0m         response_model_by_alias = \x1b[94mTrue\x1b[0m                                                       \x1b[33m\u2502\x1b[0m \x1b[31m\u2502\x1b[0m\n\x1b[31m\u2502\x1b[0m \x1b[33m\u2502\x1b[0m          response_model_exclude = \x1b[94mNone\x1b[0m                                                       \x1b[33m\u2502\x1b[0m \x1b[31m\u2502\x1b[0m\n\x1b[31m\u2502\x1b[0m \x1b[33m\u2502\x1b[0m response_model_exclude_defaults = \x1b[94mFalse\x1b[0m                                                      \x1b[33m\u2502\x1b[0m \x1b[31m\u2502\x1b[0m\n\x1b[31m\u2502\x1b[0m \x1b[33m\u2502\x1b[0m     response_model_exclude_none = \x1b[94mFalse\x1b[0m                                                      \x1b[33m\u2502\x1b[0m \x1b[31m\u2502\x1b[0m\n\x1b[31m\u2502\x1b[0m \x1b[33m\u2502\x1b[0m    response_model_exclude_unset = \x1b[94mFalse\x1b[0m                                                      \x1b[33m\u2502\x1b[0m \x1b[31m\u2502\x1b[0m\n\x1b[31m\u2502\x1b[0m \x1b[33m\u2502\x1b[0m          response_model_include = \x1b[94mNone\x1b[0m                                                       \x1b[33m\u2502\x1b[0m \x1b[31m\u2502\x1b[0m\n\x1b[31m\u2502\x1b[0m \x1b[33m\u2502\x1b[0m                     status_code = \x1b[94m201\x1b[0m                                                        \x1b[33m\u2502\x1b[0m \x1b[31m\u2502\x1b[0m\n\x1b[31m\u2502\x1b[0m \x1b[33m\u2514\u2500\u2500\u2500\u2500\u2500\u2500\u2500\u2500\u2500\u2500\u2500\u2500\u2500\u2500\u2500\u2500\u2500\u2500\u2500\u2500\u2500\u2500\u2500\u2500\u2500\u2500\u2500\u2500\u2500\u2500\u2500\u2500\u2500\u2500\u2500\u2500\u2500\u2500\u2500\u2500\u2500\u2500\u2500\u2500\u2500\u2500\u2500\u2500\u2500\u2500\u2500\u2500\u2500\u2500\u2500\u2500\u2500\u2500\u2500\u2500\u2500\u2500\u2500\u2500\u2500\u2500\u2500\u2500\u2500\u2500\u2500\u2500\u2500\u2500\u2500\u2500\u2500\u2500\u2500\u2500\u2500\u2500\u2500\u2500\u2500\u2500\u2500\u2500\u2500\u2500\u2500\u2500\u2500\u2500\u2518\x1b[0m \x1b[31m\u2502\x1b[0m\n\x1b[31m\u2502\x1b[0m                                                                                                  \x1b[31m\u2502\x1b[0m\n\x1b[31m\u2502\x1b[0m \x1b[33mC:\\Users\\realj\\AppData\\Local\\Programs\\Python\\Python312\\Lib\\site-packages\\fastapi\\routing.py\x1b[0m:\x1b[94m275\x1b[0m  \x1b[31m\u2502\x1b[0m\n\x1b[31m\u2502\x1b[0m in \x1b[92mapp\x1b[0m                                                                                           \x1b[31m\u2502\x1b[0m\n\x1b[31m\u2502\x1b[0m                                                                                                  \x1b[31m\u2502\x1b[0m\n\x1b[31m\u2502\x1b[0m   \x1b[2m 272 \x1b[0m\x1b[2m\u2502   \u2502   \u2502   \u2502   \x1b[0mexception_to_reraise = http_error                                         \x1b[31m\u2502\x1b[0m\n\x1b[31m\u2502\x1b[0m   \x1b[2m 273 \x1b[0m\x1b[2m\u2502   \u2502   \u2502   \u2502   \x1b[0m\x1b[94mraise\x1b[0m http_error \x1b[94mfrom\x1b[0m\x1b[90m \x1b[0m\x1b[4;96me\x1b[0m                                                   \x1b[31m\u2502\x1b[0m\n\x1b[31m\u2502\x1b[0m   \x1b[2m 274 \x1b[0m\x1b[2m\u2502   \u2502   \u2502   \x1b[0m\x1b[94mtry\x1b[0m:                                                                          \x1b[31m\u2502\x1b[0m\n\x1b[31m\u2502\x1b[0m \x1b[31m> \x1b[0m 275 \x1b[2m\u2502   \u2502   \u2502   \u2502   \x1b[0msolved_result = \x1b[94mawait\x1b[0m solve_dependencies(                                 \x1b[31m\u2502\x1b[0m\n\x1b[31m\u2502\x1b[0m   \x1b[2m 276 \x1b[0m\x1b[2m\u2502   \u2502   \u2502   \u2502   \u2502   \x1b[0mrequest=request,                                                      \x1b[31m\u2502\x1b[0m\n\x1b[31m\u2502\x1b[0m   \x1b[2m 277 \x1b[0m\x1b[2m\u2502   \u2502   \u2502   \u2502   \u2502   \x1b[0mdependant=dependant,                                                  \x1b[31m\u2502\x1b[0m\n\x1b[31m\u2502\x1b[0m   \x1b[2m 278 \x1b[0m\x1b[2m\u2502   \u2502   \u2502   \u2502   \u2502   \x1b[0mbody=body,                                                            \x1b[31m\u2502\x1b[0m\n\x1b[31m\u2502\x1b[0m                                                                                                  \x1b[31m\u2502\x1b[0m\n\x1b[31m\u2502\x1b[0m \x1b[33m\u250c\u2500\x1b[0m\x1b[33m\u2500\u2500\u2500\u2500\u2500\u2500\u2500\u2500\u2500\u2500\u2500\u2500\u2500\u2500\u2500\u2500\u2500\u2500\u2500\u2500\u2500\u2500\u2500\u2500\u2500\u2500\u2500\u2500\u2500\u2500\u2500\u2500\u2500\u2500\u2500\u2500\u2500\u2500\u2500\u2500\u2500\u2500\x1b[0m\x1b[33m locals \x1b[0m\x1b[33m\u2500\u2500\u2500\u2500\u2500\u2500\u2500\u2500\u2500\u2500\u2500\u2500\u2500\u2500\u2500\u2500\u2500\u2500\u2500\u2500\u2500\u2500\u2500\u2500\u2500\u2500\u2500\u2500\u2500\u2500\u2500\u2500\u2500\u2500\u2500\u2500\u2500\u2500\u2500\u2500\u2500\u2500\x1b[0m\x1b[33m\u2500\u2510\x1b[0m \x1b[31m\u2502\x1b[0m\n\x1b[31m\u2502\x1b[0m \x1b[33m\u2502\x1b[0m                async_exit_stack = \x1b[1m<\x1b[0m\x1b[1;95mcontextlib.AsyncExitStack\x1b[0m\x1b[39m object at \x1b[0m\x1b[94m0x00000208CF749E20\x1b[0m\x1b[1m>\x1b[0m   \x1b[33m\u2502\x1b[0m \x1b[31m\u2502\x1b[0m\n\x1b[31m\u2502\x1b[0m \x1b[33m\u2502\x1b[0m                            body = \x1b[1;35mFormData\x1b[0m\x1b[1m(\x1b[0m\x1b[1m[\x1b[0m\x1b[1m(\x1b[0m\x1b[33m'file'\x1b[0m, \x1b[1;35mUploadFile\x1b[0m\x1b[1m(\x1b[0m\x1b[33mfilename\x1b[0m=\x1b[33m'test.pdf'\x1b[0m,         \x1b[33m\u2502\x1b[0m \x1b[31m\u2502\x1b[0m\n\x1b[31m\u2502\x1b[0m \x1b[33m\u2502\x1b[0m                                   \x1b[33msize\x1b[0m=\x1b[94m26\x1b[0m, \x1b[33mheaders\x1b[0m=\x1b[1;35mHeaders\x1b[0m\x1b[1m(\x1b[0m\x1b[1m{\x1b[0m\x1b[33m'content-disposition'\x1b[0m:           \x1b[33m\u2502\x1b[0m \x1b[31m\u2502\x1b[0m\n\x1b[31m\u2502\x1b[0m \x1b[33m\u2502\x1b[0m                                   \x1b[33m'form-data; \x1b[0m\x1b[33mname\x1b[0m\x1b[33m=\x1b[0m\x1b[33m"file"\x1b[0m\x1b[33m; \x1b[0m\x1b[33mfilename\x1b[0m\x1b[33m=\x1b[0m\x1b[33m"test\x1b[0m\x1b[33m.pdf"'\x1b[0m,             \x1b[33m\u2502\x1b[0m \x1b[31m\u2502\x1b[0m\n\x1b[31m\u2502\x1b[0m \x1b[33m\u2502\x1b[0m                                   \x1b[33m'content-type'\x1b[0m: \x1b[33m'application/pdf'\x1b[0m\x1b[1m}\x1b[0m\x1b[1m)\x1b[0m\x1b[1m)\x1b[0m\x1b[1m)\x1b[0m\x1b[1m]\x1b[0m\x1b[1m)\x1b[0m                    \x1b[33m\u2502\x1b[0m \x1b[31m\u2502\x1b[0m\n\x1b[31m\u2502\x1b[0m \x1b[33m\u2502\x1b[0m                      body_field = \x1b[1;35mModelField\x1b[0m\x1b[1m(\x1b[0m                                                \x1b[33m\u2502\x1b[0m \x1b[31m\u2502\x1b[0m\n\x1b[31m\u2502\x1b[0m \x1b[33m\u2502\x1b[0m                                   \x1b[2m\u2502   \x1b[0m\x1b[33mfield_info\x1b[0m=\x1b[1;35mFile\x1b[0m\x1b[1m(\x1b[0m                                       \x1b[33m\u2502\x1b[0m \x1b[31m\u2502\x1b[0m\n\x1b[31m\u2502\x1b[0m \x1b[33m\u2502\x1b[0m                                   \x1b[2m\u2502   \u2502   \x1b[0m                                                   \x1b[33m\u2502\x1b[0m \x1b[31m\u2502\x1b[0m\n\x1b[31m\u2502\x1b[0m \x1b[33m\u2502\x1b[0m                                   \x1b[33mannotation\x1b[0m=\x1b[35mBody_upload_document_api_v1_documents_upload_p\u2026\x1b[0m \x1b[33m\u2502\x1b[0m \x1b[31m\u2502\x1b[0m\n\x1b[31m\u2502\x1b[0m \x1b[33m\u2502\x1b[0m                                   \x1b[2m\u2502   \u2502   \x1b[0m\x1b[33mrequired\x1b[0m=\x1b[94mTrue\x1b[0m,                                     \x1b[33m\u2502\x1b[0m \x1b[31m\u2502\x1b[0m\n\x1b[31m\u2502\x1b[0m \x1b[33m\u2502\x1b[0m                                   \x1b[2m\u2502   \u2502   \x1b[0m\x1b[33malias\x1b[0m=\x1b[33m'body'\x1b[0m,                                      \x1b[33m\u2502\x1b[0m \x1b[31m\u2502\x1b[0m\n\x1b[31m\u2502\x1b[0m \x1b[33m\u2502\x1b[0m                                   \x1b[2m\u2502   \u2502   \x1b[0m\x1b[33malias_priority\x1b[0m=\x1b[94m2\x1b[0m,                                  \x1b[33m\u2502\x1b[0m \x1b[31m\u2502\x1b[0m\n\x1b[31m\u2502\x1b[0m \x1b[33m\u2502\x1b[0m                                   \x1b[2m\u2502   \u2502   \x1b[0m\x1b[33mjson_schema_extra\x1b[0m=\x1b[1m{\x1b[0m\x1b[1m}\x1b[0m                               \x1b[33m\u2502\x1b[0m \x1b[31m\u2502\x1b[0m\n\x1b[31m\u2502\x1b[0m \x1b[33m\u2502\x1b[0m                                   \x1b[2m\u2502   \x1b[0m\x1b[1m)\x1b[0m,                                                     \x1b[33m\u2502\x1b[0m \x1b[31m\u2502\x1b[0m\n\x1b[31m\u2502\x1b[0m \x1b[33m\u2502\x1b[0m                                   \x1b[2m\u2502   \x1b[0m\x1b[33mname\x1b[0m=\x1b[33m'body'\x1b[0m,                                           \x1b[33m\u2502\x1b[0m \x1b[31m\u2502\x1b[0m\n\x1b[31m\u2502\x1b[0m \x1b[33m\u2502\x1b[0m                                   \x1b[2m\u2502   \x1b[0m\x1b[33mmode\x1b[0m=\x1b[33m'validation'\x1b[0m                                      \x1b[33m\u2502\x1b[0m \x1b[31m\u2502\x1b[0m\n\x1b[31m\u2502\x1b[0m \x1b[33m\u2502\x1b[0m                                   \x1b[1m)\x1b[0m                                                          \x1b[33m\u2502\x1b[0m \x1b[31m\u2502\x1b[0m\n\x1b[31m\u2502\x1b[0m \x1b[33m\u2502\x1b[0m                       dependant = \x1b[1m<\x1b[0m\x1b[1;95mfastapi.dependencies.models.Dependant\x1b[0m\x1b[39m object at \x1b[0m          \x1b[33m\u2502\x1b[0m \x1b[31m\u2502\x1b[0m\n\x1b[31m\u2502\x1b[0m \x1b[33m\u2502\x1b[0m                                   \x1b[94m0x00000208CF6B5400\x1b[0m\x1b[1m>\x1b[0m                                        \x1b[33m\u2502\x1b[0m \x1b[31m\u2502\x1b[0m\n\x1b[31m\u2502\x1b[0m \x1b[33m\u2502\x1b[0m   dependency_overrides_provider = \x1b[1m<\x1b[0m\x1b[1;95mfastapi.applications.FastAPI\x1b[0m\x1b[39m object at \x1b[0m                   \x1b[33m\u2502\x1b[0m \x1b[31m\u2502\x1b[0m\n\x1b[31m\u2502\x1b[0m \x1b[33m\u2502\x1b[0m                                   \x1b[94m0x00000208CF683290\x1b[0m\x1b[1m>\x1b[0m                                        \x1b[33m\u2502\x1b[0m \x1b[31m\u2502\x1b[0m\n\x1b[31m\u2502\x1b[0m \x1b[33m\u2502\x1b[0m            exception_to_reraise = \x1b[1;35mRuntimeError\x1b[0m\x1b[1m(\x1b[0m\x1b[33m'Rate limiter not initialized'\x1b[0m\x1b[1m)\x1b[0m               \x1b[33m\u2502\x1b[0m \x1b[31m\u2502\x1b[0m\n\x1b[31m\u2502\x1b[0m \x1b[33m\u2502\x1b[0m                    is_body_form = \x1b[94mTrue\x1b[0m                                                       \x1b[33m\u2502\x1b[0m \x1b[31m\u2502\x1b[0m\n\x1b[31m\u2502\x1b[0m \x1b[33m\u2502\x1b[0m                    is_coroutine = \x1b[94mTrue\x1b[0m                                                       \x1b[33m\u2502\x1b[0m \x1b[31m\u2502\x1b[0m\n\x1b[31m\u2502\x1b[0m \x1b[33m\u2502\x1b[0m                         request = \x1b[1m<\x1b[0m\x1b[1;95mstarlette.requests.Request\x1b[0m\x1b[39m object at \x1b[0m\x1b[94m0x00000208CF749D30\x1b[0m\x1b[1m>\x1b[0m  \x1b[33m\u2502\x1b[0m \x1b[31m\u2502\x1b[0m\n\x1b[31m\u2502\x1b[0m \x1b[33m\u2502\x1b[0m                        response = \x1b[94mNone\x1b[0m                                                       \x1b[33m\u2502\x1b[0m \x1b[31m\u2502\x1b[0m\n\x1b[31m\u2502\x1b[0m \x1b[33m\u2502\x1b[0m                  response_field = \x1b[1;35mModelField\x1b[0m\x1b[1m(\x1b[0m                                                \x1b[33m\u2502\x1b[0m \x1b[31m\u2502\x1b[0m\n\x1b[31m\u2502\x1b[0m \x1b[33m\u2502\x1b[0m                                   \x1b[2m\u2502   \x1b[0m\x1b[33mfield_info\x1b[0m=\x1b[1;35mFieldInfo\x1b[0m\x1b[1m(\x1b[0m                                  \x1b[33m\u2502\x1b[0m \x1b[31m\u2502\x1b[0m\n\x1b[31m\u2502\x1b[0m \x1b[33m\u2502\x1b[0m                                   \x1b[2m\u2502   \u2502   \x1b[0m\x1b[33mannotation\x1b[0m=\x1b[35mDocumentUploadResponse\x1b[0m,                 \x1b[33m\u2502\x1b[0m \x1b[31m\u2502\x1b[0m\n\x1b[31m\u2502\x1b[0m \x1b[33m\u2502\x1b[0m                                   \x1b[2m\u2502   \u2502   \x1b[0m\x1b[33mrequired\x1b[0m=\x1b[94mTrue\x1b[0m                                      \x1b[33m\u2502\x1b[0m \x1b[31m\u2502\x1b[0m\n\x1b[31m\u2502\x1b[0m \x1b[33m\u2502\x1b[0m                                   \x1b[2m\u2502   \x1b[0m\x1b[1m)\x1b[0m,                                                     \x1b[33m\u2502\x1b[0m \x1b[31m\u2502\x1b[0m\n\x1b[31m\u2502\x1b[0m \x1b[33m\u2502\x1b[0m                                   \x1b[2m\u2502   \x1b[0m                                                       \x1b[33m\u2502\x1b[0m \x1b[31m\u2502\x1b[0m\n\x1b[31m\u2502\x1b[0m \x1b[33m\u2502\x1b[0m                                   \x1b[33mname\x1b[0m=\x1b[33m'Response_upload_document_api_v1_documents_upload_po\u2026\x1b[0m \x1b[33m\u2502\x1b[0m \x1b[31m\u2502\x1b[0m\n\x1b[31m\u2502\x1b[0m \x1b[33m\u2502\x1b[0m                                   \x1b[2m\u2502   \x1b[0m\x1b[33mmode\x1b[0m=\x1b[33m'serialization'\x1b[0m                                   \x1b[33m\u2502\x1b[0m \x1b[31m\u2502\x1b[0m\n\x1b[31m\u2502\x1b[0m \x1b[33m\u2502\x1b[0m                                   \x1b[1m)\x1b[0m                                                          \x1b[33m\u2502\x1b[0m \x1b[31m\u2502\x1b[0m\n\x1b[31m\u2502\x1b[0m \x1b[33m\u2502\x1b[0m         response_model_by_alias = \x1b[94mTrue\x1b[0m                                                       \x1b[33m\u2502\x1b[0m \x1b[31m\u2502\x1b[0m\n\x1b[31m\u2502\x1b[0m \x1b[33m\u2502\x1b[0m          response_model_exclude = \x1b[94mNone\x1b[0m                                                       \x1b[33m\u2502\x1b[0m \x1b[31m\u2502\x1b[0m\n\x1b[31m\u2502\x1b[0m \x1b[33m\u2502\x1b[0m response_model_exclude_defaults = \x1b[94mFalse\x1b[0m                                                      \x1b[33m\u2502\x1b[0m \x1b[31m\u2502\x1b[0m\n\x1b[31m\u2502\x1b[0m \x1b[33m\u2502\x1b[0m     response_model_exclude_none = \x1b[94mFalse\x1b[0m                                                      \x1b[33m\u2502\x1b[0m \x1b[31m\u2502\x1b[0m\n\x1b[31m\u2502\x1b[0m \x1b[33m\u2502\x1b[0m    response_model_exclude_unset = \x1b[94mFalse\x1b[0m                                                      \x1b[33m\u2502\x1b[0m \x1b[31m\u2502\x1b[0m\n\x1b[31m\u2502\x1b[0m \x1b[33m\u2502\x1b[0m          response_model_include = \x1b[94mNone\x1b[0m                                                       \x1b[33m\u2502\x1b[0m \x1b[31m\u2502\x1b[0m\n\x1b[31m\u2502\x1b[0m \x1b[33m\u2502\x1b[0m                     status_code = \x1b[94m201\x1b[0m                                                        \x1b[33m\u2502\x1b[0m \x1b[31m\u2502\x1b[0m\n\x1b[31m\u2502\x1b[0m \x1b[33m\u2514\u2500\u2500\u2500\u2500\u2500\u2500\u2500\u2500\u2500\u2500\u2500\u2500\u2500\u2500\u2500\u2500\u2500\u2500\u2500\u2500\u2500\u2500\u2500\u2500\u2500\u2500\u2500\u2500\u2500\u2500\u2500\u2500\u2500\u2500\u2500\u2500\u2500\u2500\u2500\u2500\u2500\u2500\u2500\u2500\u2500\u2500\u2500\u2500\u2500\u2500\u2500\u2500\u2500\u2500\u2500\u2500\u2500\u2500\u2500\u2500\u2500\u2500\u2500\u2500\u2500\u2500\u2500\u2500\u2500\u2500\u2500\u2500\u2500\u2500\u2500\u2500\u2500\u2500\u2500\u2500\u2500\u2500\u2500\u2500\u2500\u2500\u2500\u2500\u2500\u2500\u2500\u2500\u2500\u2500\u2518\x1b[0m \x1b[31m\u2502\x1b[0m\n\x1b[31m\u2502\x1b[0m                                                                                                  \x1b[31m\u2502\x1b[0m\n\x1b[31m\u2502\x1b[0m \x1b[33mC:\\Users\\realj\\AppData\\Local\\Programs\\Python\\Python312\\Lib\\site-packages\\fastapi\\dependencies\\ut\x1b[0m \x1b[31m\u2502\x1b[0m\n\x1b[31m\u2502\x1b[0m \x1b[33mils.py\x1b[0m:\x1b[94m598\x1b[0m in \x1b[92msolve_dependencies\x1b[0m                                                                 \x1b[31m\u2502\x1b[0m\n\x1b[31m\u2502\x1b[0m                                                                                                  \x1b[31m\u2502\x1b[0m\n\x1b[31m\u2502\x1b[0m   \x1b[2m595 \x1b[0m\x1b[2m\u2502   \u2502   \u2502   \u2502   \x1b[0mcall=call, stack=async_exit_stack, sub_values=sub_values                   \x1b[31m\u2502\x1b[0m\n\x1b[31m\u2502\x1b[0m   \x1b[2m596 \x1b[0m\x1b[2m\u2502   \u2502   \u2502   \x1b[0m)                                                                              \x1b[31m\u2502\x1b[0m\n\x1b[31m\u2502\x1b[0m   \x1b[2m597 \x1b[0m\x1b[2m\u2502   \u2502   \x1b[0m\x1b[94melif\x1b[0m is_coroutine_callable(call):                                                  \x1b[31m\u2502\x1b[0m\n\x1b[31m\u2502\x1b[0m \x1b[31m> \x1b[0m598 \x1b[2m\u2502   \u2502   \u2502   \x1b[0msolved = \x1b[1;4;94mawait\x1b[0m\x1b[1;4m call(**sub_values)\x1b[0m                                              \x1b[31m\u2502\x1b[0m\n\x1b[31m\u2502\x1b[0m   \x1b[2m599 \x1b[0m\x1b[2m\u2502   \u2502   \x1b[0m\x1b[94melse\x1b[0m:                                                                              \x1b[31m\u2502\x1b[0m\n\x1b[31m\u2502\x1b[0m   \x1b[2m600 \x1b[0m\x1b[2m\u2502   \u2502   \u2502   \x1b[0msolved = \x1b[94mawait\x1b[0m run_in_threadpool(call, **sub_values)                           \x1b[31m\u2502\x1b[0m\n\x1b[31m\u2502\x1b[0m   \x1b[2m601 \x1b[0m\x1b[2m\u2502   \u2502   \x1b[0m\x1b[94mif\x1b[0m sub_dependant.name \x1b[95mis\x1b[0m \x1b[95mnot\x1b[0m \x1b[94mNone\x1b[0m:                                                 \x1b[31m\u2502\x1b[0m\n\x1b[31m\u2502\x1b[0m                                                                                                  \x1b[31m\u2502\x1b[0m\n\x1b[31m\u2502\x1b[0m \x1b[33m\u250c\u2500\x1b[0m\x1b[33m\u2500\u2500\u2500\u2500\u2500\u2500\u2500\u2500\u2500\u2500\u2500\u2500\u2500\u2500\u2500\u2500\u2500\u2500\u2500\u2500\u2500\u2500\u2500\u2500\u2500\u2500\u2500\u2500\u2500\u2500\u2500\u2500\u2500\u2500\u2500\u2500\u2500\u2500\u2500\u2500\u2500\u2500\x1b[0m\x1b[33m locals \x1b[0m\x1b[33m\u2500\u2500\u2500\u2500\u2500\u2500\u2500\u2500\u2500\u2500\u2500\u2500\u2500\u2500\u2500\u2500\u2500\u2500\u2500\u2500\u2500\u2500\u2500\u2500\u2500\u2500\u2500\u2500\u2500\u2500\u2500\u2500\u2500\u2500\u2500\u2500\u2500\u2500\u2500\u2500\u2500\u2500\x1b[0m\x1b[33m\u2500\u2510\x1b[0m \x1b[31m\u2502\x1b[0m\n\x1b[31m\u2502\x1b[0m \x1b[33m\u2502\x1b[0m                             _ = \x1b[1m<\x1b[0m\x1b[1;95mstarlette.responses.Response\x1b[0m\x1b[39m object at \x1b[0m\x1b[94m0x00000208CF74B1D0\x1b[0m\x1b[1m>\x1b[0m  \x1b[33m\u2502\x1b[0m \x1b[31m\u2502\x1b[0m\n\x1b[31m\u2502\x1b[0m \x1b[33m\u2502\x1b[0m              async_exit_stack = \x1b[1m<\x1b[0m\x1b[1;95mcontextlib.AsyncExitStack\x1b[0m\x1b[39m object at \x1b[0m\x1b[94m0x00000208CF749E20\x1b[0m\x1b[1m>\x1b[0m     \x1b[33m\u2502\x1b[0m \x1b[31m\u2502\x1b[0m\n\x1b[31m\u2502\x1b[0m \x1b[33m\u2502\x1b[0m              background_tasks = \x1b[94mNone\x1b[0m                                                         \x1b[33m\u2502\x1b[0m \x1b[31m\u2502\x1b[0m\n\x1b[31m\u2502\x1b[0m \x1b[33m\u2502\x1b[0m                          body = \x1b[1;35mFormData\x1b[0m\x1b[1m(\x1b[0m\x1b[1m[\x1b[0m\x1b[1m(\x1b[0m\x1b[33m'file'\x1b[0m, \x1b[1;35mUploadFile\x1b[0m\x1b[1m(\x1b[0m\x1b[33mfilename\x1b[0m=\x1b[33m'test.pdf'\x1b[0m, \x1b[33msize\x1b[0m=\x1b[94m26\x1b[0m,  \x1b[33m\u2502\x1b[0m \x1b[31m\u2502\x1b[0m\n\x1b[31m\u2502\x1b[0m \x1b[33m\u2502\x1b[0m                                 \x1b[33mheaders\x1b[0m=\x1b[1;35mHeaders\x1b[0m\x1b[1m(\x1b[0m\x1b[1m{\x1b[0m\x1b[33m'content-disposition'\x1b[0m: \x1b[33m'form-data; \x1b[0m         \x1b[33m\u2502\x1b[0m \x1b[31m\u2502\x1b[0m\n\x1b[31m\u2502\x1b[0m \x1b[33m\u2502\x1b[0m                                 \x1b[33mname\x1b[0m\x1b[33m=\x1b[0m\x1b[33m"file"\x1b[0m\x1b[33m; \x1b[0m\x1b[33mfilename\x1b[0m\x1b[33m=\x1b[0m\x1b[33m"test\x1b[0m\x1b[33m.pdf"'\x1b[0m, \x1b[33m'content-type'\x1b[0m:           \x1b[33m\u2502\x1b[0m \x1b[31m\u2502\x1b[0m\n\x1b[31m\u2502\x1b[0m \x1b[33m\u2502\x1b[0m                                 \x1b[33m'application/pdf'\x1b[0m\x1b[1m}\x1b[0m\x1b[1m)\x1b[0m\x1b[1m)\x1b[0m\x1b[1m)\x1b[0m\x1b[1m]\x1b[0m\x1b[1m)\x1b[0m                                      \x1b[33m\u2502\x1b[0m \x1b[31m\u2502\x1b[0m\n\x1b[31m\u2502\x1b[0m \x1b[33m\u2502\x1b[0m                     dependant = \x1b[1m<\x1b[0m\x1b[1;95mfastapi.dependencies.models.Dependant\x1b[0m\x1b[39m object at \x1b[0m            \x1b[33m\u2502\x1b[0m \x1b[31m\u2502\x1b[0m\n\x1b[31m\u2502\x1b[0m \x1b[33m\u2502\x1b[0m                                 \x1b[94m0x00000208CF6B5400\x1b[0m\x1b[1m>\x1b[0m                                          \x1b[33m\u2502\x1b[0m \x1b[31m\u2502\x1b[0m\n\x1b[31m\u2502\x1b[0m \x1b[33m\u2502\x1b[0m              dependency_cache = \x1b[1m{\x1b[0m                                                            \x1b[33m\u2502\x1b[0m \x1b[31m\u2502\x1b[0m\n\x1b[31m\u2502\x1b[0m \x1b[33m\u2502\x1b[0m                                 \x1b[2m\u2502   \x1b[0m\x1b[1m(\x1b[0m\x1b[1m<\x1b[0m\x1b[1;95mfunction\x1b[0m\x1b[39m get_db_session at \x1b[0m\x1b[94m0x00000208B4A61E40\x1b[0m\x1b[39m>, \x1b[0m\x1b[1;39m(\x1b[0m\x1b[1;39m)\x1b[0m\x1b[1;39m)\x1b[0m\x1b[39m: \x1b[0m  \x1b[33m\u2502\x1b[0m \x1b[31m\u2502\x1b[0m\n\x1b[31m\u2502\x1b[0m \x1b[33m\u2502\x1b[0m                                 \x1b[39m<sqlalchemy.ext.asyncio.session.AsyncSession object at \x1b[0m      \x1b[33m\u2502\x1b[0m \x1b[31m\u2502\x1b[0m\n\x1b[31m\u2502\x1b[0m \x1b[33m\u2502\x1b[0m                                 \x1b[94m0x00000208CF5EB350\x1b[0m\x1b[39m>,\x1b[0m                                         \x1b[33m\u2502\x1b[0m \x1b[31m\u2502\x1b[0m\n\x1b[31m\u2502\x1b[0m \x1b[33m\u2502\x1b[0m                                 \x1b[2;39m\u2502   \x1b[0m\x1b[1;39m(\x1b[0m\x1b[39m<function verify_api_key at \x1b[0m\x1b[94m0x00000208B666FD80\x1b[0m\x1b[39m>, \x1b[0m\x1b[1;39m(\x1b[0m\x1b[1;39m)\x1b[0m\x1b[1;39m)\x1b[0m\x1b[39m: \x1b[0m  \x1b[33m\u2502\x1b[0m \x1b[31m\u2502\x1b[0m\n\x1b[31m\u2502\x1b[0m \x1b[33m\u2502\x1b[0m                                 \x1b[39m<\x1b[0m\x1b[1;35mAPIKey\x1b[0m\x1b[1;39m(\x1b[0m\x1b[33mid\x1b[0m\x1b[39m=\x1b[0m\x1b[93m3ede7c29\x1b[0m\x1b[93m-57d8-4f61-8e1e-952b1e4ae761\x1b[0m\x1b[39m, \x1b[0m\x1b[33mname\x1b[0m\x1b[39m=\x1b[0m\x1b[35mTest\x1b[0m\x1b[39m \x1b[0m  \x1b[33m\u2502\x1b[0m \x1b[31m\u2502\x1b[0m\n\x1b[31m\u2502\x1b[0m \x1b[33m\u2502\x1b[0m                                 \x1b[39mKey, \x1b[0m\x1b[33mactive\x1b[0m\x1b[39m=\x1b[0m\x1b[94mTrue\x1b[0m\x1b[1;39m)\x1b[0m\x1b[39m>,\x1b[0m                                          \x1b[33m\u2502\x1b[0m \x1b[31m\u2502\x1b[0m\n\x1b[31m\u2502\x1b[0m \x1b[33m\u2502\x1b[0m                                 \x1b[2;39m\u2502   \x1b[0m\x1b[1;39m(\x1b[0m\x1b[39m<function get_current_api_key at \x1b[0m\x1b[94m0x00000208B679E200\x1b[0m\x1b[39m>, \x1b[0m  \x1b[33m\u2502\x1b[0m \x1b[31m\u2502\x1b[0m\n\x1b[31m\u2502\x1b[0m \x1b[33m\u2502\x1b[0m                                 \x1b[1;39m(\x1b[0m\x1b[1;39m)\x1b[0m\x1b[1;39m)\x1b[0m\x1b[39m: <\x1b[0m\x1b[1;35mAPIKey\x1b[0m\x1b[1;39m(\x1b[0m\x1b[33mid\x1b[0m\x1b[39m=\x1b[0m\x1b[93m3ede7c29\x1b[0m\x1b[93m-57d8-4f61-8e1e-952b1e4ae761\x1b[0m\x1b[39m, \x1b[0m       \x1b[33m\u2502\x1b[0m \x1b[31m\u2502\x1b[0m\n\x1b[31m\u2502\x1b[0m \x1b[33m\u2502\x1b[0m                                 \x1b[33mname\x1b[0m\x1b[39m=\x1b[0m\x1b[35mTest\x1b[0m\x1b[39m Key, \x1b[0m\x1b[33mactive\x1b[0m\x1b[39m=\x1b[0m\x1b[94mTrue\x1b[0m\x1b[1;39m)\x1b[0m\x1b[1m>\x1b[0m                                 \x1b[33m\u2502\x1b[0m \x1b[31m\u2502\x1b[0m\n\x1b[31m\u2502\x1b[0m \x1b[33m\u2502\x1b[0m                                 \x1b[1m}\x1b[0m                                                            \x1b[33m\u2502\x1b[0m \x1b[31m\u2502\x1b[0m\n\x1b[31m\u2502\x1b[0m \x1b[33m\u2502\x1b[0m dependency_overrides_provider = \x1b[1m<\x1b[0m\x1b[1;95mfastapi.applications.FastAPI\x1b[0m\x1b[39m object at \x1b[0m\x1b[94m0x00000208CF683290\x1b[0m\x1b[1m>\x1b[0m  \x1b[33m\u2502\x1b[0m \x1b[31m\u2502\x1b[0m\n\x1b[31m\u2502\x1b[0m \x1b[33m\u2502\x1b[0m                        errors = \x1b[1m[\x1b[0m\x1b[1m]\x1b[0m                                                           \x1b[33m\u2502\x1b[0m \x1b[31m\u2502\x1b[0m\n\x1b[31m\u2502\x1b[0m \x1b[33m\u2502\x1b[0m                       request = \x1b[1m<\x1b[0m\x1b[1;95mstarlette.requests.Request\x1b[0m\x1b[39m object at \x1b[0m\x1b[94m0x00000208CF749D30\x1b[0m\x1b[1m>\x1b[0m    \x1b[33m\u2502\x1b[0m \x1b[31m\u2502\x1b[0m\n\x1b[31m\u2502\x1b[0m \x1b[33m\u2502\x1b[0m                      response = \x1b[1m<\x1b[0m\x1b[1;95mstarlette.responses.Response\x1b[0m\x1b[39m object at \x1b[0m\x1b[94m0x00000208CF74B1D0\x1b[0m\x1b[1m>\x1b[0m  \x1b[33m\u2502\x1b[0m \x1b[31m\u2502\x1b[0m\n\x1b[31m\u2502\x1b[0m \x1b[33m\u2502\x1b[0m                        solved = \x1b[1m<\x1b[0m\x1b[1;35mAPIKey\x1b[0m\x1b[1;39m(\x1b[0m\x1b[33mid\x1b[0m\x1b[39m=\x1b[0m\x1b[93m3ede7c29\x1b[0m\x1b[93m-57d8-4f61-8e1e-952b1e4ae761\x1b[0m\x1b[39m, \x1b[0m\x1b[33mname\x1b[0m\x1b[39m=\x1b[0m\x1b[35mTest\x1b[0m\x1b[39m \x1b[0m  \x1b[33m\u2502\x1b[0m \x1b[31m\u2502\x1b[0m\n\x1b[31m\u2502\x1b[0m \x1b[33m\u2502\x1b[0m                                 \x1b[39mKey, \x1b[0m\x1b[33mactive\x1b[0m\x1b[39m=\x1b[0m\x1b[94mTrue\x1b[0m\x1b[1;39m)\x1b[0m\x1b[1m>\x1b[0m                                           \x1b[33m\u2502\x1b[0m \x1b[31m\u2502\x1b[0m\n\x1b[31m\u2502\x1b[0m \x1b[33m\u2502\x1b[0m                 solved_result = \x1b[1m(\x1b[0m                                                            \x1b[33m\u2502\x1b[0m \x1b[31m\u2502\x1b[0m\n\x1b[31m\u2502\x1b[0m \x1b[33m\u2502\x1b[0m                                 \x1b[2m\u2502   \x1b[0m\x1b[1m{\x1b[0m                                                        \x1b[33m\u2502\x1b[0m \x1b[31m\u2502\x1b[0m\n\x1b[31m\u2502\x1b[0m \x1b[33m\u2502\x1b[0m                                 \x1b[2m\u2502   \u2502   \x1b[0m\x1b[33m'api_key'\x1b[0m:                                           \x1b[33m\u2502\x1b[0m \x1b[31m\u2502\x1b[0m\n\x1b[31m\u2502\x1b[0m \x1b[33m\u2502\x1b[0m                                 \x1b[1m<\x1b[0m\x1b[1;35mAPIKey\x1b[0m\x1b[1;39m(\x1b[0m\x1b[33mid\x1b[0m\x1b[39m=\x1b[0m\x1b[93m3ede7c29\x1b[0m\x1b[93m-57d8-4f61-8e1e-952b1e4ae761\x1b[0m\x1b[39m, \x1b[0m\x1b[33mname\x1b[0m\x1b[39m=\x1b[0m\x1b[35mTest\x1b[0m\x1b[39m \x1b[0m  \x1b[33m\u2502\x1b[0m \x1b[31m\u2502\x1b[0m\n\x1b[31m\u2502\x1b[0m \x1b[33m\u2502\x1b[0m                                 \x1b[39mKey, \x1b[0m\x1b[33mactive\x1b[0m\x1b[39m=\x1b[0m\x1b[94mTrue\x1b[0m\x1b[1;39m)\x1b[0m\x1b[39m>,\x1b[0m                                          \x1b[33m\u2502\x1b[0m \x1b[31m\u2502\x1b[0m\n\x1b[31m\u2502\x1b[0m \x1b[33m\u2502\x1b[0m                                 \x1b[2;39m\u2502   \u2502   \x1b[0m\x1b[33m'request'\x1b[0m\x1b[39m: <starlette.requests.Request object at \x1b[0m    \x1b[33m\u2502\x1b[0m \x1b[31m\u2502\x1b[0m\n\x1b[31m\u2502\x1b[0m \x1b[33m\u2502\x1b[0m                                 \x1b[94m0x00000208CF749D30\x1b[0m\x1b[39m>\x1b[0m                                          \x1b[33m\u2502\x1b[0m \x1b[31m\u2502\x1b[0m\n\x1b[31m\u2502\x1b[0m \x1b[33m\u2502\x1b[0m                                 \x1b[2;39m\u2502   \x1b[0m\x1b[1;39m}\x1b[0m\x1b[39m,\x1b[0m                                                       \x1b[33m\u2502\x1b[0m \x1b[31m\u2502\x1b[0m\n\x1b[31m\u2502\x1b[0m \x1b[33m\u2502\x1b[0m                                 \x1b[2;39m\u2502   \x1b[0m\x1b[1;39m[\x1b[0m\x1b[1;39m]\x1b[0m\x1b[39m,\x1b[0m                                                      \x1b[33m\u2502\x1b[0m \x1b[31m\u2502\x1b[0m\n\x1b[31m\u2502\x1b[0m \x1b[33m\u2502\x1b[0m                                 \x1b[2;39m\u2502   \x1b[0m\x1b[94mNone\x1b[0m\x1b[39m,\x1b[0m                                                    \x1b[33m\u2502\x1b[0m \x1b[31m\u2502\x1b[0m\n\x1b[31m\u2502\x1b[0m \x1b[33m\u2502\x1b[0m                                 \x1b[2;39m\u2502   \x1b[0m\x1b[39m<starlette.responses.Response object at \x1b[0m                 \x1b[33m\u2502\x1b[0m \x1b[31m\u2502\x1b[0m\n\x1b[31m\u2502\x1b[0m \x1b[33m\u2502\x1b[0m                                 \x1b[94m0x00000208CF74B1D0\x1b[0m\x1b[39m>,\x1b[0m                                         \x1b[33m\u2502\x1b[0m \x1b[31m\u2502\x1b[0m\n\x1b[31m\u2502\x1b[0m \x1b[33m\u2502\x1b[0m                                 \x1b[2;39m\u2502   \x1b[0m\x1b[1;39m{\x1b[0m                                                        \x1b[33m\u2502\x1b[0m \x1b[31m\u2502\x1b[0m\n\x1b[31m\u2502\x1b[0m \x1b[33m\u2502\x1b[0m                                 \x1b[2;39m\u2502   \u2502   \x1b[0m\x1b[1;39m(\x1b[0m\x1b[39m<function get_db_session at \x1b[0m\x1b[94m0x00000208B4A61E40\x1b[0m\x1b[39m>, \x1b[0m   \x1b[33m\u2502\x1b[0m \x1b[31m\u2502\x1b[0m\n\x1b[31m\u2502\x1b[0m \x1b[33m\u2502\x1b[0m                                 \x1b[1;39m(\x1b[0m\x1b[1;39m)\x1b[0m\x1b[1;39m)\x1b[0m\x1b[39m: <sqlalchemy.ext.asyncio.session.AsyncSession object at \x1b[0m \x1b[33m\u2502\x1b[0m \x1b[31m\u2502\x1b[0m\n\x1b[31m\u2502\x1b[0m \x1b[33m\u2502\x1b[0m                                 \x1b[94m0x00000208CF5EB350\x1b[0m\x1b[39m>,\x1b[0m                                         \x1b[33m\u2502\x1b[0m \x1b[31m\u2502\x1b[0m\n\x1b[31m\u2502\x1b[0m \x1b[33m\u2502\x1b[0m                                 \x1b[2;39m\u2502   \u2502   \x1b[0m\x1b[1;39m(\x1b[0m\x1b[39m<function verify_api_key at \x1b[0m\x1b[94m0x00000208B666FD80\x1b[0m\x1b[39m>, \x1b[0m   \x1b[33m\u2502\x1b[0m \x1b[31m\u2502\x1b[0m\n\x1b[31m\u2502\x1b[0m \x1b[33m\u2502\x1b[0m                                 \x1b[1;39m(\x1b[0m\x1b[1;39m)\x1b[0m\x1b[1;39m)\x1b[0m\x1b[39m: <\x1b[0m\x1b[1;35mAPIKey\x1b[0m\x1b[1;39m(\x1b[0m\x1b[33mid\x1b[0m\x1b[39m=\x1b[0m\x1b[93m3ede7c29\x1b[0m\x1b[93m-57d8-4f61-8e1e-952b1e4ae761\x1b[0m\x1b[39m, \x1b[0m       \x1b[33m\u2502\x1b[0m \x1b[31m\u2502\x1b[0m\n\x1b[31m\u2502\x1b[0m \x1b[33m\u2502\x1b[0m                                 \x1b[33mname\x1b[0m\x1b[39m=\x1b[0m\x1b[35mTest\x1b[0m\x1b[39m Key, \x1b[0m\x1b[33mactive\x1b[0m\x1b[39m=\x1b[0m\x1b[94mTrue\x1b[0m\x1b[1;39m)\x1b[0m\x1b[39m>,\x1b[0m                                \x1b[33m\u2502\x1b[0m \x1b[31m\u2502\x1b[0m\n\x1b[31m\u2502\x1b[0m \x1b[33m\u2502\x1b[0m                                 \x1b[2;39m\u2502   \u2502   \x1b[0m\x1b[1;39m(\x1b[0m\x1b[39m<function get_current_api_key at \x1b[0m                   \x1b[33m\u2502\x1b[0m \x1b[31m\u2502\x1b[0m\n\x1b[31m\u2502\x1b[0m \x1b[33m\u2502\x1b[0m                                 \x1b[94m0x00000208B679E200\x1b[0m\x1b[39m>, \x1b[0m\x1b[1;39m(\x1b[0m\x1b[1;39m)\x1b[0m\x1b[1;39m)\x1b[0m\x1b[39m: \x1b[0m                                   \x1b[33m\u2502\x1b[0m \x1b[31m\u2502\x1b[0m\n\x1b[31m\u2502\x1b[0m \x1b[33m\u2502\x1b[0m                                 \x1b[39m<\x1b[0m\x1b[1;35mAPIKey\x1b[0m\x1b[1;39m(\x1b[0m\x1b[33mid\x1b[0m\x1b[39m=\x1b[0m\x1b[93m3ede7c29\x1b[0m\x1b[93m-57d8-4f61-8e1e-952b1e4ae761\x1b[0m\x1b[39m, \x1b[0m\x1b[33mname\x1b[0m\x1b[39m=\x1b[0m\x1b[35mTest\x1b[0m\x1b[39m \x1b[0m  \x1b[33m\u2502\x1b[0m \x1b[31m\u2502\x1b[0m\n\x1b[31m\u2502\x1b[0m \x1b[33m\u2502\x1b[0m                                 \x1b[39mKey, \x1b[0m\x1b[33mactive\x1b[0m\x1b[39m=\x1b[0m\x1b[94mTrue\x1b[0m\x1b[1;39m)\x1b[0m\x1b[1m>\x1b[0m                                           \x1b[33m\u2502\x1b[0m \x1b[31m\u2502\x1b[0m\n\x1b[31m\u2502\x1b[0m \x1b[33m\u2502\x1b[0m                                 \x1b[2m\u2502   \x1b[0m\x1b[1m}\x1b[0m                                                        \x1b[33m\u2502\x1b[0m \x1b[31m\u2502\x1b[0m\n\x1b[31m\u2502\x1b[0m \x1b[33m\u2502\x1b[0m                                 \x1b[1m)\x1b[0m                                                            \x1b[33m\u2502\x1b[0m \x1b[31m\u2502\x1b[0m\n\x1b[31m\u2502\x1b[0m \x1b[33m\u2502\x1b[0m                 sub_dependant = \x1b[1m<\x1b[0m\x1b[1;95mfastapi.dependencies.models.Dependant\x1b[0m\x1b[39m object at \x1b[0m            \x1b[33m\u2502\x1b[0m \x1b[31m\u2502\x1b[0m\n\x1b[31m\u2502\x1b[0m \x1b[33m\u2502\x1b[0m                                 \x1b[94m0x00000208CF683B60\x1b[0m\x1b[1m>\x1b[0m                                          \x1b[33m\u2502\x1b[0m \x1b[31m\u2502\x1b[0m\n\x1b[31m\u2502\x1b[0m \x1b[33m\u2502\x1b[0m          sub_dependency_cache = \x1b[1m{\x1b[0m                                                            \x1b[33m\u2502\x1b[0m \x1b[31m\u2502\x1b[0m\n\x1b[31m\u2502\x1b[0m \x1b[33m\u2502\x1b[0m                                 \x1b[2m\u2502   \x1b[0m\x1b[1m(\x1b[0m\x1b[1m<\x1b[0m\x1b[1;95mfunction\x1b[0m\x1b[39m get_db_session at \x1b[0m\x1b[94m0x00000208B4A61E40\x1b[0m\x1b[39m>, \x1b[0m\x1b[1;39m(\x1b[0m\x1b[1;39m)\x1b[0m\x1b[1;39m)\x1b[0m\x1b[39m: \x1b[0m  \x1b[33m\u2502\x1b[0m \x1b[31m\u2502\x1b[0m\n\x1b[31m\u2502\x1b[0m \x1b[33m\u2502\x1b[0m                                 \x1b[39m<sqlalchemy.ext.asyncio.session.AsyncSession object at \x1b[0m      \x1b[33m\u2502\x1b[0m \x1b[31m\u2502\x1b[0m\n\x1b[31m\u2502\x1b[0m \x1b[33m\u2502\x1b[0m                                 \x1b[94m0x00000208CF5EB350\x1b[0m\x1b[39m>,\x1b[0m                                         \x1b[33m\u2502\x1b[0m \x1b[31m\u2502\x1b[0m\n\x1b[31m\u2502\x1b[0m \x1b[33m\u2502\x1b[0m                                 \x1b[2;39m\u2502   \x1b[0m\x1b[1;39m(\x1b[0m\x1b[39m<function verify_api_key at \x1b[0m\x1b[94m0x00000208B666FD80\x1b[0m\x1b[39m>, \x1b[0m\x1b[1;39m(\x1b[0m\x1b[1;39m)\x1b[0m\x1b[1;39m)\x1b[0m\x1b[39m: \x1b[0m  \x1b[33m\u2502\x1b[0m \x1b[31m\u2502\x1b[0m\n\x1b[31m\u2502\x1b[0m \x1b[33m\u2502\x1b[0m                                 \x1b[39m<\x1b[0m\x1b[1;35mAPIKey\x1b[0m\x1b[1;39m(\x1b[0m\x1b[33mid\x1b[0m\x1b[39m=\x1b[0m\x1b[93m3ede7c29\x1b[0m\x1b[93m-57d8-4f61-8e1e-952b1e4ae761\x1b[0m\x1b[39m, \x1b[0m\x1b[33mname\x1b[0m\x1b[39m=\x1b[0m\x1b[35mTest\x1b[0m\x1b[39m \x1b[0m  \x1b[33m\u2502\x1b[0m \x1b[31m\u2502\x1b[0m\n\x1b[31m\u2502\x1b[0m \x1b[33m\u2502\x1b[0m                                 \x1b[39mKey, \x1b[0m\x1b[33mactive\x1b[0m\x1b[39m=\x1b[0m\x1b[94mTrue\x1b[0m\x1b[1;39m)\x1b[0m\x1b[39m>,\x1b[0m                                          \x1b[33m\u2502\x1b[0m \x1b[31m\u2502\x1b[0m\n\x1b[31m\u2502\x1b[0m \x1b[33m\u2502\x1b[0m                                 \x1b[2;39m\u2502   \x1b[0m\x1b[1;39m(\x1b[0m\x1b[39m<function get_current_api_key at \x1b[0m\x1b[94m0x00000208B679E200\x1b[0m\x1b[39m>, \x1b[0m  \x1b[33m\u2502\x1b[0m \x1b[31m\u2502\x1b[0m\n\x1b[31m\u2502\x1b[0m \x1b[33m\u2502\x1b[0m                                 \x1b[1;39m(\x1b[0m\x1b[1;39m)\x1b[0m\x1b[1;39m)\x1b[0m\x1b[39m: <\x1b[0m\x1b[1;35mAPIKey\x1b[0m\x1b[1;39m(\x1b[0m\x1b[33mid\x1b[0m\x1b[39m=\x1b[0m\x1b[93m3ede7c29\x1b[0m\x1b[93m-57d8-4f61-8e1e-952b1e4ae761\x1b[0m\x1b[39m, \x1b[0m       \x1b[33m\u2502\x1b[0m \x1b[31m\u2502\x1b[0m\n\x1b[31m\u2502\x1b[0m \x1b[33m\u2502\x1b[0m                                 \x1b[33mname\x1b[0m\x1b[39m=\x1b[0m\x1b[35mTest\x1b[0m\x1b[39m Key, \x1b[0m\x1b[33mactive\x1b[0m\x1b[39m=\x1b[0m\x1b[94mTrue\x1b[0m\x1b[1;39m)\x1b[0m\x1b[1m>\x1b[0m                                 \x1b[33m\u2502\x1b[0m \x1b[31m\u2502\x1b[0m\n\x1b[31m\u2502\x1b[0m \x1b[33m\u2502\x1b[0m                                 \x1b[1m}\x1b[0m                                                            \x1b[33m\u2502\x1b[0m \x1b[31m\u2502\x1b[0m\n\x1b[31m\u2502\x1b[0m \x1b[33m\u2502\x1b[0m                    sub_errors = \x1b[1m[\x1b[0m\x1b[1m]\x1b[0m                                                           \x1b[33m\u2502\x1b[0m \x1b[31m\u2502\x1b[0m\n\x1b[31m\u2502\x1b[0m \x1b[33m\u2502\x1b[0m                    sub_values = \x1b[1m{\x1b[0m                                                            \x1b[33m\u2502\x1b[0m \x1b[31m\u2502\x1b[0m\n\x1b[31m\u2502\x1b[0m \x1b[33m\u2502\x1b[0m                                 \x1b[2m\u2502   \x1b[0m\x1b[33m'api_key'\x1b[0m:                                               \x1b[33m\u2502\x1b[0m \x1b[31m\u2502\x1b[0m\n\x1b[31m\u2502\x1b[0m \x1b[33m\u2502\x1b[0m                                 \x1b[1m<\x1b[0m\x1b[1;35mAPIKey\x1b[0m\x1b[1;39m(\x1b[0m\x1b[33mid\x1b[0m\x1b[39m=\x1b[0m\x1b[93m3ede7c29\x1b[0m\x1b[93m-57d8-4f61-8e1e-952b1e4ae761\x1b[0m\x1b[39m, \x1b[0m\x1b[33mname\x1b[0m\x1b[39m=\x1b[0m\x1b[35mTest\x1b[0m\x1b[39m \x1b[0m  \x1b[33m\u2502\x1b[0m \x1b[31m\u2502\x1b[0m\n\x1b[31m\u2502\x1b[0m \x1b[33m\u2502\x1b[0m                                 \x1b[39mKey, \x1b[0m\x1b[33mactive\x1b[0m\x1b[39m=\x1b[0m\x1b[94mTrue\x1b[0m\x1b[1;39m)\x1b[0m\x1b[39m>,\x1b[0m                                          \x1b[33m\u2502\x1b[0m \x1b[31m\u2502\x1b[0m\n\x1b[31m\u2502\x1b[0m \x1b[33m\u2502\x1b[0m                                 \x1b[2;39m\u2502   \x1b[0m\x1b[33m'request'\x1b[0m\x1b[39m: <starlette.requests.Request object at \x1b[0m        \x1b[33m\u2502\x1b[0m \x1b[31m\u2502\x1b[0m\n\x1b[31m\u2502\x1b[0m \x1b[33m\u2502\x1b[0m                                 \x1b[94m0x00000208CF749D30\x1b[0m\x1b[1m>\x1b[0m                                          \x1b[33m\u2502\x1b[0m \x1b[31m\u2502\x1b[0m\n\x1b[31m\u2502\x1b[0m \x1b[33m\u2502\x1b[0m                                 \x1b[1m}\x1b[0m                                                            \x1b[33m\u2502\x1b[0m \x1b[31m\u2502\x1b[0m\n\x1b[31m\u2502\x1b[0m \x1b[33m\u2502\x1b[0m                      use_path = \x1b[33m'/api/v1/documents/upload'\x1b[0m                                   \x1b[33m\u2502\x1b[0m \x1b[31m\u2502\x1b[0m\n\x1b[31m\u2502\x1b[0m \x1b[33m\u2502\x1b[0m             use_sub_dependant = \x1b[1m<\x1b[0m\x1b[1;95mfastapi.dependencies.models.Dependant\x1b[0m\x1b[39m object at \x1b[0m            \x1b[33m\u2502\x1b[0m \x1b[31m\u2502\x1b[0m\n\x1b[31m\u2502\x1b[0m \x1b[33m\u2502\x1b[0m                                 \x1b[94m0x00000208CF229820\x1b[0m\x1b[1m>\x1b[0m                                          \x1b[33m\u2502\x1b[0m \x1b[31m\u2502\x1b[0m\n\x1b[31m\u2502\x1b[0m \x1b[33m\u2502\x1b[0m                        values = \x1b[1m{\x1b[0m\x1b[1m}\x1b[0m                                                           \x1b[33m\u2502\x1b[0m \x1b[31m\u2502\x1b[0m\n\x1b[31m\u2502\x1b[0m \x1b[33m\u2514\u2500\u2500\u2500\u2500\u2500\u2500\u2500\u2500\u2500\u2500\u2500\u2500\u2500\u2500\u2500\u2500\u2500\u2500\u2500\u2500\u2500\u2500\u2500\u2500\u2500\u2500\u2500\u2500\u2500\u2500\u2500\u2500\u2500\u2500\u2500\u2500\u2500\u2500\u2500\u2500\u2500\u2500\u2500\u2500\u2500\u2500\u2500\u2500\u2500\u2500\u2500\u2500\u2500\u2500\u2500\u2500\u2500\u2500\u2500\u2500\u2500\u2500\u2500\u2500\u2500\u2500\u2500\u2500\u2500\u2500\u2500\u2500\u2500\u2500\u2500\u2500\u2500\u2500\u2500\u2500\u2500\u2500\u2500\u2500\u2500\u2500\u2500\u2500\u2500\u2500\u2500\u2500\u2500\u2500\u2518\x1b[0m \x1b[31m\u2502\x1b[0m\n\x1b[31m\u2502\x1b[0m                                                                                                  \x1b[31m\u2502\x1b[0m\n\x1b[31m\u2502\x1b[0m \x1b[33mC:\\Users\\realj\\Desktop\\api\\app\\middleware\\rate_limit.py\x1b[0m:\x1b[94m198\x1b[0m in \x1b[92mrate_limit_dependency\x1b[0m             \x1b[31m\u2502\x1b[0m\n\x1b[31m\u2502\x1b[0m                                                                                                  \x1b[31m\u2502\x1b[0m\n\x1b[31m\u2502\x1b[0m   \x1b[2m195 \x1b[0m\x1b[2m\u2502   \x1b[0mapi_key = Depends(get_current_api_key),                                                \x1b[31m\u2502\x1b[0m\n\x1b[31m\u2502\x1b[0m   \x1b[2m196 \x1b[0m) -> \x1b[94mNone\x1b[0m:                                                                                 \x1b[31m\u2502\x1b[0m\n\x1b[31m\u2502\x1b[0m   \x1b[2m197 \x1b[0m\x1b[2;90m\u2502   \x1b[0m\x1b[33m"""FastAPI dependency for rate limiting."""\x1b[0m                                            \x1b[31m\u2502\x1b[0m\n\x1b[31m\u2502\x1b[0m \x1b[31m> \x1b[0m198 \x1b[2m\u2502   \x1b[0mlimiter = \x1b[1;4mget_rate_limiter()\x1b[0m                                                           \x1b[31m\u2502\x1b[0m\n\x1b[31m\u2502\x1b[0m   \x1b[2m199 \x1b[0m\x1b[2m\u2502   \x1b[0m                                                                                       \x1b[31m\u2502\x1b[0m\n\x1b[31m\u2502\x1b[0m   \x1b[2m200 \x1b[0m\x1b[2m\u2502   \x1b[0m\x1b[2m# Use API key ID as rate limit identifier\x1b[0m                                              \x1b[31m\u2502\x1b[0m\n\x1b[31m\u2502\x1b[0m   \x1b[2m201 \x1b[0m\x1b[2m\u2502   \x1b[0midentifier = \x1b[33mf\x1b[0m\x1b[33m"\x1b[0m\x1b[33mapikey:\x1b[0m\x1b[33m{\x1b[0mapi_key.id\x1b[33m}\x1b[0m\x1b[33m"\x1b[0m                                                    \x1b[31m\u2502\x1b[0m\n\x1b[31m\u2502\x1b[0m                                                                                                  \x1b[31m\u2502\x1b[0m\n\x1b[31m\u2502\x1b[0m \x1b[33m\u250c\u2500\x1b[0m\x1b[33m\u2500\u2500\u2500\u2500\u2500\u2500\u2500\u2500\u2500\u2500\u2500\u2500\u2500\u2500\u2500\u2500\u2500\u2500\u2500\u2500\u2500\u2500\u2500\u2500\u2500\u2500\u2500\u2500\u2500\u2500\u2500\u2500\u2500\u2500\u2500\u2500\u2500\u2500\u2500\x1b[0m\x1b[33m locals \x1b[0m\x1b[33m\u2500\u2500\u2500\u2500\u2500\u2500\u2500\u2500\u2500\u2500\u2500\u2500\u2500\u2500\u2500\u2500\u2500\u2500\u2500\u2500\u2500\u2500\u2500\u2500\u2500\u2500\u2500\u2500\u2500\u2500\u2500\u2500\u2500\u2500\u2500\u2500\u2500\u2500\u2500\u2500\x1b[0m\x1b[33m\u2500\u2510\x1b[0m      \x1b[31m\u2502\x1b[0m\n\x1b[31m\u2502\x1b[0m \x1b[33m\u2502\x1b[0m api_key = \x1b[1m<\x1b[0m\x1b[1;35mAPIKey\x1b[0m\x1b[1;39m(\x1b[0m\x1b[33mid\x1b[0m\x1b[39m=\x1b[0m\x1b[93m3ede7c29\x1b[0m\x1b[93m-57d8-4f61-8e1e-952b1e4ae761\x1b[0m\x1b[39m, \x1b[0m\x1b[33mname\x1b[0m\x1b[39m=\x1b[0m\x1b[35mTest\x1b[0m\x1b[39m Key, \x1b[0m\x1b[33mactive\x1b[0m\x1b[39m=\x1b[0m\x1b[94mTrue\x1b[0m\x1b[1;39m)\x1b[0m\x1b[1m>\x1b[0m \x1b[33m\u2502\x1b[0m      \x1b[31m\u2502\x1b[0m\n\x1b[31m\u2502\x1b[0m \x1b[33m\u2502\x1b[0m request = \x1b[1m<\x1b[0m\x1b[1;95mstarlette.requests.Request\x1b[0m\x1b[39m object at \x1b[0m\x1b[94m0x00000208CF749D30\x1b[0m\x1b[1m>\x1b[0m                     \x1b[33m\u2502\x1b[0m      \x1b[31m\u2502\x1b[0m\n\x1b[31m\u2502\x1b[0m \x1b[33m\u2514\u2500\u2500\u2500\u2500\u2500\u2500\u2500\u2500\u2500\u2500\u2500\u2500\u2500\u2500\u2500\u2500\u2500\u2500\u2500\u2500\u2500\u2500\u2500\u2500\u2500\u2500\u2500\u2500\u2500\u2500\u2500\u2500\u2500\u2500\u2500\u2500\u2500\u2500\u2500\u2500\u2500\u2500\u2500\u2500\u2500\u2500\u2500\u2500\u2500\u2500\u2500\u2500\u2500\u2500\u2500\u2500\u2500\u2500\u2500\u2500\u2500\u2500\u2500\u2500\u2500\u2500\u2500\u2500\u2500\u2500\u2500\u2500\u2500\u2500\u2500\u2500\u2500\u2500\u2500\u2500\u2500\u2500\u2500\u2500\u2500\u2500\u2500\u2500\u2500\u2518\x1b[0m      \x1b[31m\u2502\x1b[0m\n\x1b[31m\u2502\x1b[0m                                                                                                  \x1b[31m\u2502\x1b[0m\n\x1b[31m\u2502\x1b[0m \x1b[33mC:\\Users\\realj\\Desktop\\api\\app\\middleware\\rate_limit.py\x1b[0m:\x1b[94m167\x1b[0m in \x1b[92mget_rate_limiter\x1b[0m                  \x1b[31m\u2502\x1b[0m\n\x1b[31m\u2502\x1b[0m                                                                                                  \x1b[31m\u2502\x1b[0m\n\x1b[31m\u2502\x1b[0m   \x1b[2m164 \x1b[0m\x1b[2;90m\u2502   \x1b[0m\x1b[33m"""Get global rate limiter instance."""\x1b[0m                                                \x1b[31m\u2502\x1b[0m\n\x1b[31m\u2502\x1b[0m   \x1b[2m165 \x1b[0m\x1b[2m\u2502   \x1b[0m\x1b[94mglobal\x1b[0m _rate_limiter                                                                   \x1b[31m\u2502\x1b[0m\n\x1b[31m\u2502\x1b[0m   \x1b[2m166 \x1b[0m\x1b[2m\u2502   \x1b[0m\x1b[94mif\x1b[0m _rate_limiter \x1b[95mis\x1b[0m \x1b[94mNone\x1b[0m:                                                              \x1b[31m\u2502\x1b[0m\n\x1b[31m\u2502\x1b[0m \x1b[31m> \x1b[0m167 \x1b[2m\u2502   \u2502   \x1b[0m\x1b[1;4;94mraise\x1b[0m\x1b[1;4m \x1b[0m\x1b[1;4;96mRuntimeError\x1b[0m\x1b[1;4m(\x1b[0m\x1b[1;4;33m"\x1b[0m\x1b[1;4;33mRate limiter not initialized\x1b[0m\x1b[1;4;33m"\x1b[0m\x1b[1;4m)\x1b[0m                                 \x1b[31m\u2502\x1b[0m\n\x1b[31m\u2502\x1b[0m   \x1b[2m168 \x1b[0m\x1b[2m\u2502   \x1b[0m\x1b[94mreturn\x1b[0m _rate_limiter                                                                   \x1b[31m\u2502\x1b[0m\n\x1b[31m\u2502\x1b[0m   \x1b[2m169 \x1b[0m                                                                                           \x1b[31m\u2502\x1b[0m\n\x1b[31m\u2502\x1b[0m   \x1b[2m170 \x1b[0m                                                                                           \x1b[31m\u2502\x1b[0m\n\x1b[31m\u2514\u2500\u2500\u2500\u2500\u2500\u2500\u2500\u2500\u2500\u2500\u2500\u2500\u2500\u2500\u2500\u2500\u2500\u2500\u2500\u2500\u2500\u2500\u2500\u2500\u2500\u2500\u2500\u2500\u2500\u2500\u2500\u2500\u2500\u2500\u2500\u2500\u2500\u2500\u2500\u2500\u2500\u2500\u2500\u2500\u2500\u2500\u2500\u2500\u2500\u2500\u2500\u2500\u2500\u2500\u2500\u2500\u2500\u2500\u2500\u2500\u2500\u2500\u2500\u2500\u2500\u2500\u2500\u2500\u2500\u2500\u2500\u2500\u2500\u2500\u2500\u2500\u2500\u2500\u2500\u2500\u2500\u2500\u2500\u2500\u2500\u2500\u2500\u2500\u2500\u2500\u2500\u2500\u2500\u2500\u2500\u2500\u2500\u2500\u2518\x1b[0m\n\x1b[1;91mRuntimeError: \x1b[0mRate limiter not initialized\n
============================== warnings summary ===============================
..\..\AppData\Local\Programs\Python\Python312\Lib\site-packages\opentelemetry\instrumentation\dependencies.py:4
  C:\Users\realj\AppData\Local\Programs\Python\Python312\Lib\site-packages\opentelemetry\instrumentation\dependencies.py:4: DeprecationWarning: pkg_resources is deprecated as an API. See https://setuptools.pypa.io/en/latest/pkg_resources.html
    from pkg_resources import (

..\..\AppData\Local\Programs\Python\Python312\Lib\site-packages\pytesseract\pytesseract.py:32
  C:\Users\realj\AppData\Local\Programs\Python\Python312\Lib\site-packages\pytesseract\pytesseract.py:32: DeprecationWarning: 'pkgutil.find_loader' is deprecated and slated for removal in Python 3.14; use importlib.util.find_spec() instead
    numpy_installed = find_loader('numpy') is not None

..\..\AppData\Local\Programs\Python\Python312\Lib\site-packages\pytesseract\pytesseract.py:36
  C:\Users\realj\AppData\Local\Programs\Python\Python312\Lib\site-packages\pytesseract\pytesseract.py:36: DeprecationWarning: 'pkgutil.find_loader' is deprecated and slated for removal in Python 3.14; use importlib.util.find_spec() instead
    pandas_installed = find_loader('pandas') is not None

tests/test_routes_upload.py::TestUploadRoutes::test_upload_valid_pdf
  C:\Users\realj\AppData\Local\Programs\Python\Python312\Lib\site-packages\pytest_asyncio\plugin.py:749: DeprecationWarning: The event_loop fixture provided by pytest-asyncio has been redefined in
  C:\Users\realj\Desktop\api\tests\conftest.py:33
  Replacing the event_loop fixture with a custom implementation is deprecated
  and will lead to errors in the future.
  If you want to request an asyncio event loop with a scope other than function
  scope, use the "scope" argument to the asyncio mark when marking the tests.
  If you want to return different types of event loops, use the event_loop_policy
  fixture.
  
    warnings.warn(

-- Docs: https://docs.pytest.org/en/stable/how-to/capture-warnings.html
=========================== short test summary info ===========================
FAILED tests/test_routes_upload.py::TestUploadRoutes::test_upload_valid_pdf
======================== 1 failed, 4 warnings in 3.88s ========================
